Archive member included to satisfy reference by file (symbol)

d:/stm32cubeide_1.4.0/stm32cubeide/plugins/com.st.stm32cube.ide.mcu.externaltools.gnu-tools-for-stm32.7-2018-q2-update.win32_1.4.0.202007081208/tools/bin/../lib/gcc/arm-none-eabi/7.3.1/../../../../arm-none-eabi/lib/thumb/v7-m\libc_nano.a(lib_a-errno.o)
                              Core/Src/syscalls.o (__errno)
d:/stm32cubeide_1.4.0/stm32cubeide/plugins/com.st.stm32cube.ide.mcu.externaltools.gnu-tools-for-stm32.7-2018-q2-update.win32_1.4.0.202007081208/tools/bin/../lib/gcc/arm-none-eabi/7.3.1/../../../../arm-none-eabi/lib/thumb/v7-m\libc_nano.a(lib_a-exit.o)
                              d:/stm32cubeide_1.4.0/stm32cubeide/plugins/com.st.stm32cube.ide.mcu.externaltools.gnu-tools-for-stm32.7-2018-q2-update.win32_1.4.0.202007081208/tools/bin/../lib/gcc/arm-none-eabi/7.3.1/../../../../arm-none-eabi/lib/thumb/v7-m/crt0.o (exit)
d:/stm32cubeide_1.4.0/stm32cubeide/plugins/com.st.stm32cube.ide.mcu.externaltools.gnu-tools-for-stm32.7-2018-q2-update.win32_1.4.0.202007081208/tools/bin/../lib/gcc/arm-none-eabi/7.3.1/../../../../arm-none-eabi/lib/thumb/v7-m\libc_nano.a(lib_a-impure.o)
                              d:/stm32cubeide_1.4.0/stm32cubeide/plugins/com.st.stm32cube.ide.mcu.externaltools.gnu-tools-for-stm32.7-2018-q2-update.win32_1.4.0.202007081208/tools/bin/../lib/gcc/arm-none-eabi/7.3.1/../../../../arm-none-eabi/lib/thumb/v7-m\libc_nano.a(lib_a-exit.o) (_global_impure_ptr)
d:/stm32cubeide_1.4.0/stm32cubeide/plugins/com.st.stm32cube.ide.mcu.externaltools.gnu-tools-for-stm32.7-2018-q2-update.win32_1.4.0.202007081208/tools/bin/../lib/gcc/arm-none-eabi/7.3.1/../../../../arm-none-eabi/lib/thumb/v7-m\libc_nano.a(lib_a-init.o)
                              d:/stm32cubeide_1.4.0/stm32cubeide/plugins/com.st.stm32cube.ide.mcu.externaltools.gnu-tools-for-stm32.7-2018-q2-update.win32_1.4.0.202007081208/tools/bin/../lib/gcc/arm-none-eabi/7.3.1/../../../../arm-none-eabi/lib/thumb/v7-m/crt0.o (__libc_init_array)
d:/stm32cubeide_1.4.0/stm32cubeide/plugins/com.st.stm32cube.ide.mcu.externaltools.gnu-tools-for-stm32.7-2018-q2-update.win32_1.4.0.202007081208/tools/bin/../lib/gcc/arm-none-eabi/7.3.1/../../../../arm-none-eabi/lib/thumb/v7-m\libc_nano.a(lib_a-memset.o)
                              d:/stm32cubeide_1.4.0/stm32cubeide/plugins/com.st.stm32cube.ide.mcu.externaltools.gnu-tools-for-stm32.7-2018-q2-update.win32_1.4.0.202007081208/tools/bin/../lib/gcc/arm-none-eabi/7.3.1/../../../../arm-none-eabi/lib/thumb/v7-m/crt0.o (memset)
d:/stm32cubeide_1.4.0/stm32cubeide/plugins/com.st.stm32cube.ide.mcu.externaltools.gnu-tools-for-stm32.7-2018-q2-update.win32_1.4.0.202007081208/tools/bin/../lib/gcc/arm-none-eabi/7.3.1/thumb/v7-m\libgcc.a(_aeabi_ldivmod.o)
                              Core/Src/bmp280.o (__aeabi_ldivmod)
d:/stm32cubeide_1.4.0/stm32cubeide/plugins/com.st.stm32cube.ide.mcu.externaltools.gnu-tools-for-stm32.7-2018-q2-update.win32_1.4.0.202007081208/tools/bin/../lib/gcc/arm-none-eabi/7.3.1/thumb/v7-m\libgcc.a(_udivmoddi4.o)
                              d:/stm32cubeide_1.4.0/stm32cubeide/plugins/com.st.stm32cube.ide.mcu.externaltools.gnu-tools-for-stm32.7-2018-q2-update.win32_1.4.0.202007081208/tools/bin/../lib/gcc/arm-none-eabi/7.3.1/thumb/v7-m\libgcc.a(_aeabi_ldivmod.o) (__udivmoddi4)
d:/stm32cubeide_1.4.0/stm32cubeide/plugins/com.st.stm32cube.ide.mcu.externaltools.gnu-tools-for-stm32.7-2018-q2-update.win32_1.4.0.202007081208/tools/bin/../lib/gcc/arm-none-eabi/7.3.1/thumb/v7-m\libgcc.a(_dvmd_tls.o)
                              d:/stm32cubeide_1.4.0/stm32cubeide/plugins/com.st.stm32cube.ide.mcu.externaltools.gnu-tools-for-stm32.7-2018-q2-update.win32_1.4.0.202007081208/tools/bin/../lib/gcc/arm-none-eabi/7.3.1/thumb/v7-m\libgcc.a(_aeabi_ldivmod.o) (__aeabi_ldiv0)

Allocating common symbols
Common symbol       size              file

dig_P7              0x2               Core/Src/bmp280.o
dig_T1              0x2               Core/Src/bmp280.o
hi2c2               0x54              Core/Src/main.o
dig_T2              0x2               Core/Src/bmp280.o
uwTick              0x4               Drivers/STM32F1xx_HAL_Driver/Src/stm32f1xx_hal.o
temperature         0x4               Core/Src/bmp280.o
pFlash              0x20              Drivers/STM32F1xx_HAL_Driver/Src/stm32f1xx_hal_flash.o
dig_P2              0x2               Core/Src/bmp280.o
dig_P4              0x2               Core/Src/bmp280.o
pressure            0x4               Core/Src/bmp280.o
dig_P5              0x2               Core/Src/bmp280.o
dig_P1              0x2               Core/Src/bmp280.o
dig_P3              0x2               Core/Src/bmp280.o
dig_P8              0x2               Core/Src/bmp280.o
dig_P9              0x2               Core/Src/bmp280.o
dig_T3              0x2               Core/Src/bmp280.o
dig_P6              0x2               Core/Src/bmp280.o
t_fine              0x4               Core/Src/bmp280.o

Discarded input sections

[...]
Memory Configuration

Name             Origin             Length             Attributes
RAM              0x0000000020000000 0x0000000000005000 xrw
FLASH            0x0000000008000000 0x0000000000010000 xr
*default*        0x0000000000000000 0xffffffffffffffff

Linker script and memory map

LOAD d:/stm32cubeide_1.4.0/stm32cubeide/plugins/com.st.stm32cube.ide.mcu.externaltools.gnu-tools-for-stm32.7-2018-q2-update.win32_1.4.0.202007081208/tools/bin/../lib/gcc/arm-none-eabi/7.3.1/thumb/v7-m/crti.o
LOAD d:/stm32cubeide_1.4.0/stm32cubeide/plugins/com.st.stm32cube.ide.mcu.externaltools.gnu-tools-for-stm32.7-2018-q2-update.win32_1.4.0.202007081208/tools/bin/../lib/gcc/arm-none-eabi/7.3.1/thumb/v7-m/crtbegin.o
LOAD d:/stm32cubeide_1.4.0/stm32cubeide/plugins/com.st.stm32cube.ide.mcu.externaltools.gnu-tools-for-stm32.7-2018-q2-update.win32_1.4.0.202007081208/tools/bin/../lib/gcc/arm-none-eabi/7.3.1/../../../../arm-none-eabi/lib/thumb/v7-m/crt0.o
LOAD Core/Src/bmp280.o
LOAD Core/Src/lcd1602.o
LOAD Core/Src/main.o
LOAD Core/Src/stm32f1xx_hal_msp.o
LOAD Core/Src/stm32f1xx_it.o
LOAD Core/Src/syscalls.o
LOAD Core/Src/sysmem.o
LOAD Core/Src/system_stm32f1xx.o
LOAD Core/Startup/startup_stm32f103c8tx.o
LOAD Drivers/STM32F1xx_HAL_Driver/Src/stm32f1xx_hal.o
LOAD Drivers/STM32F1xx_HAL_Driver/Src/stm32f1xx_hal_cortex.o
LOAD Drivers/STM32F1xx_HAL_Driver/Src/stm32f1xx_hal_dma.o
LOAD Drivers/STM32F1xx_HAL_Driver/Src/stm32f1xx_hal_exti.o
LOAD Drivers/STM32F1xx_HAL_Driver/Src/stm32f1xx_hal_flash.o
LOAD Drivers/STM32F1xx_HAL_Driver/Src/stm32f1xx_hal_flash_ex.o
LOAD Drivers/STM32F1xx_HAL_Driver/Src/stm32f1xx_hal_gpio.o
LOAD Drivers/STM32F1xx_HAL_Driver/Src/stm32f1xx_hal_gpio_ex.o
LOAD Drivers/STM32F1xx_HAL_Driver/Src/stm32f1xx_hal_i2c.o
LOAD Drivers/STM32F1xx_HAL_Driver/Src/stm32f1xx_hal_pwr.o
LOAD Drivers/STM32F1xx_HAL_Driver/Src/stm32f1xx_hal_rcc.o
LOAD Drivers/STM32F1xx_HAL_Driver/Src/stm32f1xx_hal_rcc_ex.o
LOAD Drivers/STM32F1xx_HAL_Driver/Src/stm32f1xx_hal_tim.o
LOAD Drivers/STM32F1xx_HAL_Driver/Src/stm32f1xx_hal_tim_ex.o
START GROUP
LOAD d:/stm32cubeide_1.4.0/stm32cubeide/plugins/com.st.stm32cube.ide.mcu.externaltools.gnu-tools-for-stm32.7-2018-q2-update.win32_1.4.0.202007081208/tools/bin/../lib/gcc/arm-none-eabi/7.3.1/../../../../arm-none-eabi/lib/thumb/v7-m\libc_nano.a
LOAD d:/stm32cubeide_1.4.0/stm32cubeide/plugins/com.st.stm32cube.ide.mcu.externaltools.gnu-tools-for-stm32.7-2018-q2-update.win32_1.4.0.202007081208/tools/bin/../lib/gcc/arm-none-eabi/7.3.1/../../../../arm-none-eabi/lib/thumb/v7-m\libm.a
END GROUP
START GROUP
LOAD d:/stm32cubeide_1.4.0/stm32cubeide/plugins/com.st.stm32cube.ide.mcu.externaltools.gnu-tools-for-stm32.7-2018-q2-update.win32_1.4.0.202007081208/tools/bin/../lib/gcc/arm-none-eabi/7.3.1/thumb/v7-m\libgcc.a
LOAD d:/stm32cubeide_1.4.0/stm32cubeide/plugins/com.st.stm32cube.ide.mcu.externaltools.gnu-tools-for-stm32.7-2018-q2-update.win32_1.4.0.202007081208/tools/bin/../lib/gcc/arm-none-eabi/7.3.1/../../../../arm-none-eabi/lib/thumb/v7-m\libc_nano.a
END GROUP
START GROUP
LOAD d:/stm32cubeide_1.4.0/stm32cubeide/plugins/com.st.stm32cube.ide.mcu.externaltools.gnu-tools-for-stm32.7-2018-q2-update.win32_1.4.0.202007081208/tools/bin/../lib/gcc/arm-none-eabi/7.3.1/thumb/v7-m\libgcc.a
LOAD d:/stm32cubeide_1.4.0/stm32cubeide/plugins/com.st.stm32cube.ide.mcu.externaltools.gnu-tools-for-stm32.7-2018-q2-update.win32_1.4.0.202007081208/tools/bin/../lib/gcc/arm-none-eabi/7.3.1/../../../../arm-none-eabi/lib/thumb/v7-m\libc_nano.a
LOAD d:/stm32cubeide_1.4.0/stm32cubeide/plugins/com.st.stm32cube.ide.mcu.externaltools.gnu-tools-for-stm32.7-2018-q2-update.win32_1.4.0.202007081208/tools/bin/../lib/gcc/arm-none-eabi/7.3.1/../../../../arm-none-eabi/lib/thumb/v7-m\libnosys.a
END GROUP
START GROUP
LOAD d:/stm32cubeide_1.4.0/stm32cubeide/plugins/com.st.stm32cube.ide.mcu.externaltools.gnu-tools-for-stm32.7-2018-q2-update.win32_1.4.0.202007081208/tools/bin/../lib/gcc/arm-none-eabi/7.3.1/thumb/v7-m\libgcc.a
LOAD d:/stm32cubeide_1.4.0/stm32cubeide/plugins/com.st.stm32cube.ide.mcu.externaltools.gnu-tools-for-stm32.7-2018-q2-update.win32_1.4.0.202007081208/tools/bin/../lib/gcc/arm-none-eabi/7.3.1/../../../../arm-none-eabi/lib/thumb/v7-m\libc_nano.a
LOAD d:/stm32cubeide_1.4.0/stm32cubeide/plugins/com.st.stm32cube.ide.mcu.externaltools.gnu-tools-for-stm32.7-2018-q2-update.win32_1.4.0.202007081208/tools/bin/../lib/gcc/arm-none-eabi/7.3.1/../../../../arm-none-eabi/lib/thumb/v7-m\libnosys.a
END GROUP
LOAD d:/stm32cubeide_1.4.0/stm32cubeide/plugins/com.st.stm32cube.ide.mcu.externaltools.gnu-tools-for-stm32.7-2018-q2-update.win32_1.4.0.202007081208/tools/bin/../lib/gcc/arm-none-eabi/7.3.1/thumb/v7-m/crtend.o
LOAD d:/stm32cubeide_1.4.0/stm32cubeide/plugins/com.st.stm32cube.ide.mcu.externaltools.gnu-tools-for-stm32.7-2018-q2-update.win32_1.4.0.202007081208/tools/bin/../lib/gcc/arm-none-eabi/7.3.1/thumb/v7-m/crtn.o
                0x0000000020005000                _estack = (ORIGIN (RAM) + LENGTH (RAM))
                0x0000000000000200                _Min_Heap_Size = 0x200
                0x0000000000000400                _Min_Stack_Size = 0x400

.isr_vector     0x0000000008000000      0x10c
                0x0000000008000000                . = ALIGN (0x4)
 *(.isr_vector)
 .isr_vector    0x0000000008000000      0x10c Core/Startup/startup_stm32f103c8tx.o
                0x0000000008000000                g_pfnVectors
                0x000000000800010c                . = ALIGN (0x4)

.text           0x000000000800010c     0x2c20
                0x000000000800010c                . = ALIGN (0x4)
 *(.text)
 .text          0x000000000800010c       0x40 d:/stm32cubeide_1.4.0/stm32cubeide/plugins/com.st.stm32cube.ide.mcu.externaltools.gnu-tools-for-stm32.7-2018-q2-update.win32_1.4.0.202007081208/tools/bin/../lib/gcc/arm-none-eabi/7.3.1/thumb/v7-m/crtbegin.o
 *(.text*)
 .text.BMP280_init
                0x000000000800014c       0x84 Core/Src/bmp280.o
                0x000000000800014c                BMP280_init
 .text.BMP280_temp_read
                0x00000000080001d0       0x5c Core/Src/bmp280.o
                0x00000000080001d0                BMP280_temp_read
 .text.getDig_T
                0x000000000800022c       0xf0 Core/Src/bmp280.o
                0x000000000800022c                getDig_T
 .text.bmp280_compensate_T_int32
                0x000000000800031c       0x80 Core/Src/bmp280.o
                0x000000000800031c                bmp280_compensate_T_int32
 .text.BMP280_press_read
                0x000000000800039c       0x5c Core/Src/bmp280.o
                0x000000000800039c                BMP280_press_read
 .text.getDig_P
                0x00000000080003f8      0x294 Core/Src/bmp280.o
                0x00000000080003f8                getDig_P
 .text.bmp280_compensate_P_int32
                0x000000000800068c      0x15c Core/Src/bmp280.o
                0x000000000800068c                bmp280_compensate_P_int32
 .text.lcd_write
                0x00000000080007e8       0xc8 Core/Src/lcd1602.o
                0x00000000080007e8                lcd_write
 .text.lcd_writeCom
                0x00000000080008b0       0x5c Core/Src/lcd1602.o
                0x00000000080008b0                lcd_writeCom
 .text.lcd_writeData
                0x000000000800090c       0x5c Core/Src/lcd1602.o
                0x000000000800090c                lcd_writeData
 .text.lcd_init
                0x0000000008000968       0x26 Core/Src/lcd1602.o
                0x0000000008000968                lcd_init
 *fill*         0x000000000800098e        0x2 
 .text.lcd_temp_show
                0x0000000008000990       0xb4 Core/Src/lcd1602.o
                0x0000000008000990                lcd_temp_show
 .text.lcd_press_show
                0x0000000008000a44      0x118 Core/Src/lcd1602.o
                0x0000000008000a44                lcd_press_show
 .text.main     0x0000000008000b5c       0x78 Core/Src/main.o
                0x0000000008000b5c                main
 .text.SystemClock_Config
                0x0000000008000bd4       0x8a Core/Src/main.o
                0x0000000008000bd4                SystemClock_Config
 *fill*         0x0000000008000c5e        0x2 
 .text.MX_I2C2_Init
                0x0000000008000c60       0x5c Core/Src/main.o
 .text.MX_GPIO_Init
                0x0000000008000cbc       0xc4 Core/Src/main.o
 .text.Error_Handler
                0x0000000008000d80        0xc Core/Src/main.o
                0x0000000008000d80                Error_Handler
 .text.HAL_MspInit
                0x0000000008000d8c       0x64 Core/Src/stm32f1xx_hal_msp.o
                0x0000000008000d8c                HAL_MspInit
 .text.HAL_I2C_MspInit
                0x0000000008000df0       0x80 Core/Src/stm32f1xx_hal_msp.o
                0x0000000008000df0                HAL_I2C_MspInit
 .text.NMI_Handler
                0x0000000008000e70        0xc Core/Src/stm32f1xx_it.o
                0x0000000008000e70                NMI_Handler
 .text.HardFault_Handler
                0x0000000008000e7c        0x6 Core/Src/stm32f1xx_it.o
                0x0000000008000e7c                HardFault_Handler
 .text.MemManage_Handler
                0x0000000008000e82        0x6 Core/Src/stm32f1xx_it.o
                0x0000000008000e82                MemManage_Handler
 .text.BusFault_Handler
                0x0000000008000e88        0x6 Core/Src/stm32f1xx_it.o
                0x0000000008000e88                BusFault_Handler
 .text.UsageFault_Handler
                0x0000000008000e8e        0x6 Core/Src/stm32f1xx_it.o
                0x0000000008000e8e                UsageFault_Handler
 .text.SVC_Handler
                0x0000000008000e94        0xc Core/Src/stm32f1xx_it.o
                0x0000000008000e94                SVC_Handler
 .text.DebugMon_Handler
                0x0000000008000ea0        0xc Core/Src/stm32f1xx_it.o
                0x0000000008000ea0                DebugMon_Handler
 .text.PendSV_Handler
                0x0000000008000eac        0xc Core/Src/stm32f1xx_it.o
                0x0000000008000eac                PendSV_Handler
 .text.SysTick_Handler
                0x0000000008000eb8        0xc Core/Src/stm32f1xx_it.o
                0x0000000008000eb8                SysTick_Handler
 .text.SystemInit
                0x0000000008000ec4        0xc Core/Src/system_stm32f1xx.o
                0x0000000008000ec4                SystemInit
 .text.Reset_Handler
                0x0000000008000ed0       0x48 Core/Startup/startup_stm32f103c8tx.o
                0x0000000008000ed0                Reset_Handler
 .text.Default_Handler
                0x0000000008000f18        0x2 Core/Startup/startup_stm32f103c8tx.o
                0x0000000008000f18                RTC_Alarm_IRQHandler
                0x0000000008000f18                EXTI2_IRQHandler
                0x0000000008000f18                TIM1_CC_IRQHandler
                0x0000000008000f18                PVD_IRQHandler
                0x0000000008000f18                EXTI3_IRQHandler
                0x0000000008000f18                EXTI0_IRQHandler
                0x0000000008000f18                I2C2_EV_IRQHandler
                0x0000000008000f18                ADC1_2_IRQHandler
                0x0000000008000f18                SPI1_IRQHandler
                0x0000000008000f18                TAMPER_IRQHandler
                0x0000000008000f18                DMA1_Channel4_IRQHandler
                0x0000000008000f18                USART3_IRQHandler
                0x0000000008000f18                RTC_IRQHandler
                0x0000000008000f18                DMA1_Channel7_IRQHandler
                0x0000000008000f18                CAN1_RX1_IRQHandler
                0x0000000008000f18                TIM4_IRQHandler
                0x0000000008000f18                I2C1_EV_IRQHandler
                0x0000000008000f18                DMA1_Channel6_IRQHandler
                0x0000000008000f18                TIM3_IRQHandler
                0x0000000008000f18                RCC_IRQHandler
                0x0000000008000f18                TIM1_TRG_COM_IRQHandler
                0x0000000008000f18                DMA1_Channel1_IRQHandler
                0x0000000008000f18                Default_Handler
                0x0000000008000f18                EXTI15_10_IRQHandler
                0x0000000008000f18                EXTI9_5_IRQHandler
                0x0000000008000f18                SPI2_IRQHandler
                0x0000000008000f18                DMA1_Channel5_IRQHandler
                0x0000000008000f18                EXTI4_IRQHandler
                0x0000000008000f18                USB_LP_CAN1_RX0_IRQHandler
                0x0000000008000f18                USB_HP_CAN1_TX_IRQHandler
                0x0000000008000f18                DMA1_Channel3_IRQHandler
                0x0000000008000f18                TIM1_UP_IRQHandler
                0x0000000008000f18                WWDG_IRQHandler
                0x0000000008000f18                TIM2_IRQHandler
                0x0000000008000f18                TIM1_BRK_IRQHandler
                0x0000000008000f18                EXTI1_IRQHandler
                0x0000000008000f18                USART2_IRQHandler
                0x0000000008000f18                I2C2_ER_IRQHandler
                0x0000000008000f18                DMA1_Channel2_IRQHandler
                0x0000000008000f18                CAN1_SCE_IRQHandler
                0x0000000008000f18                FLASH_IRQHandler
                0x0000000008000f18                USART1_IRQHandler
                0x0000000008000f18                I2C1_ER_IRQHandler
                0x0000000008000f18                USBWakeUp_IRQHandler
 *fill*         0x0000000008000f1a        0x2 
 .text.HAL_Init
                0x0000000008000f1c       0x2c Drivers/STM32F1xx_HAL_Driver/Src/stm32f1xx_hal.o
                0x0000000008000f1c                HAL_Init
 .text.HAL_InitTick
                0x0000000008000f48       0x60 Drivers/STM32F1xx_HAL_Driver/Src/stm32f1xx_hal.o
                0x0000000008000f48                HAL_InitTick
 .text.HAL_IncTick
                0x0000000008000fa8       0x24 Drivers/STM32F1xx_HAL_Driver/Src/stm32f1xx_hal.o
                0x0000000008000fa8                HAL_IncTick
 .text.HAL_GetTick
                0x0000000008000fcc       0x14 Drivers/STM32F1xx_HAL_Driver/Src/stm32f1xx_hal.o
                0x0000000008000fcc                HAL_GetTick
 .text.HAL_Delay
                0x0000000008000fe0       0x44 Drivers/STM32F1xx_HAL_Driver/Src/stm32f1xx_hal.o
                0x0000000008000fe0                HAL_Delay
 .text.__NVIC_SetPriorityGrouping
                0x0000000008001024       0x48 Drivers/STM32F1xx_HAL_Driver/Src/stm32f1xx_hal_cortex.o
 .text.__NVIC_GetPriorityGrouping
                0x000000000800106c       0x1c Drivers/STM32F1xx_HAL_Driver/Src/stm32f1xx_hal_cortex.o
 .text.__NVIC_SetPriority
                0x0000000008001088       0x54 Drivers/STM32F1xx_HAL_Driver/Src/stm32f1xx_hal_cortex.o
 .text.NVIC_EncodePriority
                0x00000000080010dc       0x64 Drivers/STM32F1xx_HAL_Driver/Src/stm32f1xx_hal_cortex.o
 .text.SysTick_Config
                0x0000000008001140       0x44 Drivers/STM32F1xx_HAL_Driver/Src/stm32f1xx_hal_cortex.o
 .text.HAL_NVIC_SetPriorityGrouping
                0x0000000008001184       0x16 Drivers/STM32F1xx_HAL_Driver/Src/stm32f1xx_hal_cortex.o
                0x0000000008001184                HAL_NVIC_SetPriorityGrouping
 .text.HAL_NVIC_SetPriority
                0x000000000800119a       0x38 Drivers/STM32F1xx_HAL_Driver/Src/stm32f1xx_hal_cortex.o
                0x000000000800119a                HAL_NVIC_SetPriority
 .text.HAL_SYSTICK_Config
                0x00000000080011d2       0x18 Drivers/STM32F1xx_HAL_Driver/Src/stm32f1xx_hal_cortex.o
                0x00000000080011d2                HAL_SYSTICK_Config
 *fill*         0x00000000080011ea        0x2 
 .text.HAL_GPIO_Init
                0x00000000080011ec      0x2b4 Drivers/STM32F1xx_HAL_Driver/Src/stm32f1xx_hal_gpio.o
                0x00000000080011ec                HAL_GPIO_Init
 .text.HAL_GPIO_WritePin
                0x00000000080014a0       0x30 Drivers/STM32F1xx_HAL_Driver/Src/stm32f1xx_hal_gpio.o
                0x00000000080014a0                HAL_GPIO_WritePin
 .text.HAL_I2C_Init
                0x00000000080014d0      0x270 Drivers/STM32F1xx_HAL_Driver/Src/stm32f1xx_hal_i2c.o
                0x00000000080014d0                HAL_I2C_Init
 .text.HAL_I2C_Mem_Write
                0x0000000008001740      0x1f4 Drivers/STM32F1xx_HAL_Driver/Src/stm32f1xx_hal_i2c.o
                0x0000000008001740                HAL_I2C_Mem_Write
 .text.HAL_I2C_Mem_Read
                0x0000000008001934      0x4c4 Drivers/STM32F1xx_HAL_Driver/Src/stm32f1xx_hal_i2c.o
                0x0000000008001934                HAL_I2C_Mem_Read
 .text.I2C_RequestMemoryWrite
                0x0000000008001df8      0x12c Drivers/STM32F1xx_HAL_Driver/Src/stm32f1xx_hal_i2c.o
 .text.I2C_RequestMemoryRead
                0x0000000008001f24      0x1d0 Drivers/STM32F1xx_HAL_Driver/Src/stm32f1xx_hal_i2c.o
 .text.I2C_WaitOnFlagUntilTimeout
                0x00000000080020f4       0xae Drivers/STM32F1xx_HAL_Driver/Src/stm32f1xx_hal_i2c.o
 .text.I2C_WaitOnMasterAddressFlagUntilTimeout
                0x00000000080021a2       0xfe Drivers/STM32F1xx_HAL_Driver/Src/stm32f1xx_hal_i2c.o
 .text.I2C_WaitOnTXEFlagUntilTimeout
                0x00000000080022a0       0x82 Drivers/STM32F1xx_HAL_Driver/Src/stm32f1xx_hal_i2c.o
 .text.I2C_WaitOnBTFFlagUntilTimeout
                0x0000000008002322       0x82 Drivers/STM32F1xx_HAL_Driver/Src/stm32f1xx_hal_i2c.o
 .text.I2C_WaitOnRXNEFlagUntilTimeout
                0x00000000080023a4       0xac Drivers/STM32F1xx_HAL_Driver/Src/stm32f1xx_hal_i2c.o
 .text.I2C_IsAcknowledgeFailed
                0x0000000008002450       0x5c Drivers/STM32F1xx_HAL_Driver/Src/stm32f1xx_hal_i2c.o
 .text.HAL_RCC_OscConfig
                0x00000000080024ac      0x500 Drivers/STM32F1xx_HAL_Driver/Src/stm32f1xx_hal_rcc.o
                0x00000000080024ac                HAL_RCC_OscConfig
 .text.HAL_RCC_ClockConfig
                0x00000000080029ac      0x1d4 Drivers/STM32F1xx_HAL_Driver/Src/stm32f1xx_hal_rcc.o
                0x00000000080029ac                HAL_RCC_ClockConfig
 .text.HAL_RCC_GetSysClockFreq
                0x0000000008002b80       0xc4 Drivers/STM32F1xx_HAL_Driver/Src/stm32f1xx_hal_rcc.o
                0x0000000008002b80                HAL_RCC_GetSysClockFreq
 .text.HAL_RCC_GetHCLKFreq
                0x0000000008002c44       0x14 Drivers/STM32F1xx_HAL_Driver/Src/stm32f1xx_hal_rcc.o
                0x0000000008002c44                HAL_RCC_GetHCLKFreq
 .text.HAL_RCC_GetPCLK1Freq
                0x0000000008002c58       0x28 Drivers/STM32F1xx_HAL_Driver/Src/stm32f1xx_hal_rcc.o
                0x0000000008002c58                HAL_RCC_GetPCLK1Freq
 .text.RCC_Delay
                0x0000000008002c80       0x3c Drivers/STM32F1xx_HAL_Driver/Src/stm32f1xx_hal_rcc.o
 .text.__libc_init_array
                0x0000000008002cbc       0x48 d:/stm32cubeide_1.4.0/stm32cubeide/plugins/com.st.stm32cube.ide.mcu.externaltools.gnu-tools-for-stm32.7-2018-q2-update.win32_1.4.0.202007081208/tools/bin/../lib/gcc/arm-none-eabi/7.3.1/../../../../arm-none-eabi/lib/thumb/v7-m\libc_nano.a(lib_a-init.o)
                0x0000000008002cbc                __libc_init_array
 .text.memset   0x0000000008002d04       0x10 d:/stm32cubeide_1.4.0/stm32cubeide/plugins/com.st.stm32cube.ide.mcu.externaltools.gnu-tools-for-stm32.7-2018-q2-update.win32_1.4.0.202007081208/tools/bin/../lib/gcc/arm-none-eabi/7.3.1/../../../../arm-none-eabi/lib/thumb/v7-m\libc_nano.a(lib_a-memset.o)
                0x0000000008002d04                memset
 *(.glue_7)
 .glue_7        0x0000000008002d14        0x0 linker stubs
 *(.glue_7t)
 .glue_7t       0x0000000008002d14        0x0 linker stubs
 *(.eh_frame)
 .eh_frame      0x0000000008002d14        0x0 d:/stm32cubeide_1.4.0/stm32cubeide/plugins/com.st.stm32cube.ide.mcu.externaltools.gnu-tools-for-stm32.7-2018-q2-update.win32_1.4.0.202007081208/tools/bin/../lib/gcc/arm-none-eabi/7.3.1/thumb/v7-m/crtbegin.o
 *(.init)
 .init          0x0000000008002d14        0x4 d:/stm32cubeide_1.4.0/stm32cubeide/plugins/com.st.stm32cube.ide.mcu.externaltools.gnu-tools-for-stm32.7-2018-q2-update.win32_1.4.0.202007081208/tools/bin/../lib/gcc/arm-none-eabi/7.3.1/thumb/v7-m/crti.o
                0x0000000008002d14                _init
 .init          0x0000000008002d18        0x8 d:/stm32cubeide_1.4.0/stm32cubeide/plugins/com.st.stm32cube.ide.mcu.externaltools.gnu-tools-for-stm32.7-2018-q2-update.win32_1.4.0.202007081208/tools/bin/../lib/gcc/arm-none-eabi/7.3.1/thumb/v7-m/crtn.o
 *(.fini)
 .fini          0x0000000008002d20        0x4 d:/stm32cubeide_1.4.0/stm32cubeide/plugins/com.st.stm32cube.ide.mcu.externaltools.gnu-tools-for-stm32.7-2018-q2-update.win32_1.4.0.202007081208/tools/bin/../lib/gcc/arm-none-eabi/7.3.1/thumb/v7-m/crti.o
                0x0000000008002d20                _fini
 .fini          0x0000000008002d24        0x8 d:/stm32cubeide_1.4.0/stm32cubeide/plugins/com.st.stm32cube.ide.mcu.externaltools.gnu-tools-for-stm32.7-2018-q2-update.win32_1.4.0.202007081208/tools/bin/../lib/gcc/arm-none-eabi/7.3.1/thumb/v7-m/crtn.o
                0x0000000008002d2c                . = ALIGN (0x4)
                0x0000000008002d2c                _etext = .

.vfp11_veneer   0x0000000008002d2c        0x0
 .vfp11_veneer  0x0000000008002d2c        0x0 linker stubs

.v4_bx          0x0000000008002d2c        0x0
 .v4_bx         0x0000000008002d2c        0x0 linker stubs

.iplt           0x0000000008002d2c        0x0
 .iplt          0x0000000008002d2c        0x0 d:/stm32cubeide_1.4.0/stm32cubeide/plugins/com.st.stm32cube.ide.mcu.externaltools.gnu-tools-for-stm32.7-2018-q2-update.win32_1.4.0.202007081208/tools/bin/../lib/gcc/arm-none-eabi/7.3.1/thumb/v7-m/crtbegin.o

.rodata         0x0000000008002d2c       0x34
                0x0000000008002d2c                . = ALIGN (0x4)
 *(.rodata)
 .rodata        0x0000000008002d2c        0x6 Core/Src/main.o
 *fill*         0x0000000008002d32        0x2 
 .rodata        0x0000000008002d34       0x12 Drivers/STM32F1xx_HAL_Driver/Src/stm32f1xx_hal_rcc.o
 *(.rodata*)
 *fill*         0x0000000008002d46        0x2 
 .rodata.AHBPrescTable
                0x0000000008002d48       0x10 Core/Src/system_stm32f1xx.o
                0x0000000008002d48                AHBPrescTable
 .rodata.APBPrescTable
                0x0000000008002d58        0x8 Core/Src/system_stm32f1xx.o
                0x0000000008002d58                APBPrescTable
                0x0000000008002d60                . = ALIGN (0x4)

.rel.dyn        0x0000000008002d60        0x0
 .rel.iplt      0x0000000008002d60        0x0 d:/stm32cubeide_1.4.0/stm32cubeide/plugins/com.st.stm32cube.ide.mcu.externaltools.gnu-tools-for-stm32.7-2018-q2-update.win32_1.4.0.202007081208/tools/bin/../lib/gcc/arm-none-eabi/7.3.1/thumb/v7-m/crtbegin.o

.ARM.extab      0x0000000008002d60        0x0
                0x0000000008002d60                . = ALIGN (0x4)
 *(.ARM.extab* .gnu.linkonce.armextab.*)
                0x0000000008002d60                . = ALIGN (0x4)

.ARM            0x0000000008002d60        0x0
                0x0000000008002d60                . = ALIGN (0x4)
                0x0000000008002d60                __exidx_start = .
 *(.ARM.exidx*)
                0x0000000008002d60                __exidx_end = .
                0x0000000008002d60                . = ALIGN (0x4)

.preinit_array  0x0000000008002d60        0x0
                0x0000000008002d60                . = ALIGN (0x4)
                0x0000000008002d60                PROVIDE (__preinit_array_start = .)
 *(.preinit_array*)
                0x0000000008002d60                PROVIDE (__preinit_array_end = .)
                0x0000000008002d60                . = ALIGN (0x4)

.init_array     0x0000000008002d60        0x4
                0x0000000008002d60                . = ALIGN (0x4)
                0x0000000008002d60                PROVIDE (__init_array_start = .)
 *(SORT_BY_NAME(.init_array.*))
 *(.init_array*)
 .init_array    0x0000000008002d60        0x4 d:/stm32cubeide_1.4.0/stm32cubeide/plugins/com.st.stm32cube.ide.mcu.externaltools.gnu-tools-for-stm32.7-2018-q2-update.win32_1.4.0.202007081208/tools/bin/../lib/gcc/arm-none-eabi/7.3.1/thumb/v7-m/crtbegin.o
                0x0000000008002d64                PROVIDE (__init_array_end = .)
                0x0000000008002d64                . = ALIGN (0x4)

.fini_array     0x0000000008002d64        0x4
                0x0000000008002d64                . = ALIGN (0x4)
                [!provide]                        PROVIDE (__fini_array_start = .)
 *(SORT_BY_NAME(.fini_array.*))
 *(.fini_array*)
 .fini_array    0x0000000008002d64        0x4 d:/stm32cubeide_1.4.0/stm32cubeide/plugins/com.st.stm32cube.ide.mcu.externaltools.gnu-tools-for-stm32.7-2018-q2-update.win32_1.4.0.202007081208/tools/bin/../lib/gcc/arm-none-eabi/7.3.1/thumb/v7-m/crtbegin.o
                [!provide]                        PROVIDE (__fini_array_end = .)
                0x0000000008002d68                . = ALIGN (0x4)
                0x0000000008002d68                _sidata = LOADADDR (.data)

.data           0x0000000020000000        0xc load address 0x0000000008002d68
                0x0000000020000000                . = ALIGN (0x4)
                0x0000000020000000                _sdata = .
 *(.data)
 *(.data*)
 .data.SystemCoreClock
                0x0000000020000000        0x4 Core/Src/system_stm32f1xx.o
                0x0000000020000000                SystemCoreClock
 .data.uwTickPrio
                0x0000000020000004        0x4 Drivers/STM32F1xx_HAL_Driver/Src/stm32f1xx_hal.o
                0x0000000020000004                uwTickPrio
 .data.uwTickFreq
                0x0000000020000008        0x1 Drivers/STM32F1xx_HAL_Driver/Src/stm32f1xx_hal.o
                0x0000000020000008                uwTickFreq
                0x000000002000000c                . = ALIGN (0x4)
 *fill*         0x0000000020000009        0x3 
                0x000000002000000c                _edata = .

.igot.plt       0x000000002000000c        0x0 load address 0x0000000008002d74
 .igot.plt      0x000000002000000c        0x0 d:/stm32cubeide_1.4.0/stm32cubeide/plugins/com.st.stm32cube.ide.mcu.externaltools.gnu-tools-for-stm32.7-2018-q2-update.win32_1.4.0.202007081208/tools/bin/../lib/gcc/arm-none-eabi/7.3.1/thumb/v7-m/crtbegin.o
                0x000000002000000c                . = ALIGN (0x4)

.bss            0x000000002000000c       0x9c load address 0x0000000008002d74
                0x000000002000000c                _sbss = .
                0x000000002000000c                __bss_start__ = _sbss
 *(.bss)
 .bss           0x000000002000000c       0x1c d:/stm32cubeide_1.4.0/stm32cubeide/plugins/com.st.stm32cube.ide.mcu.externaltools.gnu-tools-for-stm32.7-2018-q2-update.win32_1.4.0.202007081208/tools/bin/../lib/gcc/arm-none-eabi/7.3.1/thumb/v7-m/crtbegin.o
 *(.bss*)
 *(COMMON)
 COMMON         0x0000000020000028       0x28 Core/Src/bmp280.o
                0x0000000020000028                dig_P7
                0x000000002000002a                dig_T1
                0x000000002000002c                dig_T2
                0x0000000020000030                temperature
                0x0000000020000034                dig_P2
                0x0000000020000036                dig_P4
                0x0000000020000038                pressure
                0x000000002000003c                dig_P5
                0x000000002000003e                dig_P1
                0x0000000020000040                dig_P3
                0x0000000020000042                dig_P8
                0x0000000020000044                dig_P9
                0x0000000020000046                dig_T3
                0x0000000020000048                dig_P6
                0x000000002000004c                t_fine
 COMMON         0x0000000020000050       0x54 Core/Src/main.o
                0x0000000020000050                hi2c2
 COMMON         0x00000000200000a4        0x4 Drivers/STM32F1xx_HAL_Driver/Src/stm32f1xx_hal.o
                0x00000000200000a4                uwTick
                0x00000000200000a8                . = ALIGN (0x4)
                0x00000000200000a8                _ebss = .
                0x00000000200000a8                __bss_end__ = _ebss

._user_heap_stack
                0x00000000200000a8      0x600 load address 0x0000000008002d74
                0x00000000200000a8                . = ALIGN (0x8)
                [!provide]                        PROVIDE (end = .)
                0x00000000200000a8                PROVIDE (_end = .)
                0x00000000200002a8                . = (. + _Min_Heap_Size)
 *fill*         0x00000000200000a8      0x200 
                0x00000000200006a8                . = (. + _Min_Stack_Size)
 *fill*         0x00000000200002a8      0x400 
                0x00000000200006a8                . = ALIGN (0x8)

/DISCARD/
 libc.a(*)
 libm.a(*)
 libgcc.a(*)

.ARM.attributes
                0x0000000000000000       0x29
 *(.ARM.attributes)
 .ARM.attributes
                0x0000000000000000       0x1d d:/stm32cubeide_1.4.0/stm32cubeide/plugins/com.st.stm32cube.ide.mcu.externaltools.gnu-tools-for-stm32.7-2018-q2-update.win32_1.4.0.202007081208/tools/bin/../lib/gcc/arm-none-eabi/7.3.1/thumb/v7-m/crti.o
 .ARM.attributes
                0x000000000000001d       0x2d d:/stm32cubeide_1.4.0/stm32cubeide/plugins/com.st.stm32cube.ide.mcu.externaltools.gnu-tools-for-stm32.7-2018-q2-update.win32_1.4.0.202007081208/tools/bin/../lib/gcc/arm-none-eabi/7.3.1/thumb/v7-m/crtbegin.o
 .ARM.attributes
                0x000000000000004a       0x33 Core/Src/bmp280.o
 .ARM.attributes
                0x000000000000007d       0x33 Core/Src/lcd1602.o
 .ARM.attributes
                0x00000000000000b0       0x33 Core/Src/main.o
 .ARM.attributes
                0x00000000000000e3       0x33 Core/Src/stm32f1xx_hal_msp.o
 .ARM.attributes
                0x0000000000000116       0x33 Core/Src/stm32f1xx_it.o
 .ARM.attributes
                0x0000000000000149       0x33 Core/Src/system_stm32f1xx.o
 .ARM.attributes
                0x000000000000017c       0x21 Core/Startup/startup_stm32f103c8tx.o
 .ARM.attributes
                0x000000000000019d       0x33 Drivers/STM32F1xx_HAL_Driver/Src/stm32f1xx_hal.o
 .ARM.attributes
                0x00000000000001d0       0x33 Drivers/STM32F1xx_HAL_Driver/Src/stm32f1xx_hal_cortex.o
 .ARM.attributes
                0x0000000000000203       0x33 Drivers/STM32F1xx_HAL_Driver/Src/stm32f1xx_hal_gpio.o
 .ARM.attributes
                0x0000000000000236       0x33 Drivers/STM32F1xx_HAL_Driver/Src/stm32f1xx_hal_i2c.o
 .ARM.attributes
                0x0000000000000269       0x33 Drivers/STM32F1xx_HAL_Driver/Src/stm32f1xx_hal_rcc.o
 .ARM.attributes
                0x000000000000029c       0x2d d:/stm32cubeide_1.4.0/stm32cubeide/plugins/com.st.stm32cube.ide.mcu.externaltools.gnu-tools-for-stm32.7-2018-q2-update.win32_1.4.0.202007081208/tools/bin/../lib/gcc/arm-none-eabi/7.3.1/../../../../arm-none-eabi/lib/thumb/v7-m\libc_nano.a(lib_a-init.o)
 .ARM.attributes
                0x00000000000002c9       0x2d d:/stm32cubeide_1.4.0/stm32cubeide/plugins/com.st.stm32cube.ide.mcu.externaltools.gnu-tools-for-stm32.7-2018-q2-update.win32_1.4.0.202007081208/tools/bin/../lib/gcc/arm-none-eabi/7.3.1/../../../../arm-none-eabi/lib/thumb/v7-m\libc_nano.a(lib_a-memset.o)
 .ARM.attributes
                0x00000000000002f6       0x1d d:/stm32cubeide_1.4.0/stm32cubeide/plugins/com.st.stm32cube.ide.mcu.externaltools.gnu-tools-for-stm32.7-2018-q2-update.win32_1.4.0.202007081208/tools/bin/../lib/gcc/arm-none-eabi/7.3.1/thumb/v7-m/crtn.o
OUTPUT(Weather_I2C.elf elf32-littlearm)

.debug_info     0x0000000000000000     0xa273
 .debug_info    0x0000000000000000     0x1310 Core/Src/bmp280.o
 .debug_info    0x0000000000001310     0x108d Core/Src/lcd1602.o
 .debug_info    0x000000000000239d     0x1433 Core/Src/main.o
 .debug_info    0x00000000000037d0     0x11ca Core/Src/stm32f1xx_hal_msp.o
 .debug_info    0x000000000000499a      0xfb9 Core/Src/stm32f1xx_it.o
 .debug_info    0x0000000000005953      0x29a Core/Src/system_stm32f1xx.o
 .debug_info    0x0000000000005bed       0x22 Core/Startup/startup_stm32f103c8tx.o
 .debug_info    0x0000000000005c0f      0x714 Drivers/STM32F1xx_HAL_Driver/Src/stm32f1xx_hal.o
 .debug_info    0x0000000000006323      0xb51 Drivers/STM32F1xx_HAL_Driver/Src/stm32f1xx_hal_cortex.o
 .debug_info    0x0000000000006e74      0x69b Drivers/STM32F1xx_HAL_Driver/Src/stm32f1xx_hal_gpio.o
 .debug_info    0x000000000000750f     0x2555 Drivers/STM32F1xx_HAL_Driver/Src/stm32f1xx_hal_i2c.o
 .debug_info    0x0000000000009a64      0x80f Drivers/STM32F1xx_HAL_Driver/Src/stm32f1xx_hal_rcc.o

.debug_abbrev   0x0000000000000000     0x1681
 .debug_abbrev  0x0000000000000000      0x232 Core/Src/bmp280.o
 .debug_abbrev  0x0000000000000232      0x203 Core/Src/lcd1602.o
 .debug_abbrev  0x0000000000000435      0x245 Core/Src/main.o
 .debug_abbrev  0x000000000000067a      0x1ff Core/Src/stm32f1xx_hal_msp.o
 .debug_abbrev  0x0000000000000879      0x1cb Core/Src/stm32f1xx_it.o
 .debug_abbrev  0x0000000000000a44      0x134 Core/Src/system_stm32f1xx.o
 .debug_abbrev  0x0000000000000b78       0x12 Core/Startup/startup_stm32f103c8tx.o
 .debug_abbrev  0x0000000000000b8a      0x1c7 Drivers/STM32F1xx_HAL_Driver/Src/stm32f1xx_hal.o
 .debug_abbrev  0x0000000000000d51      0x2d5 Drivers/STM32F1xx_HAL_Driver/Src/stm32f1xx_hal_cortex.o
 .debug_abbrev  0x0000000000001026      0x1c0 Drivers/STM32F1xx_HAL_Driver/Src/stm32f1xx_hal_gpio.o
 .debug_abbrev  0x00000000000011e6      0x258 Drivers/STM32F1xx_HAL_Driver/Src/stm32f1xx_hal_i2c.o
 .debug_abbrev  0x000000000000143e      0x243 Drivers/STM32F1xx_HAL_Driver/Src/stm32f1xx_hal_rcc.o

.debug_aranges  0x0000000000000000      0x728
 .debug_aranges
                0x0000000000000000       0x58 Core/Src/bmp280.o
 .debug_aranges
                0x0000000000000058       0x48 Core/Src/lcd1602.o
 .debug_aranges
                0x00000000000000a0       0x40 Core/Src/main.o
 .debug_aranges
                0x00000000000000e0       0x30 Core/Src/stm32f1xx_hal_msp.o
 .debug_aranges
                0x0000000000000110       0x60 Core/Src/stm32f1xx_it.o
 .debug_aranges
                0x0000000000000170       0x28 Core/Src/system_stm32f1xx.o
 .debug_aranges
                0x0000000000000198       0x28 Core/Startup/startup_stm32f103c8tx.o
 .debug_aranges
                0x00000000000001c0       0xe0 Drivers/STM32F1xx_HAL_Driver/Src/stm32f1xx_hal.o
 .debug_aranges
                0x00000000000002a0      0x100 Drivers/STM32F1xx_HAL_Driver/Src/stm32f1xx_hal_cortex.o
 .debug_aranges
                0x00000000000003a0       0x58 Drivers/STM32F1xx_HAL_Driver/Src/stm32f1xx_hal_gpio.o
 .debug_aranges
                0x00000000000003f8      0x2a0 Drivers/STM32F1xx_HAL_Driver/Src/stm32f1xx_hal_i2c.o
 .debug_aranges
                0x0000000000000698       0x90 Drivers/STM32F1xx_HAL_Driver/Src/stm32f1xx_hal_rcc.o

.debug_ranges   0x0000000000000000      0x698
 .debug_ranges  0x0000000000000000       0x48 Core/Src/bmp280.o
 .debug_ranges  0x0000000000000048       0x38 Core/Src/lcd1602.o
 .debug_ranges  0x0000000000000080       0x30 Core/Src/main.o
 .debug_ranges  0x00000000000000b0       0x20 Core/Src/stm32f1xx_hal_msp.o
 .debug_ranges  0x00000000000000d0       0x50 Core/Src/stm32f1xx_it.o
 .debug_ranges  0x0000000000000120       0x18 Core/Src/system_stm32f1xx.o
 .debug_ranges  0x0000000000000138       0x20 Core/Startup/startup_stm32f103c8tx.o
 .debug_ranges  0x0000000000000158       0xd0 Drivers/STM32F1xx_HAL_Driver/Src/stm32f1xx_hal.o
 .debug_ranges  0x0000000000000228       0xf0 Drivers/STM32F1xx_HAL_Driver/Src/stm32f1xx_hal_cortex.o
 .debug_ranges  0x0000000000000318       0x48 Drivers/STM32F1xx_HAL_Driver/Src/stm32f1xx_hal_gpio.o
 .debug_ranges  0x0000000000000360      0x2b8 Drivers/STM32F1xx_HAL_Driver/Src/stm32f1xx_hal_i2c.o
 .debug_ranges  0x0000000000000618       0x80 Drivers/STM32F1xx_HAL_Driver/Src/stm32f1xx_hal_rcc.o

.debug_macro    0x0000000000000000    0x16dee
 .debug_macro   0x0000000000000000      0x27f Core/Src/bmp280.o
 .debug_macro   0x000000000000027f      0xa5a Core/Src/bmp280.o
 .debug_macro   0x0000000000000cd9      0x215 Core/Src/bmp280.o
 .debug_macro   0x0000000000000eee       0x2e Core/Src/bmp280.o
 .debug_macro   0x0000000000000f1c       0x22 Core/Src/bmp280.o
 .debug_macro   0x0000000000000f3e       0x22 Core/Src/bmp280.o
 .debug_macro   0x0000000000000f60       0x8e Core/Src/bmp280.o
 .debug_macro   0x0000000000000fee       0x51 Core/Src/bmp280.o
 .debug_macro   0x000000000000103f       0xef Core/Src/bmp280.o
 .debug_macro   0x000000000000112e       0x6a Core/Src/bmp280.o
 .debug_macro   0x0000000000001198      0x1df Core/Src/bmp280.o
 .debug_macro   0x0000000000001377       0x1c Core/Src/bmp280.o
 .debug_macro   0x0000000000001393       0x22 Core/Src/bmp280.o
 .debug_macro   0x00000000000013b5       0xc3 Core/Src/bmp280.o
 .debug_macro   0x0000000000001478      0xd23 Core/Src/bmp280.o
 .debug_macro   0x000000000000219b     0xe097 Core/Src/bmp280.o
 .debug_macro   0x0000000000010232       0x43 Core/Src/bmp280.o
 .debug_macro   0x0000000000010275     0x3468 Core/Src/bmp280.o
 .debug_macro   0x00000000000136dd      0x174 Core/Src/bmp280.o
 .debug_macro   0x0000000000013851       0x5c Core/Src/bmp280.o
 .debug_macro   0x00000000000138ad      0x5be Core/Src/bmp280.o
 .debug_macro   0x0000000000013e6b      0x289 Core/Src/bmp280.o
 .debug_macro   0x00000000000140f4      0x1cb Core/Src/bmp280.o
 .debug_macro   0x00000000000142bf      0x114 Core/Src/bmp280.o
 .debug_macro   0x00000000000143d3      0x1b2 Core/Src/bmp280.o
 .debug_macro   0x0000000000014585       0x27 Core/Src/bmp280.o
 .debug_macro   0x00000000000145ac      0x136 Core/Src/bmp280.o
 .debug_macro   0x00000000000146e2      0x1bc Core/Src/bmp280.o
 .debug_macro   0x000000000001489e       0x34 Core/Src/bmp280.o
 .debug_macro   0x00000000000148d2       0x3c Core/Src/bmp280.o
 .debug_macro   0x000000000001490e       0x57 Core/Src/bmp280.o
 .debug_macro   0x0000000000014965       0x88 Core/Src/bmp280.o
 .debug_macro   0x00000000000149ed      0x241 Core/Src/bmp280.o
 .debug_macro   0x0000000000014c2e      0x287 Core/Src/bmp280.o
 .debug_macro   0x0000000000014eb5      0x141 Core/Src/bmp280.o
 .debug_macro   0x0000000000014ff6       0x83 Core/Src/bmp280.o
 .debug_macro   0x0000000000015079       0x46 Core/Src/bmp280.o
 .debug_macro   0x00000000000150bf       0x18 Core/Src/bmp280.o
 .debug_macro   0x00000000000150d7       0x3c Core/Src/bmp280.o
 .debug_macro   0x0000000000015113       0x34 Core/Src/bmp280.o
 .debug_macro   0x0000000000015147       0x52 Core/Src/bmp280.o
 .debug_macro   0x0000000000015199       0x1f Core/Src/bmp280.o
 .debug_macro   0x00000000000151b8       0x43 Core/Src/bmp280.o
 .debug_macro   0x00000000000151fb       0x20 Core/Src/bmp280.o
 .debug_macro   0x000000000001521b      0x1a3 Core/Src/bmp280.o
 .debug_macro   0x00000000000153be      0x32a Core/Src/bmp280.o
 .debug_macro   0x00000000000156e8       0x10 Core/Src/bmp280.o
 .debug_macro   0x00000000000156f8       0x35 Core/Src/bmp280.o
 .debug_macro   0x000000000001572d       0x20 Core/Src/bmp280.o
 .debug_macro   0x000000000001574d       0x88 Core/Src/bmp280.o
 .debug_macro   0x00000000000157d5       0xe2 Core/Src/bmp280.o
 .debug_macro   0x00000000000158b7      0x288 Core/Src/lcd1602.o
 .debug_macro   0x0000000000015b3f       0x22 Core/Src/lcd1602.o
 .debug_macro   0x0000000000015b61      0x275 Core/Src/main.o
 .debug_macro   0x0000000000015dd6       0xe8 Core/Src/main.o
 .debug_macro   0x0000000000015ebe      0x275 Core/Src/stm32f1xx_hal_msp.o
 .debug_macro   0x0000000000016133      0x27f Core/Src/stm32f1xx_it.o
 .debug_macro   0x00000000000163b2      0x18e Core/Src/system_stm32f1xx.o
 .debug_macro   0x0000000000016540      0x1b2 Drivers/STM32F1xx_HAL_Driver/Src/stm32f1xx_hal.o
 .debug_macro   0x00000000000166f2      0x18e Drivers/STM32F1xx_HAL_Driver/Src/stm32f1xx_hal_cortex.o
 .debug_macro   0x0000000000016880      0x1f9 Drivers/STM32F1xx_HAL_Driver/Src/stm32f1xx_hal_gpio.o
 .debug_macro   0x0000000000016a79      0x1d5 Drivers/STM32F1xx_HAL_Driver/Src/stm32f1xx_hal_i2c.o
 .debug_macro   0x0000000000016c4e      0x1a0 Drivers/STM32F1xx_HAL_Driver/Src/stm32f1xx_hal_rcc.o

.debug_line     0x0000000000000000     0x6d81
 .debug_line    0x0000000000000000      0x879 Core/Src/bmp280.o
 .debug_line    0x0000000000000879      0x827 Core/Src/lcd1602.o
 .debug_line    0x00000000000010a0      0x846 Core/Src/main.o
 .debug_line    0x00000000000018e6      0x7d2 Core/Src/stm32f1xx_hal_msp.o
 .debug_line    0x00000000000020b8      0x847 Core/Src/stm32f1xx_it.o
 .debug_line    0x00000000000028ff      0x661 Core/Src/system_stm32f1xx.o
 .debug_line    0x0000000000002f60       0x84 Core/Startup/startup_stm32f103c8tx.o
 .debug_line    0x0000000000002fe4      0x814 Drivers/STM32F1xx_HAL_Driver/Src/stm32f1xx_hal.o
 .debug_line    0x00000000000037f8      0x8eb Drivers/STM32F1xx_HAL_Driver/Src/stm32f1xx_hal_cortex.o
 .debug_line    0x00000000000040e3      0x810 Drivers/STM32F1xx_HAL_Driver/Src/stm32f1xx_hal_gpio.o
 .debug_line    0x00000000000048f3     0x1bba Drivers/STM32F1xx_HAL_Driver/Src/stm32f1xx_hal_i2c.o
 .debug_line    0x00000000000064ad      0x8d4 Drivers/STM32F1xx_HAL_Driver/Src/stm32f1xx_hal_rcc.o

.debug_str      0x0000000000000000    0x816a0
 .debug_str     0x0000000000000000    0x7f8ce Core/Src/bmp280.o
                                      0x7fd17 (size before relaxing)
 .debug_str     0x000000000007f8ce       0xeb Core/Src/lcd1602.o
                                      0x7fa85 (size before relaxing)
 .debug_str     0x000000000007f9b9      0x1fc Core/Src/main.o
                                      0x7fe13 (size before relaxing)
 .debug_str     0x000000000007fbb5       0x81 Core/Src/stm32f1xx_hal_msp.o
                                      0x7fa98 (size before relaxing)
 .debug_str     0x000000000007fc36       0xbd Core/Src/stm32f1xx_it.o
                                      0x7fa4b (size before relaxing)
 .debug_str     0x000000000007fcf3       0x52 Core/Src/system_stm32f1xx.o
                                      0x7bff9 (size before relaxing)
 .debug_str     0x000000000007fd45       0x36 Core/Startup/startup_stm32f103c8tx.o
                                         0x74 (size before relaxing)
 .debug_str     0x000000000007fd7b      0x568 Drivers/STM32F1xx_HAL_Driver/Src/stm32f1xx_hal.o
                                      0x7c68a (size before relaxing)
 .debug_str     0x00000000000802e3      0x300 Drivers/STM32F1xx_HAL_Driver/Src/stm32f1xx_hal_cortex.o
                                      0x7c692 (size before relaxing)
 .debug_str     0x00000000000805e3      0x31f Drivers/STM32F1xx_HAL_Driver/Src/stm32f1xx_hal_gpio.o
                                      0x7c3bd (size before relaxing)
 .debug_str     0x0000000000080902      0xb5a Drivers/STM32F1xx_HAL_Driver/Src/stm32f1xx_hal_i2c.o
                                      0x7d035 (size before relaxing)
 .debug_str     0x000000000008145c      0x244 Drivers/STM32F1xx_HAL_Driver/Src/stm32f1xx_hal_rcc.o
                                      0x7c3f6 (size before relaxing)

.comment        0x0000000000000000       0x7b
 .comment       0x0000000000000000       0x7b Core/Src/bmp280.o
                                         0x7c (size before relaxing)
 .comment       0x000000000000007b       0x7c Core/Src/lcd1602.o
 .comment       0x000000000000007b       0x7c Core/Src/main.o
 .comment       0x000000000000007b       0x7c Core/Src/stm32f1xx_hal_msp.o
 .comment       0x000000000000007b       0x7c Core/Src/stm32f1xx_it.o
 .comment       0x000000000000007b       0x7c Core/Src/system_stm32f1xx.o
 .comment       0x000000000000007b       0x7c Drivers/STM32F1xx_HAL_Driver/Src/stm32f1xx_hal.o
 .comment       0x000000000000007b       0x7c Drivers/STM32F1xx_HAL_Driver/Src/stm32f1xx_hal_cortex.o
 .comment       0x000000000000007b       0x7c Drivers/STM32F1xx_HAL_Driver/Src/stm32f1xx_hal_gpio.o
 .comment       0x000000000000007b       0x7c Drivers/STM32F1xx_HAL_Driver/Src/stm32f1xx_hal_i2c.o
 .comment       0x000000000000007b       0x7c Drivers/STM32F1xx_HAL_Driver/Src/stm32f1xx_hal_rcc.o

.debug_frame    0x0000000000000000     0x1c2c
 .debug_frame   0x0000000000000000      0x150 Core/Src/bmp280.o
 .debug_frame   0x0000000000000150       0xe0 Core/Src/lcd1602.o
 .debug_frame   0x0000000000000230       0xb4 Core/Src/main.o
 .debug_frame   0x00000000000002e4       0x80 Core/Src/stm32f1xx_hal_msp.o
 .debug_frame   0x0000000000000364      0x10c Core/Src/stm32f1xx_it.o
 .debug_frame   0x0000000000000470       0x58 Core/Src/system_stm32f1xx.o
 .debug_frame   0x00000000000004c8      0x334 Drivers/STM32F1xx_HAL_Driver/Src/stm32f1xx_hal.o
 .debug_frame   0x00000000000007fc      0x428 Drivers/STM32F1xx_HAL_Driver/Src/stm32f1xx_hal_cortex.o
 .debug_frame   0x0000000000000c24      0x14c Drivers/STM32F1xx_HAL_Driver/Src/stm32f1xx_hal_gpio.o
 .debug_frame   0x0000000000000d70      0xc54 Drivers/STM32F1xx_HAL_Driver/Src/stm32f1xx_hal_i2c.o
 .debug_frame   0x00000000000019c4      0x21c Drivers/STM32F1xx_HAL_Driver/Src/stm32f1xx_hal_rcc.o
 .debug_frame   0x0000000000001be0       0x2c d:/stm32cubeide_1.4.0/stm32cubeide/plugins/com.st.stm32cube.ide.mcu.externaltools.gnu-tools-for-stm32.7-2018-q2-update.win32_1.4.0.202007081208/tools/bin/../lib/gcc/arm-none-eabi/7.3.1/../../../../arm-none-eabi/lib/thumb/v7-m\libc_nano.a(lib_a-init.o)
 .debug_frame   0x0000000000001c0c       0x20 d:/stm32cubeide_1.4.0/stm32cubeide/plugins/com.st.stm32cube.ide.mcu.externaltools.gnu-tools-for-stm32.7-2018-q2-update.win32_1.4.0.202007081208/tools/bin/../lib/gcc/arm-none-eabi/7.3.1/../../../../arm-none-eabi/lib/thumb/v7-m\libc_nano.a(lib_a-memset.o)
