Archive member included to satisfy reference by file (symbol)

d:/stm32cubeide_1.4.0/stm32cubeide/plugins/com.st.stm32cube.ide.mcu.externaltools.gnu-tools-for-stm32.7-2018-q2-update.win32_1.4.0.202007081208/tools/bin/../lib/gcc/arm-none-eabi/7.3.1/../../../../arm-none-eabi/lib/thumb/v7-m\libc_nano.a(lib_a-errno.o)
                              Core/Src/syscalls.o (__errno)
d:/stm32cubeide_1.4.0/stm32cubeide/plugins/com.st.stm32cube.ide.mcu.externaltools.gnu-tools-for-stm32.7-2018-q2-update.win32_1.4.0.202007081208/tools/bin/../lib/gcc/arm-none-eabi/7.3.1/../../../../arm-none-eabi/lib/thumb/v7-m\libc_nano.a(lib_a-exit.o)
                              d:/stm32cubeide_1.4.0/stm32cubeide/plugins/com.st.stm32cube.ide.mcu.externaltools.gnu-tools-for-stm32.7-2018-q2-update.win32_1.4.0.202007081208/tools/bin/../lib/gcc/arm-none-eabi/7.3.1/../../../../arm-none-eabi/lib/thumb/v7-m/crt0.o (exit)
d:/stm32cubeide_1.4.0/stm32cubeide/plugins/com.st.stm32cube.ide.mcu.externaltools.gnu-tools-for-stm32.7-2018-q2-update.win32_1.4.0.202007081208/tools/bin/../lib/gcc/arm-none-eabi/7.3.1/../../../../arm-none-eabi/lib/thumb/v7-m\libc_nano.a(lib_a-impure.o)
                              d:/stm32cubeide_1.4.0/stm32cubeide/plugins/com.st.stm32cube.ide.mcu.externaltools.gnu-tools-for-stm32.7-2018-q2-update.win32_1.4.0.202007081208/tools/bin/../lib/gcc/arm-none-eabi/7.3.1/../../../../arm-none-eabi/lib/thumb/v7-m\libc_nano.a(lib_a-exit.o) (_global_impure_ptr)
d:/stm32cubeide_1.4.0/stm32cubeide/plugins/com.st.stm32cube.ide.mcu.externaltools.gnu-tools-for-stm32.7-2018-q2-update.win32_1.4.0.202007081208/tools/bin/../lib/gcc/arm-none-eabi/7.3.1/../../../../arm-none-eabi/lib/thumb/v7-m\libc_nano.a(lib_a-init.o)
                              d:/stm32cubeide_1.4.0/stm32cubeide/plugins/com.st.stm32cube.ide.mcu.externaltools.gnu-tools-for-stm32.7-2018-q2-update.win32_1.4.0.202007081208/tools/bin/../lib/gcc/arm-none-eabi/7.3.1/../../../../arm-none-eabi/lib/thumb/v7-m/crt0.o (__libc_init_array)
d:/stm32cubeide_1.4.0/stm32cubeide/plugins/com.st.stm32cube.ide.mcu.externaltools.gnu-tools-for-stm32.7-2018-q2-update.win32_1.4.0.202007081208/tools/bin/../lib/gcc/arm-none-eabi/7.3.1/../../../../arm-none-eabi/lib/thumb/v7-m\libc_nano.a(lib_a-memset.o)
                              d:/stm32cubeide_1.4.0/stm32cubeide/plugins/com.st.stm32cube.ide.mcu.externaltools.gnu-tools-for-stm32.7-2018-q2-update.win32_1.4.0.202007081208/tools/bin/../lib/gcc/arm-none-eabi/7.3.1/../../../../arm-none-eabi/lib/thumb/v7-m/crt0.o (memset)

Allocating common symbols
Common symbol       size              file

hi2c2               0x54              Core/Src/main.o
uwTick              0x4               Drivers/STM32F1xx_HAL_Driver/Src/stm32f1xx_hal.o
pFlash              0x20              Drivers/STM32F1xx_HAL_Driver/Src/stm32f1xx_hal_flash.o
huart1              0x40              Core/Src/main.o
htim2               0x48              Core/Src/main.o

Discarded input sections

 .text          0x0000000000000000        0x0 d:/stm32cubeide_1.4.0/stm32cubeide/plugins/com.st.stm32cube.ide.mcu.externaltools.gnu-tools-for-stm32.7-2018-q2-update.win32_1.4.0.202007081208/tools/bin/../lib/gcc/arm-none-eabi/7.3.1/thumb/v7-m/crti.o
 .data          0x0000000000000000        0x0 d:/stm32cubeide_1.4.0/stm32cubeide/plugins/com.st.stm32cube.ide.mcu.externaltools.gnu-tools-for-stm32.7-2018-q2-update.win32_1.4.0.202007081208/tools/bin/../lib/gcc/arm-none-eabi/7.3.1/thumb/v7-m/crti.o
 .bss           0x0000000000000000        0x0 d:/stm32cubeide_1.4.0/stm32cubeide/plugins/com.st.stm32cube.ide.mcu.externaltools.gnu-tools-for-stm32.7-2018-q2-update.win32_1.4.0.202007081208/tools/bin/../lib/gcc/arm-none-eabi/7.3.1/thumb/v7-m/crti.o
 .data          0x0000000000000000        0x4 d:/stm32cubeide_1.4.0/stm32cubeide/plugins/com.st.stm32cube.ide.mcu.externaltools.gnu-tools-for-stm32.7-2018-q2-update.win32_1.4.0.202007081208/tools/bin/../lib/gcc/arm-none-eabi/7.3.1/thumb/v7-m/crtbegin.o
 .text          0x0000000000000000       0x74 d:/stm32cubeide_1.4.0/stm32cubeide/plugins/com.st.stm32cube.ide.mcu.externaltools.gnu-tools-for-stm32.7-2018-q2-update.win32_1.4.0.202007081208/tools/bin/../lib/gcc/arm-none-eabi/7.3.1/../../../../arm-none-eabi/lib/thumb/v7-m/crt0.o
 .data          0x0000000000000000        0x0 d:/stm32cubeide_1.4.0/stm32cubeide/plugins/com.st.stm32cube.ide.mcu.externaltools.gnu-tools-for-stm32.7-2018-q2-update.win32_1.4.0.202007081208/tools/bin/../lib/gcc/arm-none-eabi/7.3.1/../../../../arm-none-eabi/lib/thumb/v7-m/crt0.o
 .bss           0x0000000000000000        0x0 d:/stm32cubeide_1.4.0/stm32cubeide/plugins/com.st.stm32cube.ide.mcu.externaltools.gnu-tools-for-stm32.7-2018-q2-update.win32_1.4.0.202007081208/tools/bin/../lib/gcc/arm-none-eabi/7.3.1/../../../../arm-none-eabi/lib/thumb/v7-m/crt0.o
[...]
Memory Configuration

Name             Origin             Length             Attributes
RAM              0x0000000020000000 0x0000000000005000 xrw
FLASH            0x0000000008000000 0x0000000000010000 xr
*default*        0x0000000000000000 0xffffffffffffffff

Linker script and memory map

LOAD d:/stm32cubeide_1.4.0/stm32cubeide/plugins/com.st.stm32cube.ide.mcu.externaltools.gnu-tools-for-stm32.7-2018-q2-update.win32_1.4.0.202007081208/tools/bin/../lib/gcc/arm-none-eabi/7.3.1/thumb/v7-m/crti.o
LOAD d:/stm32cubeide_1.4.0/stm32cubeide/plugins/com.st.stm32cube.ide.mcu.externaltools.gnu-tools-for-stm32.7-2018-q2-update.win32_1.4.0.202007081208/tools/bin/../lib/gcc/arm-none-eabi/7.3.1/thumb/v7-m/crtbegin.o
LOAD d:/stm32cubeide_1.4.0/stm32cubeide/plugins/com.st.stm32cube.ide.mcu.externaltools.gnu-tools-for-stm32.7-2018-q2-update.win32_1.4.0.202007081208/tools/bin/../lib/gcc/arm-none-eabi/7.3.1/../../../../arm-none-eabi/lib/thumb/v7-m/crt0.o
LOAD Core/Src/main.o
LOAD Core/Src/stm32f1xx_hal_msp.o
LOAD Core/Src/stm32f1xx_it.o
LOAD Core/Src/syscalls.o
LOAD Core/Src/sysmem.o
LOAD Core/Src/system_stm32f1xx.o
LOAD Core/Startup/startup_stm32f103c8tx.o
LOAD Drivers/STM32F1xx_HAL_Driver/Src/stm32f1xx_hal.o
LOAD Drivers/STM32F1xx_HAL_Driver/Src/stm32f1xx_hal_cortex.o
LOAD Drivers/STM32F1xx_HAL_Driver/Src/stm32f1xx_hal_dma.o
LOAD Drivers/STM32F1xx_HAL_Driver/Src/stm32f1xx_hal_exti.o
LOAD Drivers/STM32F1xx_HAL_Driver/Src/stm32f1xx_hal_flash.o
LOAD Drivers/STM32F1xx_HAL_Driver/Src/stm32f1xx_hal_flash_ex.o
LOAD Drivers/STM32F1xx_HAL_Driver/Src/stm32f1xx_hal_gpio.o
LOAD Drivers/STM32F1xx_HAL_Driver/Src/stm32f1xx_hal_gpio_ex.o
LOAD Drivers/STM32F1xx_HAL_Driver/Src/stm32f1xx_hal_i2c.o
LOAD Drivers/STM32F1xx_HAL_Driver/Src/stm32f1xx_hal_pwr.o
LOAD Drivers/STM32F1xx_HAL_Driver/Src/stm32f1xx_hal_rcc.o
LOAD Drivers/STM32F1xx_HAL_Driver/Src/stm32f1xx_hal_rcc_ex.o
LOAD Drivers/STM32F1xx_HAL_Driver/Src/stm32f1xx_hal_tim.o
LOAD Drivers/STM32F1xx_HAL_Driver/Src/stm32f1xx_hal_tim_ex.o
LOAD Drivers/STM32F1xx_HAL_Driver/Src/stm32f1xx_hal_uart.o
LOAD Perpherial/Src/bluetooth.o
LOAD Perpherial/Src/dht11.o
LOAD Perpherial/Src/gy30.o
LOAD Perpherial/Src/lcd1602.o
START GROUP
LOAD d:/stm32cubeide_1.4.0/stm32cubeide/plugins/com.st.stm32cube.ide.mcu.externaltools.gnu-tools-for-stm32.7-2018-q2-update.win32_1.4.0.202007081208/tools/bin/../lib/gcc/arm-none-eabi/7.3.1/../../../../arm-none-eabi/lib/thumb/v7-m\libc_nano.a
LOAD d:/stm32cubeide_1.4.0/stm32cubeide/plugins/com.st.stm32cube.ide.mcu.externaltools.gnu-tools-for-stm32.7-2018-q2-update.win32_1.4.0.202007081208/tools/bin/../lib/gcc/arm-none-eabi/7.3.1/../../../../arm-none-eabi/lib/thumb/v7-m\libm.a
END GROUP
START GROUP
LOAD d:/stm32cubeide_1.4.0/stm32cubeide/plugins/com.st.stm32cube.ide.mcu.externaltools.gnu-tools-for-stm32.7-2018-q2-update.win32_1.4.0.202007081208/tools/bin/../lib/gcc/arm-none-eabi/7.3.1/thumb/v7-m\libgcc.a
LOAD d:/stm32cubeide_1.4.0/stm32cubeide/plugins/com.st.stm32cube.ide.mcu.externaltools.gnu-tools-for-stm32.7-2018-q2-update.win32_1.4.0.202007081208/tools/bin/../lib/gcc/arm-none-eabi/7.3.1/../../../../arm-none-eabi/lib/thumb/v7-m\libc_nano.a
END GROUP
START GROUP
LOAD d:/stm32cubeide_1.4.0/stm32cubeide/plugins/com.st.stm32cube.ide.mcu.externaltools.gnu-tools-for-stm32.7-2018-q2-update.win32_1.4.0.202007081208/tools/bin/../lib/gcc/arm-none-eabi/7.3.1/thumb/v7-m\libgcc.a
LOAD d:/stm32cubeide_1.4.0/stm32cubeide/plugins/com.st.stm32cube.ide.mcu.externaltools.gnu-tools-for-stm32.7-2018-q2-update.win32_1.4.0.202007081208/tools/bin/../lib/gcc/arm-none-eabi/7.3.1/../../../../arm-none-eabi/lib/thumb/v7-m\libc_nano.a
LOAD d:/stm32cubeide_1.4.0/stm32cubeide/plugins/com.st.stm32cube.ide.mcu.externaltools.gnu-tools-for-stm32.7-2018-q2-update.win32_1.4.0.202007081208/tools/bin/../lib/gcc/arm-none-eabi/7.3.1/../../../../arm-none-eabi/lib/thumb/v7-m\libnosys.a
END GROUP
START GROUP
LOAD d:/stm32cubeide_1.4.0/stm32cubeide/plugins/com.st.stm32cube.ide.mcu.externaltools.gnu-tools-for-stm32.7-2018-q2-update.win32_1.4.0.202007081208/tools/bin/../lib/gcc/arm-none-eabi/7.3.1/thumb/v7-m\libgcc.a
LOAD d:/stm32cubeide_1.4.0/stm32cubeide/plugins/com.st.stm32cube.ide.mcu.externaltools.gnu-tools-for-stm32.7-2018-q2-update.win32_1.4.0.202007081208/tools/bin/../lib/gcc/arm-none-eabi/7.3.1/../../../../arm-none-eabi/lib/thumb/v7-m\libc_nano.a
LOAD d:/stm32cubeide_1.4.0/stm32cubeide/plugins/com.st.stm32cube.ide.mcu.externaltools.gnu-tools-for-stm32.7-2018-q2-update.win32_1.4.0.202007081208/tools/bin/../lib/gcc/arm-none-eabi/7.3.1/../../../../arm-none-eabi/lib/thumb/v7-m\libnosys.a
END GROUP
LOAD d:/stm32cubeide_1.4.0/stm32cubeide/plugins/com.st.stm32cube.ide.mcu.externaltools.gnu-tools-for-stm32.7-2018-q2-update.win32_1.4.0.202007081208/tools/bin/../lib/gcc/arm-none-eabi/7.3.1/thumb/v7-m/crtend.o
LOAD d:/stm32cubeide_1.4.0/stm32cubeide/plugins/com.st.stm32cube.ide.mcu.externaltools.gnu-tools-for-stm32.7-2018-q2-update.win32_1.4.0.202007081208/tools/bin/../lib/gcc/arm-none-eabi/7.3.1/thumb/v7-m/crtn.o
                0x0000000020005000                _estack = (ORIGIN (RAM) + LENGTH (RAM))
                0x0000000000000200                _Min_Heap_Size = 0x200
                0x0000000000000400                _Min_Stack_Size = 0x400

.isr_vector     0x0000000008000000      0x10c
                0x0000000008000000                . = ALIGN (0x4)
 *(.isr_vector)
 .isr_vector    0x0000000008000000      0x10c Core/Startup/startup_stm32f103c8tx.o
                0x0000000008000000                g_pfnVectors
                0x000000000800010c                . = ALIGN (0x4)

.text           0x000000000800010c     0x3cac
                0x000000000800010c                . = ALIGN (0x4)
 *(.text)
 .text          0x000000000800010c       0x40 d:/stm32cubeide_1.4.0/stm32cubeide/plugins/com.st.stm32cube.ide.mcu.externaltools.gnu-tools-for-stm32.7-2018-q2-update.win32_1.4.0.202007081208/tools/bin/../lib/gcc/arm-none-eabi/7.3.1/thumb/v7-m/crtbegin.o
 *(.text*)
 .text.main     0x000000000800014c       0x54 Core/Src/main.o
                0x000000000800014c                main
 .text.SystemClock_Config
                0x00000000080001a0       0x8a Core/Src/main.o
                0x00000000080001a0                SystemClock_Config
 *fill*         0x000000000800022a        0x2 
 .text.MX_I2C2_Init
                0x000000000800022c       0x5c Core/Src/main.o
 .text.MX_TIM2_Init
                0x0000000008000288       0x98 Core/Src/main.o
 .text.MX_USART1_UART_Init
                0x0000000008000320       0x54 Core/Src/main.o
 .text.MX_GPIO_Init
                0x0000000008000374       0xe4 Core/Src/main.o
 .text.Error_Handler
                0x0000000008000458        0xc Core/Src/main.o
                0x0000000008000458                Error_Handler
 .text.HAL_MspInit
                0x0000000008000464       0x64 Core/Src/stm32f1xx_hal_msp.o
                0x0000000008000464                HAL_MspInit
 .text.HAL_I2C_MspInit
                0x00000000080004c8       0x80 Core/Src/stm32f1xx_hal_msp.o
                0x00000000080004c8                HAL_I2C_MspInit
 .text.HAL_TIM_Base_MspInit
                0x0000000008000548       0x48 Core/Src/stm32f1xx_hal_msp.o
                0x0000000008000548                HAL_TIM_Base_MspInit
 .text.HAL_UART_MspInit
                0x0000000008000590       0xa8 Core/Src/stm32f1xx_hal_msp.o
                0x0000000008000590                HAL_UART_MspInit
 .text.NMI_Handler
                0x0000000008000638        0xc Core/Src/stm32f1xx_it.o
                0x0000000008000638                NMI_Handler
 .text.HardFault_Handler
                0x0000000008000644        0x6 Core/Src/stm32f1xx_it.o
                0x0000000008000644                HardFault_Handler
 .text.MemManage_Handler
                0x000000000800064a        0x6 Core/Src/stm32f1xx_it.o
                0x000000000800064a                MemManage_Handler
 .text.BusFault_Handler
                0x0000000008000650        0x6 Core/Src/stm32f1xx_it.o
                0x0000000008000650                BusFault_Handler
 .text.UsageFault_Handler
                0x0000000008000656        0x6 Core/Src/stm32f1xx_it.o
                0x0000000008000656                UsageFault_Handler
 .text.SVC_Handler
                0x000000000800065c        0xc Core/Src/stm32f1xx_it.o
                0x000000000800065c                SVC_Handler
 .text.DebugMon_Handler
                0x0000000008000668        0xc Core/Src/stm32f1xx_it.o
                0x0000000008000668                DebugMon_Handler
 .text.PendSV_Handler
                0x0000000008000674        0xc Core/Src/stm32f1xx_it.o
                0x0000000008000674                PendSV_Handler
 .text.SysTick_Handler
                0x0000000008000680        0xc Core/Src/stm32f1xx_it.o
                0x0000000008000680                SysTick_Handler
 .text.TIM2_IRQHandler
                0x000000000800068c       0x14 Core/Src/stm32f1xx_it.o
                0x000000000800068c                TIM2_IRQHandler
 .text.USART1_IRQHandler
                0x00000000080006a0       0x14 Core/Src/stm32f1xx_it.o
                0x00000000080006a0                USART1_IRQHandler
 .text.SystemInit
                0x00000000080006b4        0xc Core/Src/system_stm32f1xx.o
                0x00000000080006b4                SystemInit
 .text.Reset_Handler
                0x00000000080006c0       0x48 Core/Startup/startup_stm32f103c8tx.o
                0x00000000080006c0                Reset_Handler
 .text.Default_Handler
                0x0000000008000708        0x2 Core/Startup/startup_stm32f103c8tx.o
                0x0000000008000708                RTC_Alarm_IRQHandler
                0x0000000008000708                EXTI2_IRQHandler
                0x0000000008000708                TIM1_CC_IRQHandler
                0x0000000008000708                PVD_IRQHandler
                0x0000000008000708                EXTI3_IRQHandler
                0x0000000008000708                EXTI0_IRQHandler
                0x0000000008000708                I2C2_EV_IRQHandler
                0x0000000008000708                ADC1_2_IRQHandler
                0x0000000008000708                SPI1_IRQHandler
                0x0000000008000708                TAMPER_IRQHandler
                0x0000000008000708                DMA1_Channel4_IRQHandler
                0x0000000008000708                USART3_IRQHandler
                0x0000000008000708                RTC_IRQHandler
                0x0000000008000708                DMA1_Channel7_IRQHandler
                0x0000000008000708                CAN1_RX1_IRQHandler
                0x0000000008000708                TIM4_IRQHandler
                0x0000000008000708                I2C1_EV_IRQHandler
                0x0000000008000708                DMA1_Channel6_IRQHandler
                0x0000000008000708                TIM3_IRQHandler
                0x0000000008000708                RCC_IRQHandler
                0x0000000008000708                TIM1_TRG_COM_IRQHandler
                0x0000000008000708                DMA1_Channel1_IRQHandler
                0x0000000008000708                Default_Handler
                0x0000000008000708                EXTI15_10_IRQHandler
                0x0000000008000708                EXTI9_5_IRQHandler
                0x0000000008000708                SPI2_IRQHandler
                0x0000000008000708                DMA1_Channel5_IRQHandler
                0x0000000008000708                EXTI4_IRQHandler
                0x0000000008000708                USB_LP_CAN1_RX0_IRQHandler
                0x0000000008000708                USB_HP_CAN1_TX_IRQHandler
                0x0000000008000708                DMA1_Channel3_IRQHandler
                0x0000000008000708                TIM1_UP_IRQHandler
                0x0000000008000708                WWDG_IRQHandler
                0x0000000008000708                TIM1_BRK_IRQHandler
                0x0000000008000708                EXTI1_IRQHandler
                0x0000000008000708                USART2_IRQHandler
                0x0000000008000708                I2C2_ER_IRQHandler
                0x0000000008000708                DMA1_Channel2_IRQHandler
                0x0000000008000708                CAN1_SCE_IRQHandler
                0x0000000008000708                FLASH_IRQHandler
                0x0000000008000708                I2C1_ER_IRQHandler
                0x0000000008000708                USBWakeUp_IRQHandler
 *fill*         0x000000000800070a        0x2 
 .text.HAL_Init
                0x000000000800070c       0x2c Drivers/STM32F1xx_HAL_Driver/Src/stm32f1xx_hal.o
                0x000000000800070c                HAL_Init
 .text.HAL_InitTick
                0x0000000008000738       0x60 Drivers/STM32F1xx_HAL_Driver/Src/stm32f1xx_hal.o
                0x0000000008000738                HAL_InitTick
 .text.HAL_IncTick
                0x0000000008000798       0x24 Drivers/STM32F1xx_HAL_Driver/Src/stm32f1xx_hal.o
                0x0000000008000798                HAL_IncTick
 .text.HAL_GetTick
                0x00000000080007bc       0x14 Drivers/STM32F1xx_HAL_Driver/Src/stm32f1xx_hal.o
                0x00000000080007bc                HAL_GetTick
 .text.HAL_Delay
                0x00000000080007d0       0x44 Drivers/STM32F1xx_HAL_Driver/Src/stm32f1xx_hal.o
                0x00000000080007d0                HAL_Delay
 .text.__NVIC_SetPriorityGrouping
                0x0000000008000814       0x48 Drivers/STM32F1xx_HAL_Driver/Src/stm32f1xx_hal_cortex.o
 .text.__NVIC_GetPriorityGrouping
                0x000000000800085c       0x1c Drivers/STM32F1xx_HAL_Driver/Src/stm32f1xx_hal_cortex.o
 .text.__NVIC_EnableIRQ
                0x0000000008000878       0x38 Drivers/STM32F1xx_HAL_Driver/Src/stm32f1xx_hal_cortex.o
 .text.__NVIC_SetPriority
                0x00000000080008b0       0x54 Drivers/STM32F1xx_HAL_Driver/Src/stm32f1xx_hal_cortex.o
 .text.NVIC_EncodePriority
                0x0000000008000904       0x64 Drivers/STM32F1xx_HAL_Driver/Src/stm32f1xx_hal_cortex.o
 .text.SysTick_Config
                0x0000000008000968       0x44 Drivers/STM32F1xx_HAL_Driver/Src/stm32f1xx_hal_cortex.o
 .text.HAL_NVIC_SetPriorityGrouping
                0x00000000080009ac       0x16 Drivers/STM32F1xx_HAL_Driver/Src/stm32f1xx_hal_cortex.o
                0x00000000080009ac                HAL_NVIC_SetPriorityGrouping
 .text.HAL_NVIC_SetPriority
                0x00000000080009c2       0x38 Drivers/STM32F1xx_HAL_Driver/Src/stm32f1xx_hal_cortex.o
                0x00000000080009c2                HAL_NVIC_SetPriority
 .text.HAL_NVIC_EnableIRQ
                0x00000000080009fa       0x1c Drivers/STM32F1xx_HAL_Driver/Src/stm32f1xx_hal_cortex.o
                0x00000000080009fa                HAL_NVIC_EnableIRQ
 .text.HAL_SYSTICK_Config
                0x0000000008000a16       0x18 Drivers/STM32F1xx_HAL_Driver/Src/stm32f1xx_hal_cortex.o
                0x0000000008000a16                HAL_SYSTICK_Config
 *fill*         0x0000000008000a2e        0x2 
 .text.HAL_DMA_Abort_IT
                0x0000000008000a30       0xec Drivers/STM32F1xx_HAL_Driver/Src/stm32f1xx_hal_dma.o
                0x0000000008000a30                HAL_DMA_Abort_IT
 .text.HAL_GPIO_Init
                0x0000000008000b1c      0x2b4 Drivers/STM32F1xx_HAL_Driver/Src/stm32f1xx_hal_gpio.o
                0x0000000008000b1c                HAL_GPIO_Init
 .text.HAL_GPIO_ReadPin
                0x0000000008000dd0       0x2e Drivers/STM32F1xx_HAL_Driver/Src/stm32f1xx_hal_gpio.o
                0x0000000008000dd0                HAL_GPIO_ReadPin
 .text.HAL_GPIO_WritePin
                0x0000000008000dfe       0x30 Drivers/STM32F1xx_HAL_Driver/Src/stm32f1xx_hal_gpio.o
                0x0000000008000dfe                HAL_GPIO_WritePin
 *fill*         0x0000000008000e2e        0x2 
 .text.HAL_I2C_Init
                0x0000000008000e30      0x270 Drivers/STM32F1xx_HAL_Driver/Src/stm32f1xx_hal_i2c.o
                0x0000000008000e30                HAL_I2C_Init
 .text.HAL_I2C_Master_Transmit
                0x00000000080010a0      0x1fc Drivers/STM32F1xx_HAL_Driver/Src/stm32f1xx_hal_i2c.o
                0x00000000080010a0                HAL_I2C_Master_Transmit
 .text.HAL_I2C_Master_Receive
                0x000000000800129c      0x4b4 Drivers/STM32F1xx_HAL_Driver/Src/stm32f1xx_hal_i2c.o
                0x000000000800129c                HAL_I2C_Master_Receive
 .text.I2C_MasterRequestWrite
                0x0000000008001750      0x104 Drivers/STM32F1xx_HAL_Driver/Src/stm32f1xx_hal_i2c.o
 .text.I2C_MasterRequestRead
                0x0000000008001854      0x19c Drivers/STM32F1xx_HAL_Driver/Src/stm32f1xx_hal_i2c.o
 .text.I2C_WaitOnFlagUntilTimeout
                0x00000000080019f0       0xae Drivers/STM32F1xx_HAL_Driver/Src/stm32f1xx_hal_i2c.o
 .text.I2C_WaitOnMasterAddressFlagUntilTimeout
                0x0000000008001a9e       0xfe Drivers/STM32F1xx_HAL_Driver/Src/stm32f1xx_hal_i2c.o
 .text.I2C_WaitOnTXEFlagUntilTimeout
                0x0000000008001b9c       0x82 Drivers/STM32F1xx_HAL_Driver/Src/stm32f1xx_hal_i2c.o
 .text.I2C_WaitOnBTFFlagUntilTimeout
                0x0000000008001c1e       0x82 Drivers/STM32F1xx_HAL_Driver/Src/stm32f1xx_hal_i2c.o
 .text.I2C_WaitOnRXNEFlagUntilTimeout
                0x0000000008001ca0       0xac Drivers/STM32F1xx_HAL_Driver/Src/stm32f1xx_hal_i2c.o
 .text.I2C_IsAcknowledgeFailed
                0x0000000008001d4c       0x5c Drivers/STM32F1xx_HAL_Driver/Src/stm32f1xx_hal_i2c.o
 .text.HAL_RCC_OscConfig
                0x0000000008001da8      0x500 Drivers/STM32F1xx_HAL_Driver/Src/stm32f1xx_hal_rcc.o
                0x0000000008001da8                HAL_RCC_OscConfig
 .text.HAL_RCC_ClockConfig
                0x00000000080022a8      0x1d4 Drivers/STM32F1xx_HAL_Driver/Src/stm32f1xx_hal_rcc.o
                0x00000000080022a8                HAL_RCC_ClockConfig
 .text.HAL_RCC_GetSysClockFreq
                0x000000000800247c       0xc4 Drivers/STM32F1xx_HAL_Driver/Src/stm32f1xx_hal_rcc.o
                0x000000000800247c                HAL_RCC_GetSysClockFreq
 .text.HAL_RCC_GetHCLKFreq
                0x0000000008002540       0x14 Drivers/STM32F1xx_HAL_Driver/Src/stm32f1xx_hal_rcc.o
                0x0000000008002540                HAL_RCC_GetHCLKFreq
 .text.HAL_RCC_GetPCLK1Freq
                0x0000000008002554       0x28 Drivers/STM32F1xx_HAL_Driver/Src/stm32f1xx_hal_rcc.o
                0x0000000008002554                HAL_RCC_GetPCLK1Freq
 .text.HAL_RCC_GetPCLK2Freq
                0x000000000800257c       0x28 Drivers/STM32F1xx_HAL_Driver/Src/stm32f1xx_hal_rcc.o
                0x000000000800257c                HAL_RCC_GetPCLK2Freq
 .text.RCC_Delay
                0x00000000080025a4       0x3c Drivers/STM32F1xx_HAL_Driver/Src/stm32f1xx_hal_rcc.o
 .text.HAL_TIM_Base_Init
                0x00000000080025e0       0x9e Drivers/STM32F1xx_HAL_Driver/Src/stm32f1xx_hal_tim.o
                0x00000000080025e0                HAL_TIM_Base_Init
 .text.HAL_TIM_IRQHandler
                0x000000000800267e      0x210 Drivers/STM32F1xx_HAL_Driver/Src/stm32f1xx_hal_tim.o
                0x000000000800267e                HAL_TIM_IRQHandler
 .text.HAL_TIM_ConfigClockSource
                0x000000000800288e      0x16e Drivers/STM32F1xx_HAL_Driver/Src/stm32f1xx_hal_tim.o
                0x000000000800288e                HAL_TIM_ConfigClockSource
 .text.HAL_TIM_PeriodElapsedCallback
                0x00000000080029fc       0x12 Drivers/STM32F1xx_HAL_Driver/Src/stm32f1xx_hal_tim.o
                0x00000000080029fc                HAL_TIM_PeriodElapsedCallback
 .text.HAL_TIM_OC_DelayElapsedCallback
                0x0000000008002a0e       0x12 Drivers/STM32F1xx_HAL_Driver/Src/stm32f1xx_hal_tim.o
                0x0000000008002a0e                HAL_TIM_OC_DelayElapsedCallback
 .text.HAL_TIM_IC_CaptureCallback
                0x0000000008002a20       0x12 Drivers/STM32F1xx_HAL_Driver/Src/stm32f1xx_hal_tim.o
                0x0000000008002a20                HAL_TIM_IC_CaptureCallback
 .text.HAL_TIM_PWM_PulseFinishedCallback
                0x0000000008002a32       0x12 Drivers/STM32F1xx_HAL_Driver/Src/stm32f1xx_hal_tim.o
                0x0000000008002a32                HAL_TIM_PWM_PulseFinishedCallback
 .text.HAL_TIM_TriggerCallback
                0x0000000008002a44       0x12 Drivers/STM32F1xx_HAL_Driver/Src/stm32f1xx_hal_tim.o
                0x0000000008002a44                HAL_TIM_TriggerCallback
 *fill*         0x0000000008002a56        0x2 
 .text.TIM_Base_SetConfig
                0x0000000008002a58       0xc4 Drivers/STM32F1xx_HAL_Driver/Src/stm32f1xx_hal_tim.o
                0x0000000008002a58                TIM_Base_SetConfig
 .text.TIM_TI1_ConfigInputStage
                0x0000000008002b1c       0x5c Drivers/STM32F1xx_HAL_Driver/Src/stm32f1xx_hal_tim.o
 .text.TIM_TI2_ConfigInputStage
                0x0000000008002b78       0x5e Drivers/STM32F1xx_HAL_Driver/Src/stm32f1xx_hal_tim.o
 .text.TIM_ITRx_SetConfig
                0x0000000008002bd6       0x34 Drivers/STM32F1xx_HAL_Driver/Src/stm32f1xx_hal_tim.o
 .text.TIM_ETR_SetConfig
                0x0000000008002c0a       0x3e Drivers/STM32F1xx_HAL_Driver/Src/stm32f1xx_hal_tim.o
                0x0000000008002c0a                TIM_ETR_SetConfig
 .text.HAL_TIMEx_MasterConfigSynchronization
                0x0000000008002c48       0xbc Drivers/STM32F1xx_HAL_Driver/Src/stm32f1xx_hal_tim_ex.o
                0x0000000008002c48                HAL_TIMEx_MasterConfigSynchronization
 .text.HAL_TIMEx_CommutCallback
                0x0000000008002d04       0x12 Drivers/STM32F1xx_HAL_Driver/Src/stm32f1xx_hal_tim_ex.o
                0x0000000008002d04                HAL_TIMEx_CommutCallback
 .text.HAL_TIMEx_BreakCallback
                0x0000000008002d16       0x12 Drivers/STM32F1xx_HAL_Driver/Src/stm32f1xx_hal_tim_ex.o
                0x0000000008002d16                HAL_TIMEx_BreakCallback
 .text.HAL_UART_Init
                0x0000000008002d28       0x9a Drivers/STM32F1xx_HAL_Driver/Src/stm32f1xx_hal_uart.o
                0x0000000008002d28                HAL_UART_Init
 .text.HAL_UART_Transmit
                0x0000000008002dc2      0x124 Drivers/STM32F1xx_HAL_Driver/Src/stm32f1xx_hal_uart.o
                0x0000000008002dc2                HAL_UART_Transmit
 *fill*         0x0000000008002ee6        0x2 
 .text.HAL_UART_IRQHandler
                0x0000000008002ee8      0x200 Drivers/STM32F1xx_HAL_Driver/Src/stm32f1xx_hal_uart.o
                0x0000000008002ee8                HAL_UART_IRQHandler
 .text.HAL_UART_TxCpltCallback
                0x00000000080030e8       0x12 Drivers/STM32F1xx_HAL_Driver/Src/stm32f1xx_hal_uart.o
                0x00000000080030e8                HAL_UART_TxCpltCallback
 .text.HAL_UART_RxCpltCallback
                0x00000000080030fa       0x12 Drivers/STM32F1xx_HAL_Driver/Src/stm32f1xx_hal_uart.o
                0x00000000080030fa                HAL_UART_RxCpltCallback
 .text.HAL_UART_ErrorCallback
                0x000000000800310c       0x12 Drivers/STM32F1xx_HAL_Driver/Src/stm32f1xx_hal_uart.o
                0x000000000800310c                HAL_UART_ErrorCallback
 .text.UART_WaitOnFlagUntilTimeout
                0x000000000800311e       0x94 Drivers/STM32F1xx_HAL_Driver/Src/stm32f1xx_hal_uart.o
 .text.UART_EndRxTransfer
                0x00000000080031b2       0x3a Drivers/STM32F1xx_HAL_Driver/Src/stm32f1xx_hal_uart.o
 .text.UART_DMAAbortOnError
                0x00000000080031ec       0x28 Drivers/STM32F1xx_HAL_Driver/Src/stm32f1xx_hal_uart.o
 .text.UART_Transmit_IT
                0x0000000008003214       0x9e Drivers/STM32F1xx_HAL_Driver/Src/stm32f1xx_hal_uart.o
 .text.UART_EndTransmit_IT
                0x00000000080032b2       0x30 Drivers/STM32F1xx_HAL_Driver/Src/stm32f1xx_hal_uart.o
 .text.UART_Receive_IT
                0x00000000080032e2      0x100 Drivers/STM32F1xx_HAL_Driver/Src/stm32f1xx_hal_uart.o
 *fill*         0x00000000080033e2        0x2 
 .text.UART_SetConfig
                0x00000000080033e4      0x11c Drivers/STM32F1xx_HAL_Driver/Src/stm32f1xx_hal_uart.o
 .text.bluetooth_transmit_humi
                0x0000000008003500       0x74 Perpherial/Src/bluetooth.o
                0x0000000008003500                bluetooth_transmit_humi
 .text.bluetooth_transmit_temp
                0x0000000008003574       0xd4 Perpherial/Src/bluetooth.o
                0x0000000008003574                bluetooth_transmit_temp
 .text.bluetooth_transmit_luminance
                0x0000000008003648      0x10c Perpherial/Src/bluetooth.o
                0x0000000008003648                bluetooth_transmit_luminance
 .text.bluetooth_transmit
                0x0000000008003754       0x50 Perpherial/Src/bluetooth.o
                0x0000000008003754                bluetooth_transmit
 .text.delay_us
                0x00000000080037a4       0x38 Perpherial/Src/dht11.o
                0x00000000080037a4                delay_us
 .text.DHT11_readByte
                0x00000000080037dc       0x94 Perpherial/Src/dht11.o
                0x00000000080037dc                DHT11_readByte
 .text.DHT11_read
                0x0000000008003870       0xc0 Perpherial/Src/dht11.o
                0x0000000008003870                DHT11_read
 .text.GY30_read
                0x0000000008003930       0x5c Perpherial/Src/gy30.o
                0x0000000008003930                GY30_read
 .text.lcd_write
                0x000000000800398c       0xc8 Perpherial/Src/lcd1602.o
                0x000000000800398c                lcd_write
 .text.lcd_writeCom
                0x0000000008003a54       0x5c Perpherial/Src/lcd1602.o
                0x0000000008003a54                lcd_writeCom
 .text.lcd_writeData
                0x0000000008003ab0       0x5c Perpherial/Src/lcd1602.o
                0x0000000008003ab0                lcd_writeData
 .text.lcd_init
                0x0000000008003b0c       0x26 Perpherial/Src/lcd1602.o
                0x0000000008003b0c                lcd_init
 *fill*         0x0000000008003b32        0x2 
 .text.lcd_show_dht11
                0x0000000008003b34      0x120 Perpherial/Src/lcd1602.o
                0x0000000008003b34                lcd_show_dht11
 .text.lcd_show_gy30
                0x0000000008003c54       0xf4 Perpherial/Src/lcd1602.o
                0x0000000008003c54                lcd_show_gy30
 .text.__libc_init_array
                0x0000000008003d48       0x48 d:/stm32cubeide_1.4.0/stm32cubeide/plugins/com.st.stm32cube.ide.mcu.externaltools.gnu-tools-for-stm32.7-2018-q2-update.win32_1.4.0.202007081208/tools/bin/../lib/gcc/arm-none-eabi/7.3.1/../../../../arm-none-eabi/lib/thumb/v7-m\libc_nano.a(lib_a-init.o)
                0x0000000008003d48                __libc_init_array
 .text.memset   0x0000000008003d90       0x10 d:/stm32cubeide_1.4.0/stm32cubeide/plugins/com.st.stm32cube.ide.mcu.externaltools.gnu-tools-for-stm32.7-2018-q2-update.win32_1.4.0.202007081208/tools/bin/../lib/gcc/arm-none-eabi/7.3.1/../../../../arm-none-eabi/lib/thumb/v7-m\libc_nano.a(lib_a-memset.o)
                0x0000000008003d90                memset
 *(.glue_7)
 .glue_7        0x0000000008003da0        0x0 linker stubs
 *(.glue_7t)
 .glue_7t       0x0000000008003da0        0x0 linker stubs
 *(.eh_frame)
 .eh_frame      0x0000000008003da0        0x0 d:/stm32cubeide_1.4.0/stm32cubeide/plugins/com.st.stm32cube.ide.mcu.externaltools.gnu-tools-for-stm32.7-2018-q2-update.win32_1.4.0.202007081208/tools/bin/../lib/gcc/arm-none-eabi/7.3.1/thumb/v7-m/crtbegin.o
 *(.init)
 .init          0x0000000008003da0        0x4 d:/stm32cubeide_1.4.0/stm32cubeide/plugins/com.st.stm32cube.ide.mcu.externaltools.gnu-tools-for-stm32.7-2018-q2-update.win32_1.4.0.202007081208/tools/bin/../lib/gcc/arm-none-eabi/7.3.1/thumb/v7-m/crti.o
                0x0000000008003da0                _init
 .init          0x0000000008003da4        0x8 d:/stm32cubeide_1.4.0/stm32cubeide/plugins/com.st.stm32cube.ide.mcu.externaltools.gnu-tools-for-stm32.7-2018-q2-update.win32_1.4.0.202007081208/tools/bin/../lib/gcc/arm-none-eabi/7.3.1/thumb/v7-m/crtn.o
 *(.fini)
 .fini          0x0000000008003dac        0x4 d:/stm32cubeide_1.4.0/stm32cubeide/plugins/com.st.stm32cube.ide.mcu.externaltools.gnu-tools-for-stm32.7-2018-q2-update.win32_1.4.0.202007081208/tools/bin/../lib/gcc/arm-none-eabi/7.3.1/thumb/v7-m/crti.o
                0x0000000008003dac                _fini
 .fini          0x0000000008003db0        0x8 d:/stm32cubeide_1.4.0/stm32cubeide/plugins/com.st.stm32cube.ide.mcu.externaltools.gnu-tools-for-stm32.7-2018-q2-update.win32_1.4.0.202007081208/tools/bin/../lib/gcc/arm-none-eabi/7.3.1/thumb/v7-m/crtn.o
                0x0000000008003db8                . = ALIGN (0x4)
                0x0000000008003db8                _etext = .

.vfp11_veneer   0x0000000008003db8        0x0
 .vfp11_veneer  0x0000000008003db8        0x0 linker stubs

.v4_bx          0x0000000008003db8        0x0
 .v4_bx         0x0000000008003db8        0x0 linker stubs

.iplt           0x0000000008003db8        0x0
 .iplt          0x0000000008003db8        0x0 d:/stm32cubeide_1.4.0/stm32cubeide/plugins/com.st.stm32cube.ide.mcu.externaltools.gnu-tools-for-stm32.7-2018-q2-update.win32_1.4.0.202007081208/tools/bin/../lib/gcc/arm-none-eabi/7.3.1/thumb/v7-m/crtbegin.o

.rodata         0x0000000008003db8       0x3c
                0x0000000008003db8                . = ALIGN (0x4)
 *(.rodata)
 .rodata        0x0000000008003db8       0x12 Drivers/STM32F1xx_HAL_Driver/Src/stm32f1xx_hal_rcc.o
 *fill*         0x0000000008003dca        0x2 
 .rodata        0x0000000008003dcc        0xf Perpherial/Src/bluetooth.o
 *(.rodata*)
 *fill*         0x0000000008003ddb        0x1 
 .rodata.AHBPrescTable
                0x0000000008003ddc       0x10 Core/Src/system_stm32f1xx.o
                0x0000000008003ddc                AHBPrescTable
 .rodata.APBPrescTable
                0x0000000008003dec        0x8 Core/Src/system_stm32f1xx.o
                0x0000000008003dec                APBPrescTable
                0x0000000008003df4                . = ALIGN (0x4)

.rel.dyn        0x0000000008003df4        0x0
 .rel.iplt      0x0000000008003df4        0x0 d:/stm32cubeide_1.4.0/stm32cubeide/plugins/com.st.stm32cube.ide.mcu.externaltools.gnu-tools-for-stm32.7-2018-q2-update.win32_1.4.0.202007081208/tools/bin/../lib/gcc/arm-none-eabi/7.3.1/thumb/v7-m/crtbegin.o

.ARM.extab      0x0000000008003df4        0x0
                0x0000000008003df4                . = ALIGN (0x4)
 *(.ARM.extab* .gnu.linkonce.armextab.*)
                0x0000000008003df4                . = ALIGN (0x4)

.ARM            0x0000000008003df4        0x0
                0x0000000008003df4                . = ALIGN (0x4)
                0x0000000008003df4                __exidx_start = .
 *(.ARM.exidx*)
                0x0000000008003df4                __exidx_end = .
                0x0000000008003df4                . = ALIGN (0x4)

.preinit_array  0x0000000008003df4        0x0
                0x0000000008003df4                . = ALIGN (0x4)
                0x0000000008003df4                PROVIDE (__preinit_array_start = .)
 *(.preinit_array*)
                0x0000000008003df4                PROVIDE (__preinit_array_end = .)
                0x0000000008003df4                . = ALIGN (0x4)

.init_array     0x0000000008003df4        0x4
                0x0000000008003df4                . = ALIGN (0x4)
                0x0000000008003df4                PROVIDE (__init_array_start = .)
 *(SORT_BY_NAME(.init_array.*))
 *(.init_array*)
 .init_array    0x0000000008003df4        0x4 d:/stm32cubeide_1.4.0/stm32cubeide/plugins/com.st.stm32cube.ide.mcu.externaltools.gnu-tools-for-stm32.7-2018-q2-update.win32_1.4.0.202007081208/tools/bin/../lib/gcc/arm-none-eabi/7.3.1/thumb/v7-m/crtbegin.o
                0x0000000008003df8                PROVIDE (__init_array_end = .)
                0x0000000008003df8                . = ALIGN (0x4)

.fini_array     0x0000000008003df8        0x4
                0x0000000008003df8                . = ALIGN (0x4)
                [!provide]                        PROVIDE (__fini_array_start = .)
 *(SORT_BY_NAME(.fini_array.*))
 *(.fini_array*)
 .fini_array    0x0000000008003df8        0x4 d:/stm32cubeide_1.4.0/stm32cubeide/plugins/com.st.stm32cube.ide.mcu.externaltools.gnu-tools-for-stm32.7-2018-q2-update.win32_1.4.0.202007081208/tools/bin/../lib/gcc/arm-none-eabi/7.3.1/thumb/v7-m/crtbegin.o
                [!provide]                        PROVIDE (__fini_array_end = .)
                0x0000000008003dfc                . = ALIGN (0x4)
                0x0000000008003dfc                _sidata = LOADADDR (.data)

.data           0x0000000020000000       0x38 load address 0x0000000008003dfc
                0x0000000020000000                . = ALIGN (0x4)
                0x0000000020000000                _sdata = .
 *(.data)
 *(.data*)
 .data.SystemCoreClock
                0x0000000020000000        0x4 Core/Src/system_stm32f1xx.o
                0x0000000020000000                SystemCoreClock
 .data.uwTickPrio
                0x0000000020000004        0x4 Drivers/STM32F1xx_HAL_Driver/Src/stm32f1xx_hal.o
                0x0000000020000004                uwTickPrio
 .data.uwTickFreq
                0x0000000020000008        0x1 Drivers/STM32F1xx_HAL_Driver/Src/stm32f1xx_hal.o
                0x0000000020000008                uwTickFreq
 *fill*         0x0000000020000009        0x3 
 .data.string_humidity
                0x000000002000000c        0xa Perpherial/Src/bluetooth.o
                0x000000002000000c                string_humidity
 *fill*         0x0000000020000016        0x2 
 .data.string_temperature
                0x0000000020000018        0xd Perpherial/Src/bluetooth.o
                0x0000000020000018                string_temperature
 *fill*         0x0000000020000025        0x3 
 .data.string_luminance
                0x0000000020000028        0xb Perpherial/Src/bluetooth.o
                0x0000000020000028                string_luminance
 .data.line_feed
                0x0000000020000033        0x1 Perpherial/Src/bluetooth.o
                0x0000000020000033                line_feed
 .data.space    0x0000000020000034        0x1 Perpherial/Src/bluetooth.o
                0x0000000020000034                space
 .data.count    0x0000000020000035        0x1 Perpherial/Src/dht11.o
                0x0000000020000035                count
                0x0000000020000038                . = ALIGN (0x4)
 *fill*         0x0000000020000036        0x2 
                0x0000000020000038                _edata = .

.igot.plt       0x0000000020000038        0x0 load address 0x0000000008003e34
 .igot.plt      0x0000000020000038        0x0 d:/stm32cubeide_1.4.0/stm32cubeide/plugins/com.st.stm32cube.ide.mcu.externaltools.gnu-tools-for-stm32.7-2018-q2-update.win32_1.4.0.202007081208/tools/bin/../lib/gcc/arm-none-eabi/7.3.1/thumb/v7-m/crtbegin.o
                0x0000000020000038                . = ALIGN (0x4)

.bss            0x0000000020000038      0x104 load address 0x0000000008003e34
                0x0000000020000038                _sbss = .
                0x0000000020000038                __bss_start__ = _sbss
 *(.bss)
 .bss           0x0000000020000038       0x1c d:/stm32cubeide_1.4.0/stm32cubeide/plugins/com.st.stm32cube.ide.mcu.externaltools.gnu-tools-for-stm32.7-2018-q2-update.win32_1.4.0.202007081208/tools/bin/../lib/gcc/arm-none-eabi/7.3.1/thumb/v7-m/crtbegin.o
 *(.bss*)
 .bss.dht11_data
                0x0000000020000054        0x5 Perpherial/Src/dht11.o
                0x0000000020000054                dht11_data
 *fill*         0x0000000020000059        0x1 
 .bss.gy30_data
                0x000000002000005a        0x2 Perpherial/Src/gy30.o
                0x000000002000005a                gy30_data
 *(COMMON)
 COMMON         0x000000002000005c       0xdc Core/Src/main.o
                0x000000002000005c                hi2c2
                0x00000000200000b0                huart1
                0x00000000200000f0                htim2
 COMMON         0x0000000020000138        0x4 Drivers/STM32F1xx_HAL_Driver/Src/stm32f1xx_hal.o
                0x0000000020000138                uwTick
                0x000000002000013c                . = ALIGN (0x4)
                0x000000002000013c                _ebss = .
                0x000000002000013c                __bss_end__ = _ebss

._user_heap_stack
                0x000000002000013c      0x604 load address 0x0000000008003e34
                0x0000000020000140                . = ALIGN (0x8)
 *fill*         0x000000002000013c        0x4 
                [!provide]                        PROVIDE (end = .)
                0x0000000020000140                PROVIDE (_end = .)
                0x0000000020000340                . = (. + _Min_Heap_Size)
 *fill*         0x0000000020000140      0x200 
                0x0000000020000740                . = (. + _Min_Stack_Size)
 *fill*         0x0000000020000340      0x400 
                0x0000000020000740                . = ALIGN (0x8)

/DISCARD/
 libc.a(*)
 libm.a(*)
 libgcc.a(*)

.ARM.attributes
                0x0000000000000000       0x29
 *(.ARM.attributes)
 .ARM.attributes
                0x0000000000000000       0x1d d:/stm32cubeide_1.4.0/stm32cubeide/plugins/com.st.stm32cube.ide.mcu.externaltools.gnu-tools-for-stm32.7-2018-q2-update.win32_1.4.0.202007081208/tools/bin/../lib/gcc/arm-none-eabi/7.3.1/thumb/v7-m/crti.o
 .ARM.attributes
                0x000000000000001d       0x2d d:/stm32cubeide_1.4.0/stm32cubeide/plugins/com.st.stm32cube.ide.mcu.externaltools.gnu-tools-for-stm32.7-2018-q2-update.win32_1.4.0.202007081208/tools/bin/../lib/gcc/arm-none-eabi/7.3.1/thumb/v7-m/crtbegin.o
 .ARM.attributes
                0x000000000000004a       0x33 Core/Src/main.o
 .ARM.attributes
                0x000000000000007d       0x33 Core/Src/stm32f1xx_hal_msp.o
 .ARM.attributes
                0x00000000000000b0       0x33 Core/Src/stm32f1xx_it.o
 .ARM.attributes
                0x00000000000000e3       0x33 Core/Src/system_stm32f1xx.o
 .ARM.attributes
                0x0000000000000116       0x21 Core/Startup/startup_stm32f103c8tx.o
 .ARM.attributes
                0x0000000000000137       0x33 Drivers/STM32F1xx_HAL_Driver/Src/stm32f1xx_hal.o
 .ARM.attributes
                0x000000000000016a       0x33 Drivers/STM32F1xx_HAL_Driver/Src/stm32f1xx_hal_cortex.o
 .ARM.attributes
                0x000000000000019d       0x33 Drivers/STM32F1xx_HAL_Driver/Src/stm32f1xx_hal_dma.o
 .ARM.attributes
                0x00000000000001d0       0x33 Drivers/STM32F1xx_HAL_Driver/Src/stm32f1xx_hal_gpio.o
 .ARM.attributes
                0x0000000000000203       0x33 Drivers/STM32F1xx_HAL_Driver/Src/stm32f1xx_hal_i2c.o
 .ARM.attributes
                0x0000000000000236       0x33 Drivers/STM32F1xx_HAL_Driver/Src/stm32f1xx_hal_rcc.o
 .ARM.attributes
                0x0000000000000269       0x33 Drivers/STM32F1xx_HAL_Driver/Src/stm32f1xx_hal_tim.o
 .ARM.attributes
                0x000000000000029c       0x33 Drivers/STM32F1xx_HAL_Driver/Src/stm32f1xx_hal_tim_ex.o
 .ARM.attributes
                0x00000000000002cf       0x33 Drivers/STM32F1xx_HAL_Driver/Src/stm32f1xx_hal_uart.o
 .ARM.attributes
                0x0000000000000302       0x33 Perpherial/Src/bluetooth.o
 .ARM.attributes
                0x0000000000000335       0x33 Perpherial/Src/dht11.o
 .ARM.attributes
                0x0000000000000368       0x33 Perpherial/Src/gy30.o
 .ARM.attributes
                0x000000000000039b       0x33 Perpherial/Src/lcd1602.o
 .ARM.attributes
                0x00000000000003ce       0x2d d:/stm32cubeide_1.4.0/stm32cubeide/plugins/com.st.stm32cube.ide.mcu.externaltools.gnu-tools-for-stm32.7-2018-q2-update.win32_1.4.0.202007081208/tools/bin/../lib/gcc/arm-none-eabi/7.3.1/../../../../arm-none-eabi/lib/thumb/v7-m\libc_nano.a(lib_a-init.o)
 .ARM.attributes
                0x00000000000003fb       0x2d d:/stm32cubeide_1.4.0/stm32cubeide/plugins/com.st.stm32cube.ide.mcu.externaltools.gnu-tools-for-stm32.7-2018-q2-update.win32_1.4.0.202007081208/tools/bin/../lib/gcc/arm-none-eabi/7.3.1/../../../../arm-none-eabi/lib/thumb/v7-m\libc_nano.a(lib_a-memset.o)
 .ARM.attributes
                0x0000000000000428       0x1d d:/stm32cubeide_1.4.0/stm32cubeide/plugins/com.st.stm32cube.ide.mcu.externaltools.gnu-tools-for-stm32.7-2018-q2-update.win32_1.4.0.202007081208/tools/bin/../lib/gcc/arm-none-eabi/7.3.1/thumb/v7-m/crtn.o
OUTPUT(DHT11_TEST.elf elf32-littlearm)

.debug_info     0x0000000000000000    0x10ecb
 .debug_info    0x0000000000000000     0x179e Core/Src/main.o
 .debug_info    0x000000000000179e     0x180a Core/Src/stm32f1xx_hal_msp.o
 .debug_info    0x0000000000002fa8     0x117b Core/Src/stm32f1xx_it.o
 .debug_info    0x0000000000004123      0x29a Core/Src/system_stm32f1xx.o
 .debug_info    0x00000000000043bd       0x22 Core/Startup/startup_stm32f103c8tx.o
 .debug_info    0x00000000000043df      0x714 Drivers/STM32F1xx_HAL_Driver/Src/stm32f1xx_hal.o
 .debug_info    0x0000000000004af3      0xb51 Drivers/STM32F1xx_HAL_Driver/Src/stm32f1xx_hal_cortex.o
 .debug_info    0x0000000000005644      0x7b1 Drivers/STM32F1xx_HAL_Driver/Src/stm32f1xx_hal_dma.o
 .debug_info    0x0000000000005df5      0x69b Drivers/STM32F1xx_HAL_Driver/Src/stm32f1xx_hal_gpio.o
 .debug_info    0x0000000000006490     0x2555 Drivers/STM32F1xx_HAL_Driver/Src/stm32f1xx_hal_i2c.o
 .debug_info    0x00000000000089e5      0x80f Drivers/STM32F1xx_HAL_Driver/Src/stm32f1xx_hal_rcc.o
 .debug_info    0x00000000000091f4     0x27ef Drivers/STM32F1xx_HAL_Driver/Src/stm32f1xx_hal_tim.o
 .debug_info    0x000000000000b9e3     0x136f Drivers/STM32F1xx_HAL_Driver/Src/stm32f1xx_hal_tim_ex.o
 .debug_info    0x000000000000cd52     0x121b Drivers/STM32F1xx_HAL_Driver/Src/stm32f1xx_hal_uart.o
 .debug_info    0x000000000000df6d      0x6e7 Perpherial/Src/bluetooth.o
 .debug_info    0x000000000000e654      0xafc Perpherial/Src/dht11.o
 .debug_info    0x000000000000f150      0xe81 Perpherial/Src/gy30.o
 .debug_info    0x000000000000ffd1      0xefa Perpherial/Src/lcd1602.o

.debug_abbrev   0x0000000000000000     0x2274
 .debug_abbrev  0x0000000000000000      0x270 Core/Src/main.o
 .debug_abbrev  0x0000000000000270      0x208 Core/Src/stm32f1xx_hal_msp.o
 .debug_abbrev  0x0000000000000478      0x1cb Core/Src/stm32f1xx_it.o
 .debug_abbrev  0x0000000000000643      0x134 Core/Src/system_stm32f1xx.o
 .debug_abbrev  0x0000000000000777       0x12 Core/Startup/startup_stm32f103c8tx.o
 .debug_abbrev  0x0000000000000789      0x1c7 Drivers/STM32F1xx_HAL_Driver/Src/stm32f1xx_hal.o
 .debug_abbrev  0x0000000000000950      0x2d5 Drivers/STM32F1xx_HAL_Driver/Src/stm32f1xx_hal_cortex.o
 .debug_abbrev  0x0000000000000c25      0x1fe Drivers/STM32F1xx_HAL_Driver/Src/stm32f1xx_hal_dma.o
 .debug_abbrev  0x0000000000000e23      0x1c0 Drivers/STM32F1xx_HAL_Driver/Src/stm32f1xx_hal_gpio.o
 .debug_abbrev  0x0000000000000fe3      0x258 Drivers/STM32F1xx_HAL_Driver/Src/stm32f1xx_hal_i2c.o
 .debug_abbrev  0x000000000000123b      0x243 Drivers/STM32F1xx_HAL_Driver/Src/stm32f1xx_hal_rcc.o
 .debug_abbrev  0x000000000000147e      0x230 Drivers/STM32F1xx_HAL_Driver/Src/stm32f1xx_hal_tim.o
 .debug_abbrev  0x00000000000016ae      0x236 Drivers/STM32F1xx_HAL_Driver/Src/stm32f1xx_hal_tim_ex.o
 .debug_abbrev  0x00000000000018e4      0x242 Drivers/STM32F1xx_HAL_Driver/Src/stm32f1xx_hal_uart.o
 .debug_abbrev  0x0000000000001b26      0x172 Perpherial/Src/bluetooth.o
 .debug_abbrev  0x0000000000001c98      0x21f Perpherial/Src/dht11.o
 .debug_abbrev  0x0000000000001eb7      0x1cb Perpherial/Src/gy30.o
 .debug_abbrev  0x0000000000002082      0x1f2 Perpherial/Src/lcd1602.o

.debug_aranges  0x0000000000000000      0xf20
 .debug_aranges
                0x0000000000000000       0x50 Core/Src/main.o
 .debug_aranges
                0x0000000000000050       0x50 Core/Src/stm32f1xx_hal_msp.o
 .debug_aranges
                0x00000000000000a0       0x70 Core/Src/stm32f1xx_it.o
 .debug_aranges
                0x0000000000000110       0x28 Core/Src/system_stm32f1xx.o
 .debug_aranges
                0x0000000000000138       0x28 Core/Startup/startup_stm32f103c8tx.o
 .debug_aranges
                0x0000000000000160       0xe0 Drivers/STM32F1xx_HAL_Driver/Src/stm32f1xx_hal.o
 .debug_aranges
                0x0000000000000240      0x100 Drivers/STM32F1xx_HAL_Driver/Src/stm32f1xx_hal_cortex.o
 .debug_aranges
                0x0000000000000340       0x80 Drivers/STM32F1xx_HAL_Driver/Src/stm32f1xx_hal_dma.o
 .debug_aranges
                0x00000000000003c0       0x58 Drivers/STM32F1xx_HAL_Driver/Src/stm32f1xx_hal_gpio.o
 .debug_aranges
                0x0000000000000418      0x2a0 Drivers/STM32F1xx_HAL_Driver/Src/stm32f1xx_hal_i2c.o
 .debug_aranges
                0x00000000000006b8       0x90 Drivers/STM32F1xx_HAL_Driver/Src/stm32f1xx_hal_rcc.o
 .debug_aranges
                0x0000000000000748      0x3d0 Drivers/STM32F1xx_HAL_Driver/Src/stm32f1xx_hal_tim.o
 .debug_aranges
                0x0000000000000b18      0x168 Drivers/STM32F1xx_HAL_Driver/Src/stm32f1xx_hal_tim_ex.o
 .debug_aranges
                0x0000000000000c80      0x1d0 Drivers/STM32F1xx_HAL_Driver/Src/stm32f1xx_hal_uart.o
 .debug_aranges
                0x0000000000000e50       0x38 Perpherial/Src/bluetooth.o
 .debug_aranges
                0x0000000000000e88       0x30 Perpherial/Src/dht11.o
 .debug_aranges
                0x0000000000000eb8       0x20 Perpherial/Src/gy30.o
 .debug_aranges
                0x0000000000000ed8       0x48 Perpherial/Src/lcd1602.o

.debug_ranges   0x0000000000000000      0xe30
 .debug_ranges  0x0000000000000000       0x40 Core/Src/main.o
 .debug_ranges  0x0000000000000040       0x40 Core/Src/stm32f1xx_hal_msp.o
 .debug_ranges  0x0000000000000080       0x60 Core/Src/stm32f1xx_it.o
 .debug_ranges  0x00000000000000e0       0x18 Core/Src/system_stm32f1xx.o
 .debug_ranges  0x00000000000000f8       0x20 Core/Startup/startup_stm32f103c8tx.o
 .debug_ranges  0x0000000000000118       0xd0 Drivers/STM32F1xx_HAL_Driver/Src/stm32f1xx_hal.o
 .debug_ranges  0x00000000000001e8       0xf0 Drivers/STM32F1xx_HAL_Driver/Src/stm32f1xx_hal_cortex.o
 .debug_ranges  0x00000000000002d8       0x70 Drivers/STM32F1xx_HAL_Driver/Src/stm32f1xx_hal_dma.o
 .debug_ranges  0x0000000000000348       0x48 Drivers/STM32F1xx_HAL_Driver/Src/stm32f1xx_hal_gpio.o
 .debug_ranges  0x0000000000000390      0x2b8 Drivers/STM32F1xx_HAL_Driver/Src/stm32f1xx_hal_i2c.o
 .debug_ranges  0x0000000000000648       0x80 Drivers/STM32F1xx_HAL_Driver/Src/stm32f1xx_hal_rcc.o
 .debug_ranges  0x00000000000006c8      0x3c0 Drivers/STM32F1xx_HAL_Driver/Src/stm32f1xx_hal_tim.o
 .debug_ranges  0x0000000000000a88      0x158 Drivers/STM32F1xx_HAL_Driver/Src/stm32f1xx_hal_tim_ex.o
 .debug_ranges  0x0000000000000be0      0x1c0 Drivers/STM32F1xx_HAL_Driver/Src/stm32f1xx_hal_uart.o
 .debug_ranges  0x0000000000000da0       0x28 Perpherial/Src/bluetooth.o
 .debug_ranges  0x0000000000000dc8       0x20 Perpherial/Src/dht11.o
 .debug_ranges  0x0000000000000de8       0x10 Perpherial/Src/gy30.o
 .debug_ranges  0x0000000000000df8       0x38 Perpherial/Src/lcd1602.o

.debug_macro    0x0000000000000000    0x18472
 .debug_macro   0x0000000000000000      0x2a8 Core/Src/main.o
 .debug_macro   0x00000000000002a8      0xa5a Core/Src/main.o
 .debug_macro   0x0000000000000d02      0x221 Core/Src/main.o
 .debug_macro   0x0000000000000f23       0x2e Core/Src/main.o
 .debug_macro   0x0000000000000f51       0x22 Core/Src/main.o
 .debug_macro   0x0000000000000f73       0x22 Core/Src/main.o
 .debug_macro   0x0000000000000f95       0x8e Core/Src/main.o
 .debug_macro   0x0000000000001023       0x51 Core/Src/main.o
 .debug_macro   0x0000000000001074       0xef Core/Src/main.o
 .debug_macro   0x0000000000001163       0x6a Core/Src/main.o
 .debug_macro   0x00000000000011cd      0x1df Core/Src/main.o
 .debug_macro   0x00000000000013ac       0x1c Core/Src/main.o
 .debug_macro   0x00000000000013c8       0x22 Core/Src/main.o
 .debug_macro   0x00000000000013ea       0xc3 Core/Src/main.o
 .debug_macro   0x00000000000014ad      0xd23 Core/Src/main.o
 .debug_macro   0x00000000000021d0     0xe097 Core/Src/main.o
 .debug_macro   0x0000000000010267       0x43 Core/Src/main.o
 .debug_macro   0x00000000000102aa     0x3468 Core/Src/main.o
 .debug_macro   0x0000000000013712      0x174 Core/Src/main.o
 .debug_macro   0x0000000000013886       0x5c Core/Src/main.o
 .debug_macro   0x00000000000138e2      0x5be Core/Src/main.o
 .debug_macro   0x0000000000013ea0      0x289 Core/Src/main.o
 .debug_macro   0x0000000000014129      0x1cb Core/Src/main.o
 .debug_macro   0x00000000000142f4      0x114 Core/Src/main.o
 .debug_macro   0x0000000000014408      0x1b2 Core/Src/main.o
 .debug_macro   0x00000000000145ba       0x27 Core/Src/main.o
 .debug_macro   0x00000000000145e1      0x136 Core/Src/main.o
 .debug_macro   0x0000000000014717      0x1bc Core/Src/main.o
 .debug_macro   0x00000000000148d3       0x34 Core/Src/main.o
 .debug_macro   0x0000000000014907       0x3c Core/Src/main.o
 .debug_macro   0x0000000000014943       0x57 Core/Src/main.o
 .debug_macro   0x000000000001499a       0x88 Core/Src/main.o
 .debug_macro   0x0000000000014a22      0x241 Core/Src/main.o
 .debug_macro   0x0000000000014c63      0x287 Core/Src/main.o
 .debug_macro   0x0000000000014eea      0x141 Core/Src/main.o
 .debug_macro   0x000000000001502b      0x8d1 Core/Src/main.o
 .debug_macro   0x00000000000158fc      0x26b Core/Src/main.o
 .debug_macro   0x0000000000015b67       0x83 Core/Src/main.o
 .debug_macro   0x0000000000015bea       0x16 Core/Src/main.o
 .debug_macro   0x0000000000015c00       0x46 Core/Src/main.o
 .debug_macro   0x0000000000015c46       0x18 Core/Src/main.o
 .debug_macro   0x0000000000015c5e       0x3c Core/Src/main.o
 .debug_macro   0x0000000000015c9a       0x34 Core/Src/main.o
 .debug_macro   0x0000000000015cce       0x52 Core/Src/main.o
 .debug_macro   0x0000000000015d20       0x1f Core/Src/main.o
 .debug_macro   0x0000000000015d3f       0x43 Core/Src/main.o
 .debug_macro   0x0000000000015d82       0x20 Core/Src/main.o
 .debug_macro   0x0000000000015da2      0x1a3 Core/Src/main.o
 .debug_macro   0x0000000000015f45      0x32a Core/Src/main.o
 .debug_macro   0x000000000001626f       0x10 Core/Src/main.o
 .debug_macro   0x000000000001627f       0x35 Core/Src/main.o
 .debug_macro   0x00000000000162b4       0x20 Core/Src/main.o
 .debug_macro   0x00000000000162d4       0x94 Core/Src/main.o
 .debug_macro   0x0000000000016368      0x2a8 Core/Src/stm32f1xx_hal_msp.o
 .debug_macro   0x0000000000016610      0x2b2 Core/Src/stm32f1xx_it.o
 .debug_macro   0x00000000000168c2      0x1ad Core/Src/system_stm32f1xx.o
 .debug_macro   0x0000000000016a6f      0x1d1 Drivers/STM32F1xx_HAL_Driver/Src/stm32f1xx_hal.o
 .debug_macro   0x0000000000016c40      0x1ad Drivers/STM32F1xx_HAL_Driver/Src/stm32f1xx_hal_cortex.o
 .debug_macro   0x0000000000016ded      0x1ad Drivers/STM32F1xx_HAL_Driver/Src/stm32f1xx_hal_dma.o
 .debug_macro   0x0000000000016f9a      0x218 Drivers/STM32F1xx_HAL_Driver/Src/stm32f1xx_hal_gpio.o
 .debug_macro   0x00000000000171b2      0x1f4 Drivers/STM32F1xx_HAL_Driver/Src/stm32f1xx_hal_i2c.o
 .debug_macro   0x00000000000173a6      0x1bf Drivers/STM32F1xx_HAL_Driver/Src/stm32f1xx_hal_rcc.o
 .debug_macro   0x0000000000017565      0x1ae Drivers/STM32F1xx_HAL_Driver/Src/stm32f1xx_hal_tim.o
 .debug_macro   0x0000000000017713      0x1ad Drivers/STM32F1xx_HAL_Driver/Src/stm32f1xx_hal_tim_ex.o
 .debug_macro   0x00000000000178c0      0x1ae Drivers/STM32F1xx_HAL_Driver/Src/stm32f1xx_hal_uart.o
 .debug_macro   0x0000000000017a6e      0x1b7 Perpherial/Src/bluetooth.o
 .debug_macro   0x0000000000017c25      0x2ae Perpherial/Src/dht11.o
 .debug_macro   0x0000000000017ed3      0x2b2 Perpherial/Src/gy30.o
 .debug_macro   0x0000000000018185       0x10 Perpherial/Src/gy30.o
 .debug_macro   0x0000000000018195      0x2bb Perpherial/Src/lcd1602.o
 .debug_macro   0x0000000000018450       0x22 Perpherial/Src/lcd1602.o

.debug_line     0x0000000000000000     0xcf24
 .debug_line    0x0000000000000000      0x924 Core/Src/main.o
 .debug_line    0x0000000000000924      0x8d6 Core/Src/stm32f1xx_hal_msp.o
 .debug_line    0x00000000000011fa      0x912 Core/Src/stm32f1xx_it.o
 .debug_line    0x0000000000001b0c      0x6aa Core/Src/system_stm32f1xx.o
 .debug_line    0x00000000000021b6       0x84 Core/Startup/startup_stm32f103c8tx.o
 .debug_line    0x000000000000223a      0x85d Drivers/STM32F1xx_HAL_Driver/Src/stm32f1xx_hal.o
 .debug_line    0x0000000000002a97      0x934 Drivers/STM32F1xx_HAL_Driver/Src/stm32f1xx_hal_cortex.o
 .debug_line    0x00000000000033cb      0xac2 Drivers/STM32F1xx_HAL_Driver/Src/stm32f1xx_hal_dma.o
 .debug_line    0x0000000000003e8d      0x859 Drivers/STM32F1xx_HAL_Driver/Src/stm32f1xx_hal_gpio.o
 .debug_line    0x00000000000046e6     0x1c03 Drivers/STM32F1xx_HAL_Driver/Src/stm32f1xx_hal_i2c.o
 .debug_line    0x00000000000062e9      0x91d Drivers/STM32F1xx_HAL_Driver/Src/stm32f1xx_hal_rcc.o
 .debug_line    0x0000000000006c06     0x1fb6 Drivers/STM32F1xx_HAL_Driver/Src/stm32f1xx_hal_tim.o
 .debug_line    0x0000000000008bbc     0x12c4 Drivers/STM32F1xx_HAL_Driver/Src/stm32f1xx_hal_tim_ex.o
 .debug_line    0x0000000000009e80      0xf9b Drivers/STM32F1xx_HAL_Driver/Src/stm32f1xx_hal_uart.o
 .debug_line    0x000000000000ae1b      0x719 Perpherial/Src/bluetooth.o
 .debug_line    0x000000000000b534      0x8ce Perpherial/Src/dht11.o
 .debug_line    0x000000000000be02      0x846 Perpherial/Src/gy30.o
 .debug_line    0x000000000000c648      0x8dc Perpherial/Src/lcd1602.o

.debug_str      0x0000000000000000    0x8b7fa
 .debug_str     0x0000000000000000    0x8803f Core/Src/main.o
                                      0x8851f (size before relaxing)
 .debug_str     0x000000000008803f      0x345 Core/Src/stm32f1xx_hal_msp.o
                                      0x8863e (size before relaxing)
 .debug_str     0x0000000000088384       0xdf Core/Src/stm32f1xx_it.o
                                      0x8807a (size before relaxing)
 .debug_str     0x0000000000088463       0x52 Core/Src/system_stm32f1xx.o
                                      0x847aa (size before relaxing)
 .debug_str     0x00000000000884b5       0x36 Core/Startup/startup_stm32f103c8tx.o
                                         0x73 (size before relaxing)
 .debug_str     0x00000000000884eb      0x304 Drivers/STM32F1xx_HAL_Driver/Src/stm32f1xx_hal.o
                                      0x84e3b (size before relaxing)
 .debug_str     0x00000000000887ef      0x300 Drivers/STM32F1xx_HAL_Driver/Src/stm32f1xx_hal_cortex.o
                                      0x84e43 (size before relaxing)
 .debug_str     0x0000000000088aef      0x230 Drivers/STM32F1xx_HAL_Driver/Src/stm32f1xx_hal_dma.o
                                      0x84b85 (size before relaxing)
 .debug_str     0x0000000000088d1f      0x31f Drivers/STM32F1xx_HAL_Driver/Src/stm32f1xx_hal_gpio.o
                                      0x84b6e (size before relaxing)
 .debug_str     0x000000000008903e      0xb55 Drivers/STM32F1xx_HAL_Driver/Src/stm32f1xx_hal_i2c.o
                                      0x857e6 (size before relaxing)
 .debug_str     0x0000000000089b93      0x244 Drivers/STM32F1xx_HAL_Driver/Src/stm32f1xx_hal_rcc.o
                                      0x84ba7 (size before relaxing)
 .debug_str     0x0000000000089dd7      0xde0 Drivers/STM32F1xx_HAL_Driver/Src/stm32f1xx_hal_tim.o
                                      0x85b79 (size before relaxing)
 .debug_str     0x000000000008abb7      0x517 Drivers/STM32F1xx_HAL_Driver/Src/stm32f1xx_hal_tim_ex.o
                                      0x85353 (size before relaxing)
 .debug_str     0x000000000008b0ce      0x51e Drivers/STM32F1xx_HAL_Driver/Src/stm32f1xx_hal_uart.o
                                      0x850ad (size before relaxing)
 .debug_str     0x000000000008b5ec       0xc2 Perpherial/Src/bluetooth.o
                                      0x84b9f (size before relaxing)
 .debug_str     0x000000000008b6ae       0x61 Perpherial/Src/dht11.o
                                      0x879d5 (size before relaxing)
 .debug_str     0x000000000008b70f       0x30 Perpherial/Src/gy30.o
                                      0x87dc5 (size before relaxing)
 .debug_str     0x000000000008b73f       0xbb Perpherial/Src/lcd1602.o
                                      0x87db2 (size before relaxing)

.comment        0x0000000000000000       0x7b
 .comment       0x0000000000000000       0x7b Core/Src/main.o
                                         0x7c (size before relaxing)
 .comment       0x000000000000007b       0x7c Core/Src/stm32f1xx_hal_msp.o
 .comment       0x000000000000007b       0x7c Core/Src/stm32f1xx_it.o
 .comment       0x000000000000007b       0x7c Core/Src/system_stm32f1xx.o
 .comment       0x000000000000007b       0x7c Drivers/STM32F1xx_HAL_Driver/Src/stm32f1xx_hal.o
 .comment       0x000000000000007b       0x7c Drivers/STM32F1xx_HAL_Driver/Src/stm32f1xx_hal_cortex.o
 .comment       0x000000000000007b       0x7c Drivers/STM32F1xx_HAL_Driver/Src/stm32f1xx_hal_dma.o
 .comment       0x000000000000007b       0x7c Drivers/STM32F1xx_HAL_Driver/Src/stm32f1xx_hal_gpio.o
 .comment       0x000000000000007b       0x7c Drivers/STM32F1xx_HAL_Driver/Src/stm32f1xx_hal_i2c.o
 .comment       0x000000000000007b       0x7c Drivers/STM32F1xx_HAL_Driver/Src/stm32f1xx_hal_rcc.o
 .comment       0x000000000000007b       0x7c Drivers/STM32F1xx_HAL_Driver/Src/stm32f1xx_hal_tim.o
 .comment       0x000000000000007b       0x7c Drivers/STM32F1xx_HAL_Driver/Src/stm32f1xx_hal_tim_ex.o
 .comment       0x000000000000007b       0x7c Drivers/STM32F1xx_HAL_Driver/Src/stm32f1xx_hal_uart.o
 .comment       0x000000000000007b       0x7c Perpherial/Src/bluetooth.o
 .comment       0x000000000000007b       0x7c Perpherial/Src/dht11.o
 .comment       0x000000000000007b       0x7c Perpherial/Src/gy30.o
 .comment       0x000000000000007b       0x7c Perpherial/Src/lcd1602.o

.debug_frame    0x0000000000000000     0x3f58
 .debug_frame   0x0000000000000000       0xf0 Core/Src/main.o
 .debug_frame   0x00000000000000f0      0x110 Core/Src/stm32f1xx_hal_msp.o
 .debug_frame   0x0000000000000200      0x144 Core/Src/stm32f1xx_it.o
 .debug_frame   0x0000000000000344       0x58 Core/Src/system_stm32f1xx.o
 .debug_frame   0x000000000000039c      0x334 Drivers/STM32F1xx_HAL_Driver/Src/stm32f1xx_hal.o
 .debug_frame   0x00000000000006d0      0x428 Drivers/STM32F1xx_HAL_Driver/Src/stm32f1xx_hal_cortex.o
 .debug_frame   0x0000000000000af8      0x208 Drivers/STM32F1xx_HAL_Driver/Src/stm32f1xx_hal_dma.o
 .debug_frame   0x0000000000000d00      0x14c Drivers/STM32F1xx_HAL_Driver/Src/stm32f1xx_hal_gpio.o
 .debug_frame   0x0000000000000e4c      0xc54 Drivers/STM32F1xx_HAL_Driver/Src/stm32f1xx_hal_i2c.o
 .debug_frame   0x0000000000001aa0      0x21c Drivers/STM32F1xx_HAL_Driver/Src/stm32f1xx_hal_rcc.o
 .debug_frame   0x0000000000001cbc     0x11b8 Drivers/STM32F1xx_HAL_Driver/Src/stm32f1xx_hal_tim.o
 .debug_frame   0x0000000000002e74      0x638 Drivers/STM32F1xx_HAL_Driver/Src/stm32f1xx_hal_tim_ex.o
 .debug_frame   0x00000000000034ac      0x834 Drivers/STM32F1xx_HAL_Driver/Src/stm32f1xx_hal_uart.o
 .debug_frame   0x0000000000003ce0       0x98 Perpherial/Src/bluetooth.o
 .debug_frame   0x0000000000003d78       0x80 Perpherial/Src/dht11.o
 .debug_frame   0x0000000000003df8       0x34 Perpherial/Src/gy30.o
 .debug_frame   0x0000000000003e2c       0xe0 Perpherial/Src/lcd1602.o
 .debug_frame   0x0000000000003f0c       0x2c d:/stm32cubeide_1.4.0/stm32cubeide/plugins/com.st.stm32cube.ide.mcu.externaltools.gnu-tools-for-stm32.7-2018-q2-update.win32_1.4.0.202007081208/tools/bin/../lib/gcc/arm-none-eabi/7.3.1/../../../../arm-none-eabi/lib/thumb/v7-m\libc_nano.a(lib_a-init.o)
 .debug_frame   0x0000000000003f38       0x20 d:/stm32cubeide_1.4.0/stm32cubeide/plugins/com.st.stm32cube.ide.mcu.externaltools.gnu-tools-for-stm32.7-2018-q2-update.win32_1.4.0.202007081208/tools/bin/../lib/gcc/arm-none-eabi/7.3.1/../../../../arm-none-eabi/lib/thumb/v7-m\libc_nano.a(lib_a-memset.o)
