Archive member included to satisfy reference by file (symbol)

d:/stm32cubeide_1.4.0/stm32cubeide/plugins/com.st.stm32cube.ide.mcu.externaltools.gnu-tools-for-stm32.7-2018-q2-update.win32_1.4.0.202007081208/tools/bin/../lib/gcc/arm-none-eabi/7.3.1/../../../../arm-none-eabi/lib/thumb/v7-m\libc_nano.a(lib_a-errno.o)
                              Core/Src/syscalls.o (__errno)
d:/stm32cubeide_1.4.0/stm32cubeide/plugins/com.st.stm32cube.ide.mcu.externaltools.gnu-tools-for-stm32.7-2018-q2-update.win32_1.4.0.202007081208/tools/bin/../lib/gcc/arm-none-eabi/7.3.1/../../../../arm-none-eabi/lib/thumb/v7-m\libc_nano.a(lib_a-exit.o)
                              d:/stm32cubeide_1.4.0/stm32cubeide/plugins/com.st.stm32cube.ide.mcu.externaltools.gnu-tools-for-stm32.7-2018-q2-update.win32_1.4.0.202007081208/tools/bin/../lib/gcc/arm-none-eabi/7.3.1/../../../../arm-none-eabi/lib/thumb/v7-m/crt0.o (exit)
d:/stm32cubeide_1.4.0/stm32cubeide/plugins/com.st.stm32cube.ide.mcu.externaltools.gnu-tools-for-stm32.7-2018-q2-update.win32_1.4.0.202007081208/tools/bin/../lib/gcc/arm-none-eabi/7.3.1/../../../../arm-none-eabi/lib/thumb/v7-m\libc_nano.a(lib_a-impure.o)
                              d:/stm32cubeide_1.4.0/stm32cubeide/plugins/com.st.stm32cube.ide.mcu.externaltools.gnu-tools-for-stm32.7-2018-q2-update.win32_1.4.0.202007081208/tools/bin/../lib/gcc/arm-none-eabi/7.3.1/../../../../arm-none-eabi/lib/thumb/v7-m\libc_nano.a(lib_a-exit.o) (_global_impure_ptr)
d:/stm32cubeide_1.4.0/stm32cubeide/plugins/com.st.stm32cube.ide.mcu.externaltools.gnu-tools-for-stm32.7-2018-q2-update.win32_1.4.0.202007081208/tools/bin/../lib/gcc/arm-none-eabi/7.3.1/../../../../arm-none-eabi/lib/thumb/v7-m\libc_nano.a(lib_a-init.o)
                              d:/stm32cubeide_1.4.0/stm32cubeide/plugins/com.st.stm32cube.ide.mcu.externaltools.gnu-tools-for-stm32.7-2018-q2-update.win32_1.4.0.202007081208/tools/bin/../lib/gcc/arm-none-eabi/7.3.1/../../../../arm-none-eabi/lib/thumb/v7-m/crt0.o (__libc_init_array)
d:/stm32cubeide_1.4.0/stm32cubeide/plugins/com.st.stm32cube.ide.mcu.externaltools.gnu-tools-for-stm32.7-2018-q2-update.win32_1.4.0.202007081208/tools/bin/../lib/gcc/arm-none-eabi/7.3.1/../../../../arm-none-eabi/lib/thumb/v7-m\libc_nano.a(lib_a-memcpy-stub.o)
                              Middlewares/Third_Party/FreeRTOS/Source/CMSIS_RTOS_V2/cmsis_os2.o (memcpy)
d:/stm32cubeide_1.4.0/stm32cubeide/plugins/com.st.stm32cube.ide.mcu.externaltools.gnu-tools-for-stm32.7-2018-q2-update.win32_1.4.0.202007081208/tools/bin/../lib/gcc/arm-none-eabi/7.3.1/../../../../arm-none-eabi/lib/thumb/v7-m\libc_nano.a(lib_a-memset.o)
                              d:/stm32cubeide_1.4.0/stm32cubeide/plugins/com.st.stm32cube.ide.mcu.externaltools.gnu-tools-for-stm32.7-2018-q2-update.win32_1.4.0.202007081208/tools/bin/../lib/gcc/arm-none-eabi/7.3.1/../../../../arm-none-eabi/lib/thumb/v7-m/crt0.o (memset)
d:/stm32cubeide_1.4.0/stm32cubeide/plugins/com.st.stm32cube.ide.mcu.externaltools.gnu-tools-for-stm32.7-2018-q2-update.win32_1.4.0.202007081208/tools/bin/../lib/gcc/arm-none-eabi/7.3.1/thumb/v7-m\libgcc.a(_aeabi_ldivmod.o)
                              Perpherial/Src/bmp280.o (__aeabi_ldivmod)
d:/stm32cubeide_1.4.0/stm32cubeide/plugins/com.st.stm32cube.ide.mcu.externaltools.gnu-tools-for-stm32.7-2018-q2-update.win32_1.4.0.202007081208/tools/bin/../lib/gcc/arm-none-eabi/7.3.1/thumb/v7-m\libgcc.a(_udivmoddi4.o)
                              d:/stm32cubeide_1.4.0/stm32cubeide/plugins/com.st.stm32cube.ide.mcu.externaltools.gnu-tools-for-stm32.7-2018-q2-update.win32_1.4.0.202007081208/tools/bin/../lib/gcc/arm-none-eabi/7.3.1/thumb/v7-m\libgcc.a(_aeabi_ldivmod.o) (__udivmoddi4)
d:/stm32cubeide_1.4.0/stm32cubeide/plugins/com.st.stm32cube.ide.mcu.externaltools.gnu-tools-for-stm32.7-2018-q2-update.win32_1.4.0.202007081208/tools/bin/../lib/gcc/arm-none-eabi/7.3.1/thumb/v7-m\libgcc.a(_dvmd_tls.o)
                              d:/stm32cubeide_1.4.0/stm32cubeide/plugins/com.st.stm32cube.ide.mcu.externaltools.gnu-tools-for-stm32.7-2018-q2-update.win32_1.4.0.202007081208/tools/bin/../lib/gcc/arm-none-eabi/7.3.1/thumb/v7-m\libgcc.a(_aeabi_ldivmod.o) (__aeabi_ldiv0)

Allocating common symbols
Common symbol       size              file

dig_P7              0x2               Core/Src/freertos.o
dig_T1              0x2               Core/Src/freertos.o
defaultTaskHandle   0x4               Core/Src/main.o
Queue_BMP280_dataHandle
                    0x4               Core/Src/main.o
hi2c2               0x54              Core/Src/main.o
dig_T2              0x2               Core/Src/freertos.o
uwTick              0x4               Drivers/STM32F1xx_HAL_Driver/Src/stm32f1xx_hal.o
xQueueRegistry      0x40              Middlewares/Third_Party/FreeRTOS/Source/queue.o
temperature         0x4               Core/Src/freertos.o
pFlash              0x20              Drivers/STM32F1xx_HAL_Driver/Src/stm32f1xx_hal_flash.o
dig_P2              0x2               Core/Src/freertos.o
[...]
Memory Configuration

Name             Origin             Length             Attributes
RAM              0x0000000020000000 0x0000000000005000 xrw
FLASH            0x0000000008000000 0x0000000000010000 xr
*default*        0x0000000000000000 0xffffffffffffffff

Linker script and memory map

LOAD d:/stm32cubeide_1.4.0/stm32cubeide/plugins/com.st.stm32cube.ide.mcu.externaltools.gnu-tools-for-stm32.7-2018-q2-update.win32_1.4.0.202007081208/tools/bin/../lib/gcc/arm-none-eabi/7.3.1/thumb/v7-m/crti.o
LOAD d:/stm32cubeide_1.4.0/stm32cubeide/plugins/com.st.stm32cube.ide.mcu.externaltools.gnu-tools-for-stm32.7-2018-q2-update.win32_1.4.0.202007081208/tools/bin/../lib/gcc/arm-none-eabi/7.3.1/thumb/v7-m/crtbegin.o
LOAD d:/stm32cubeide_1.4.0/stm32cubeide/plugins/com.st.stm32cube.ide.mcu.externaltools.gnu-tools-for-stm32.7-2018-q2-update.win32_1.4.0.202007081208/tools/bin/../lib/gcc/arm-none-eabi/7.3.1/../../../../arm-none-eabi/lib/thumb/v7-m/crt0.o
LOAD Core/Src/freertos.o
LOAD Core/Src/main.o
LOAD Core/Src/stm32f1xx_hal_msp.o
LOAD Core/Src/stm32f1xx_hal_timebase_tim.o
LOAD Core/Src/stm32f1xx_it.o
LOAD Core/Src/syscalls.o
LOAD Core/Src/sysmem.o
LOAD Core/Src/system_stm32f1xx.o
LOAD Core/Startup/startup_stm32f103c8tx.o
LOAD Drivers/STM32F1xx_HAL_Driver/Src/stm32f1xx_hal.o
LOAD Drivers/STM32F1xx_HAL_Driver/Src/stm32f1xx_hal_cortex.o
LOAD Drivers/STM32F1xx_HAL_Driver/Src/stm32f1xx_hal_dma.o
LOAD Drivers/STM32F1xx_HAL_Driver/Src/stm32f1xx_hal_exti.o
LOAD Drivers/STM32F1xx_HAL_Driver/Src/stm32f1xx_hal_flash.o
LOAD Drivers/STM32F1xx_HAL_Driver/Src/stm32f1xx_hal_flash_ex.o
LOAD Drivers/STM32F1xx_HAL_Driver/Src/stm32f1xx_hal_gpio.o
LOAD Drivers/STM32F1xx_HAL_Driver/Src/stm32f1xx_hal_gpio_ex.o
LOAD Drivers/STM32F1xx_HAL_Driver/Src/stm32f1xx_hal_i2c.o
LOAD Drivers/STM32F1xx_HAL_Driver/Src/stm32f1xx_hal_pwr.o
LOAD Drivers/STM32F1xx_HAL_Driver/Src/stm32f1xx_hal_rcc.o
LOAD Drivers/STM32F1xx_HAL_Driver/Src/stm32f1xx_hal_rcc_ex.o
LOAD Drivers/STM32F1xx_HAL_Driver/Src/stm32f1xx_hal_tim.o
LOAD Drivers/STM32F1xx_HAL_Driver/Src/stm32f1xx_hal_tim_ex.o
LOAD Drivers/STM32F1xx_HAL_Driver/Src/stm32f1xx_hal_uart.o
LOAD Middlewares/Third_Party/FreeRTOS/Source/CMSIS_RTOS_V2/cmsis_os2.o
LOAD Middlewares/Third_Party/FreeRTOS/Source/croutine.o
LOAD Middlewares/Third_Party/FreeRTOS/Source/event_groups.o
LOAD Middlewares/Third_Party/FreeRTOS/Source/list.o
LOAD Middlewares/Third_Party/FreeRTOS/Source/queue.o
LOAD Middlewares/Third_Party/FreeRTOS/Source/stream_buffer.o
LOAD Middlewares/Third_Party/FreeRTOS/Source/tasks.o
LOAD Middlewares/Third_Party/FreeRTOS/Source/timers.o
LOAD Middlewares/Third_Party/FreeRTOS/Source/portable/GCC/ARM_CM3/port.o
LOAD Middlewares/Third_Party/FreeRTOS/Source/portable/MemMang/heap_4.o
LOAD Perpherial/Src/bluetooth.o
LOAD Perpherial/Src/bmp280.o
LOAD Perpherial/Src/dht11.o
LOAD Perpherial/Src/gy30.o
LOAD Perpherial/Src/lcd1602.o
START GROUP
LOAD d:/stm32cubeide_1.4.0/stm32cubeide/plugins/com.st.stm32cube.ide.mcu.externaltools.gnu-tools-for-stm32.7-2018-q2-update.win32_1.4.0.202007081208/tools/bin/../lib/gcc/arm-none-eabi/7.3.1/../../../../arm-none-eabi/lib/thumb/v7-m\libc_nano.a
LOAD d:/stm32cubeide_1.4.0/stm32cubeide/plugins/com.st.stm32cube.ide.mcu.externaltools.gnu-tools-for-stm32.7-2018-q2-update.win32_1.4.0.202007081208/tools/bin/../lib/gcc/arm-none-eabi/7.3.1/../../../../arm-none-eabi/lib/thumb/v7-m\libm.a
END GROUP
START GROUP
LOAD d:/stm32cubeide_1.4.0/stm32cubeide/plugins/com.st.stm32cube.ide.mcu.externaltools.gnu-tools-for-stm32.7-2018-q2-update.win32_1.4.0.202007081208/tools/bin/../lib/gcc/arm-none-eabi/7.3.1/thumb/v7-m\libgcc.a
LOAD d:/stm32cubeide_1.4.0/stm32cubeide/plugins/com.st.stm32cube.ide.mcu.externaltools.gnu-tools-for-stm32.7-2018-q2-update.win32_1.4.0.202007081208/tools/bin/../lib/gcc/arm-none-eabi/7.3.1/../../../../arm-none-eabi/lib/thumb/v7-m\libc_nano.a
END GROUP
START GROUP
LOAD d:/stm32cubeide_1.4.0/stm32cubeide/plugins/com.st.stm32cube.ide.mcu.externaltools.gnu-tools-for-stm32.7-2018-q2-update.win32_1.4.0.202007081208/tools/bin/../lib/gcc/arm-none-eabi/7.3.1/thumb/v7-m\libgcc.a
LOAD d:/stm32cubeide_1.4.0/stm32cubeide/plugins/com.st.stm32cube.ide.mcu.externaltools.gnu-tools-for-stm32.7-2018-q2-update.win32_1.4.0.202007081208/tools/bin/../lib/gcc/arm-none-eabi/7.3.1/../../../../arm-none-eabi/lib/thumb/v7-m\libc_nano.a
LOAD d:/stm32cubeide_1.4.0/stm32cubeide/plugins/com.st.stm32cube.ide.mcu.externaltools.gnu-tools-for-stm32.7-2018-q2-update.win32_1.4.0.202007081208/tools/bin/../lib/gcc/arm-none-eabi/7.3.1/../../../../arm-none-eabi/lib/thumb/v7-m\libnosys.a
END GROUP
START GROUP
LOAD d:/stm32cubeide_1.4.0/stm32cubeide/plugins/com.st.stm32cube.ide.mcu.externaltools.gnu-tools-for-stm32.7-2018-q2-update.win32_1.4.0.202007081208/tools/bin/../lib/gcc/arm-none-eabi/7.3.1/thumb/v7-m\libgcc.a
LOAD d:/stm32cubeide_1.4.0/stm32cubeide/plugins/com.st.stm32cube.ide.mcu.externaltools.gnu-tools-for-stm32.7-2018-q2-update.win32_1.4.0.202007081208/tools/bin/../lib/gcc/arm-none-eabi/7.3.1/../../../../arm-none-eabi/lib/thumb/v7-m\libc_nano.a
LOAD d:/stm32cubeide_1.4.0/stm32cubeide/plugins/com.st.stm32cube.ide.mcu.externaltools.gnu-tools-for-stm32.7-2018-q2-update.win32_1.4.0.202007081208/tools/bin/../lib/gcc/arm-none-eabi/7.3.1/../../../../arm-none-eabi/lib/thumb/v7-m\libnosys.a
END GROUP
LOAD d:/stm32cubeide_1.4.0/stm32cubeide/plugins/com.st.stm32cube.ide.mcu.externaltools.gnu-tools-for-stm32.7-2018-q2-update.win32_1.4.0.202007081208/tools/bin/../lib/gcc/arm-none-eabi/7.3.1/thumb/v7-m/crtend.o
LOAD d:/stm32cubeide_1.4.0/stm32cubeide/plugins/com.st.stm32cube.ide.mcu.externaltools.gnu-tools-for-stm32.7-2018-q2-update.win32_1.4.0.202007081208/tools/bin/../lib/gcc/arm-none-eabi/7.3.1/thumb/v7-m/crtn.o
                0x0000000020005000                _estack = (ORIGIN (RAM) + LENGTH (RAM))
                0x0000000000000200                _Min_Heap_Size = 0x200
                0x0000000000000400                _Min_Stack_Size = 0x400

.isr_vector     0x0000000008000000      0x10c
                0x0000000008000000                . = ALIGN (0x4)
 *(.isr_vector)
 .isr_vector    0x0000000008000000      0x10c Core/Startup/startup_stm32f103c8tx.o
                0x0000000008000000                g_pfnVectors
                0x000000000800010c                . = ALIGN (0x4)

.text           0x0000000008000110     0x6f4c
                0x0000000008000110                . = ALIGN (0x4)
 *(.text)
 .text          0x0000000008000110       0x40 d:/stm32cubeide_1.4.0/stm32cubeide/plugins/com.st.stm32cube.ide.mcu.externaltools.gnu-tools-for-stm32.7-2018-q2-update.win32_1.4.0.202007081208/tools/bin/../lib/gcc/arm-none-eabi/7.3.1/thumb/v7-m/crtbegin.o
 *(.text*)
 .text.main     0x0000000008000150       0xe8 Core/Src/main.o
                0x0000000008000150                main
 .text.SystemClock_Config
                0x0000000008000238       0x8a Core/Src/main.o
                0x0000000008000238                SystemClock_Config
 *fill*         0x00000000080002c2        0x2 
 .text.MX_I2C2_Init
                0x00000000080002c4       0x5c Core/Src/main.o
 .text.MX_TIM2_Init
                0x0000000008000320       0x98 Core/Src/main.o
 .text.MX_USART1_UART_Init
                0x00000000080003b8       0x54 Core/Src/main.o
 .text.MX_GPIO_Init
                0x000000000800040c       0xe4 Core/Src/main.o
 .text.StartDefaultTask
                0x00000000080004f0       0x10 Core/Src/main.o
                0x00000000080004f0                StartDefaultTask
 .text.Entry_lcd_show
                0x0000000008000500       0x74 Core/Src/main.o
                0x0000000008000500                Entry_lcd_show
 .text.Entry_getBMP280
                0x0000000008000574       0x54 Core/Src/main.o
                0x0000000008000574                Entry_getBMP280
 .text.Entry_getDHT11
                0x00000000080005c8       0x40 Core/Src/main.o
                0x00000000080005c8                Entry_getDHT11
 .text.HAL_TIM_PeriodElapsedCallback
                0x0000000008000608       0x24 Core/Src/main.o
                0x0000000008000608                HAL_TIM_PeriodElapsedCallback
 .text.Error_Handler
                0x000000000800062c        0xc Core/Src/main.o
                0x000000000800062c                Error_Handler
 .text.HAL_MspInit
                0x0000000008000638       0x64 Core/Src/stm32f1xx_hal_msp.o
                0x0000000008000638                HAL_MspInit
 .text.HAL_I2C_MspInit
                0x000000000800069c       0x80 Core/Src/stm32f1xx_hal_msp.o
                0x000000000800069c                HAL_I2C_MspInit
 .text.HAL_TIM_Base_MspInit
                0x000000000800071c       0x48 Core/Src/stm32f1xx_hal_msp.o
                0x000000000800071c                HAL_TIM_Base_MspInit
 .text.HAL_UART_MspInit
                0x0000000008000764       0xa8 Core/Src/stm32f1xx_hal_msp.o
                0x0000000008000764                HAL_UART_MspInit
 .text.HAL_InitTick
                0x000000000800080c       0xac Core/Src/stm32f1xx_hal_timebase_tim.o
                0x000000000800080c                HAL_InitTick
 .text.NMI_Handler
                0x00000000080008b8        0xc Core/Src/stm32f1xx_it.o
                0x00000000080008b8                NMI_Handler
 .text.HardFault_Handler
                0x00000000080008c4        0x6 Core/Src/stm32f1xx_it.o
                0x00000000080008c4                HardFault_Handler
 .text.MemManage_Handler
                0x00000000080008ca        0x6 Core/Src/stm32f1xx_it.o
                0x00000000080008ca                MemManage_Handler
 .text.BusFault_Handler
                0x00000000080008d0        0x6 Core/Src/stm32f1xx_it.o
                0x00000000080008d0                BusFault_Handler
 .text.UsageFault_Handler
                0x00000000080008d6        0x6 Core/Src/stm32f1xx_it.o
                0x00000000080008d6                UsageFault_Handler
 .text.DebugMon_Handler
                0x00000000080008dc        0xc Core/Src/stm32f1xx_it.o
                0x00000000080008dc                DebugMon_Handler
 .text.TIM1_UP_IRQHandler
                0x00000000080008e8       0x14 Core/Src/stm32f1xx_it.o
                0x00000000080008e8                TIM1_UP_IRQHandler
 .text.TIM2_IRQHandler
                0x00000000080008fc       0x14 Core/Src/stm32f1xx_it.o
                0x00000000080008fc                TIM2_IRQHandler
 .text.USART1_IRQHandler
                0x0000000008000910       0x14 Core/Src/stm32f1xx_it.o
                0x0000000008000910                USART1_IRQHandler
 .text.SystemInit
                0x0000000008000924        0xc Core/Src/system_stm32f1xx.o
                0x0000000008000924                SystemInit
 .text.Reset_Handler
                0x0000000008000930       0x48 Core/Startup/startup_stm32f103c8tx.o
                0x0000000008000930                Reset_Handler
 .text.Default_Handler
                0x0000000008000978        0x2 Core/Startup/startup_stm32f103c8tx.o
                0x0000000008000978                RTC_Alarm_IRQHandler
                0x0000000008000978                EXTI2_IRQHandler
                0x0000000008000978                TIM1_CC_IRQHandler
                0x0000000008000978                PVD_IRQHandler
                0x0000000008000978                EXTI3_IRQHandler
                0x0000000008000978                EXTI0_IRQHandler
                0x0000000008000978                I2C2_EV_IRQHandler
                0x0000000008000978                ADC1_2_IRQHandler
                0x0000000008000978                SPI1_IRQHandler
                0x0000000008000978                TAMPER_IRQHandler
                0x0000000008000978                DMA1_Channel4_IRQHandler
                0x0000000008000978                USART3_IRQHandler
                0x0000000008000978                RTC_IRQHandler
                0x0000000008000978                DMA1_Channel7_IRQHandler
                0x0000000008000978                CAN1_RX1_IRQHandler
                0x0000000008000978                TIM4_IRQHandler
                0x0000000008000978                I2C1_EV_IRQHandler
                0x0000000008000978                DMA1_Channel6_IRQHandler
                0x0000000008000978                TIM3_IRQHandler
                0x0000000008000978                RCC_IRQHandler
                0x0000000008000978                TIM1_TRG_COM_IRQHandler
                0x0000000008000978                DMA1_Channel1_IRQHandler
                0x0000000008000978                Default_Handler
                0x0000000008000978                EXTI15_10_IRQHandler
                0x0000000008000978                EXTI9_5_IRQHandler
                0x0000000008000978                SPI2_IRQHandler
                0x0000000008000978                DMA1_Channel5_IRQHandler
                0x0000000008000978                EXTI4_IRQHandler
                0x0000000008000978                USB_LP_CAN1_RX0_IRQHandler
                0x0000000008000978                USB_HP_CAN1_TX_IRQHandler
                0x0000000008000978                DMA1_Channel3_IRQHandler
                0x0000000008000978                WWDG_IRQHandler
                0x0000000008000978                TIM1_BRK_IRQHandler
                0x0000000008000978                EXTI1_IRQHandler
                0x0000000008000978                USART2_IRQHandler
                0x0000000008000978                I2C2_ER_IRQHandler
                0x0000000008000978                DMA1_Channel2_IRQHandler
                0x0000000008000978                CAN1_SCE_IRQHandler
                0x0000000008000978                FLASH_IRQHandler
                0x0000000008000978                I2C1_ER_IRQHandler
                0x0000000008000978                USBWakeUp_IRQHandler
 *fill*         0x000000000800097a        0x2 
 .text.HAL_Init
                0x000000000800097c       0x2c Drivers/STM32F1xx_HAL_Driver/Src/stm32f1xx_hal.o
                0x000000000800097c                HAL_Init
 .text.HAL_IncTick
                0x00000000080009a8       0x24 Drivers/STM32F1xx_HAL_Driver/Src/stm32f1xx_hal.o
                0x00000000080009a8                HAL_IncTick
 .text.HAL_GetTick
                0x00000000080009cc       0x14 Drivers/STM32F1xx_HAL_Driver/Src/stm32f1xx_hal.o
                0x00000000080009cc                HAL_GetTick
 .text.HAL_Delay
                0x00000000080009e0       0x44 Drivers/STM32F1xx_HAL_Driver/Src/stm32f1xx_hal.o
                0x00000000080009e0                HAL_Delay
 .text.__NVIC_SetPriorityGrouping
                0x0000000008000a24       0x48 Drivers/STM32F1xx_HAL_Driver/Src/stm32f1xx_hal_cortex.o
 .text.__NVIC_GetPriorityGrouping
                0x0000000008000a6c       0x1c Drivers/STM32F1xx_HAL_Driver/Src/stm32f1xx_hal_cortex.o
 .text.__NVIC_EnableIRQ
                0x0000000008000a88       0x38 Drivers/STM32F1xx_HAL_Driver/Src/stm32f1xx_hal_cortex.o
 .text.__NVIC_SetPriority
                0x0000000008000ac0       0x54 Drivers/STM32F1xx_HAL_Driver/Src/stm32f1xx_hal_cortex.o
 .text.NVIC_EncodePriority
                0x0000000008000b14       0x64 Drivers/STM32F1xx_HAL_Driver/Src/stm32f1xx_hal_cortex.o
 .text.HAL_NVIC_SetPriorityGrouping
                0x0000000008000b78       0x16 Drivers/STM32F1xx_HAL_Driver/Src/stm32f1xx_hal_cortex.o
                0x0000000008000b78                HAL_NVIC_SetPriorityGrouping
 .text.HAL_NVIC_SetPriority
                0x0000000008000b8e       0x38 Drivers/STM32F1xx_HAL_Driver/Src/stm32f1xx_hal_cortex.o
                0x0000000008000b8e                HAL_NVIC_SetPriority
 .text.HAL_NVIC_EnableIRQ
                0x0000000008000bc6       0x1c Drivers/STM32F1xx_HAL_Driver/Src/stm32f1xx_hal_cortex.o
                0x0000000008000bc6                HAL_NVIC_EnableIRQ
 *fill*         0x0000000008000be2        0x2 
 .text.HAL_DMA_Abort_IT
                0x0000000008000be4       0xec Drivers/STM32F1xx_HAL_Driver/Src/stm32f1xx_hal_dma.o
                0x0000000008000be4                HAL_DMA_Abort_IT
 .text.HAL_GPIO_Init
                0x0000000008000cd0      0x2b4 Drivers/STM32F1xx_HAL_Driver/Src/stm32f1xx_hal_gpio.o
                0x0000000008000cd0                HAL_GPIO_Init
 .text.HAL_GPIO_ReadPin
                0x0000000008000f84       0x2e Drivers/STM32F1xx_HAL_Driver/Src/stm32f1xx_hal_gpio.o
                0x0000000008000f84                HAL_GPIO_ReadPin
 .text.HAL_GPIO_WritePin
                0x0000000008000fb2       0x30 Drivers/STM32F1xx_HAL_Driver/Src/stm32f1xx_hal_gpio.o
                0x0000000008000fb2                HAL_GPIO_WritePin
 *fill*         0x0000000008000fe2        0x2 
 .text.HAL_I2C_Init
                0x0000000008000fe4      0x270 Drivers/STM32F1xx_HAL_Driver/Src/stm32f1xx_hal_i2c.o
                0x0000000008000fe4                HAL_I2C_Init
 .text.HAL_I2C_Mem_Write
                0x0000000008001254      0x1f4 Drivers/STM32F1xx_HAL_Driver/Src/stm32f1xx_hal_i2c.o
                0x0000000008001254                HAL_I2C_Mem_Write
 .text.HAL_I2C_Mem_Read
                0x0000000008001448      0x4c4 Drivers/STM32F1xx_HAL_Driver/Src/stm32f1xx_hal_i2c.o
                0x0000000008001448                HAL_I2C_Mem_Read
 .text.I2C_RequestMemoryWrite
                0x000000000800190c      0x12c Drivers/STM32F1xx_HAL_Driver/Src/stm32f1xx_hal_i2c.o
 .text.I2C_RequestMemoryRead
                0x0000000008001a38      0x1d0 Drivers/STM32F1xx_HAL_Driver/Src/stm32f1xx_hal_i2c.o
 .text.I2C_WaitOnFlagUntilTimeout
                0x0000000008001c08       0xae Drivers/STM32F1xx_HAL_Driver/Src/stm32f1xx_hal_i2c.o
 .text.I2C_WaitOnMasterAddressFlagUntilTimeout
                0x0000000008001cb6       0xfe Drivers/STM32F1xx_HAL_Driver/Src/stm32f1xx_hal_i2c.o
 .text.I2C_WaitOnTXEFlagUntilTimeout
                0x0000000008001db4       0x82 Drivers/STM32F1xx_HAL_Driver/Src/stm32f1xx_hal_i2c.o
 .text.I2C_WaitOnBTFFlagUntilTimeout
                0x0000000008001e36       0x82 Drivers/STM32F1xx_HAL_Driver/Src/stm32f1xx_hal_i2c.o
 .text.I2C_WaitOnRXNEFlagUntilTimeout
                0x0000000008001eb8       0xac Drivers/STM32F1xx_HAL_Driver/Src/stm32f1xx_hal_i2c.o
 .text.I2C_IsAcknowledgeFailed
                0x0000000008001f64       0x5c Drivers/STM32F1xx_HAL_Driver/Src/stm32f1xx_hal_i2c.o
 .text.HAL_RCC_OscConfig
                0x0000000008001fc0      0x500 Drivers/STM32F1xx_HAL_Driver/Src/stm32f1xx_hal_rcc.o
                0x0000000008001fc0                HAL_RCC_OscConfig
 .text.HAL_RCC_ClockConfig
                0x00000000080024c0      0x1d4 Drivers/STM32F1xx_HAL_Driver/Src/stm32f1xx_hal_rcc.o
                0x00000000080024c0                HAL_RCC_ClockConfig
 .text.HAL_RCC_GetSysClockFreq
                0x0000000008002694       0xc4 Drivers/STM32F1xx_HAL_Driver/Src/stm32f1xx_hal_rcc.o
                0x0000000008002694                HAL_RCC_GetSysClockFreq
 .text.HAL_RCC_GetHCLKFreq
                0x0000000008002758       0x14 Drivers/STM32F1xx_HAL_Driver/Src/stm32f1xx_hal_rcc.o
                0x0000000008002758                HAL_RCC_GetHCLKFreq
 .text.HAL_RCC_GetPCLK1Freq
                0x000000000800276c       0x28 Drivers/STM32F1xx_HAL_Driver/Src/stm32f1xx_hal_rcc.o
                0x000000000800276c                HAL_RCC_GetPCLK1Freq
 .text.HAL_RCC_GetPCLK2Freq
                0x0000000008002794       0x28 Drivers/STM32F1xx_HAL_Driver/Src/stm32f1xx_hal_rcc.o
                0x0000000008002794                HAL_RCC_GetPCLK2Freq
 .text.HAL_RCC_GetClockConfig
                0x00000000080027bc       0x60 Drivers/STM32F1xx_HAL_Driver/Src/stm32f1xx_hal_rcc.o
                0x00000000080027bc                HAL_RCC_GetClockConfig
 .text.RCC_Delay
                0x000000000800281c       0x3c Drivers/STM32F1xx_HAL_Driver/Src/stm32f1xx_hal_rcc.o
 .text.HAL_TIM_Base_Init
                0x0000000008002858       0x9e Drivers/STM32F1xx_HAL_Driver/Src/stm32f1xx_hal_tim.o
                0x0000000008002858                HAL_TIM_Base_Init
 *fill*         0x00000000080028f6        0x2 
 .text.HAL_TIM_Base_Start_IT
                0x00000000080028f8       0xa4 Drivers/STM32F1xx_HAL_Driver/Src/stm32f1xx_hal_tim.o
                0x00000000080028f8                HAL_TIM_Base_Start_IT
 .text.HAL_TIM_IRQHandler
                0x000000000800299c      0x210 Drivers/STM32F1xx_HAL_Driver/Src/stm32f1xx_hal_tim.o
                0x000000000800299c                HAL_TIM_IRQHandler
 .text.HAL_TIM_ConfigClockSource
                0x0000000008002bac      0x16e Drivers/STM32F1xx_HAL_Driver/Src/stm32f1xx_hal_tim.o
                0x0000000008002bac                HAL_TIM_ConfigClockSource
 .text.HAL_TIM_OC_DelayElapsedCallback
                0x0000000008002d1a       0x12 Drivers/STM32F1xx_HAL_Driver/Src/stm32f1xx_hal_tim.o
                0x0000000008002d1a                HAL_TIM_OC_DelayElapsedCallback
 .text.HAL_TIM_IC_CaptureCallback
                0x0000000008002d2c       0x12 Drivers/STM32F1xx_HAL_Driver/Src/stm32f1xx_hal_tim.o
                0x0000000008002d2c                HAL_TIM_IC_CaptureCallback
 .text.HAL_TIM_PWM_PulseFinishedCallback
                0x0000000008002d3e       0x12 Drivers/STM32F1xx_HAL_Driver/Src/stm32f1xx_hal_tim.o
                0x0000000008002d3e                HAL_TIM_PWM_PulseFinishedCallback
 .text.HAL_TIM_TriggerCallback
                0x0000000008002d50       0x12 Drivers/STM32F1xx_HAL_Driver/Src/stm32f1xx_hal_tim.o
                0x0000000008002d50                HAL_TIM_TriggerCallback
 *fill*         0x0000000008002d62        0x2 
 .text.TIM_Base_SetConfig
                0x0000000008002d64       0xc4 Drivers/STM32F1xx_HAL_Driver/Src/stm32f1xx_hal_tim.o
                0x0000000008002d64                TIM_Base_SetConfig
 .text.TIM_TI1_ConfigInputStage
                0x0000000008002e28       0x5c Drivers/STM32F1xx_HAL_Driver/Src/stm32f1xx_hal_tim.o
 .text.TIM_TI2_ConfigInputStage
                0x0000000008002e84       0x5e Drivers/STM32F1xx_HAL_Driver/Src/stm32f1xx_hal_tim.o
 .text.TIM_ITRx_SetConfig
                0x0000000008002ee2       0x34 Drivers/STM32F1xx_HAL_Driver/Src/stm32f1xx_hal_tim.o
 .text.TIM_ETR_SetConfig
                0x0000000008002f16       0x3e Drivers/STM32F1xx_HAL_Driver/Src/stm32f1xx_hal_tim.o
                0x0000000008002f16                TIM_ETR_SetConfig
 .text.HAL_TIMEx_MasterConfigSynchronization
                0x0000000008002f54       0xbc Drivers/STM32F1xx_HAL_Driver/Src/stm32f1xx_hal_tim_ex.o
                0x0000000008002f54                HAL_TIMEx_MasterConfigSynchronization
 .text.HAL_TIMEx_CommutCallback
                0x0000000008003010       0x12 Drivers/STM32F1xx_HAL_Driver/Src/stm32f1xx_hal_tim_ex.o
                0x0000000008003010                HAL_TIMEx_CommutCallback
 .text.HAL_TIMEx_BreakCallback
                0x0000000008003022       0x12 Drivers/STM32F1xx_HAL_Driver/Src/stm32f1xx_hal_tim_ex.o
                0x0000000008003022                HAL_TIMEx_BreakCallback
 .text.HAL_UART_Init
                0x0000000008003034       0x9a Drivers/STM32F1xx_HAL_Driver/Src/stm32f1xx_hal_uart.o
                0x0000000008003034                HAL_UART_Init
 *fill*         0x00000000080030ce        0x2 
 .text.HAL_UART_IRQHandler
                0x00000000080030d0      0x200 Drivers/STM32F1xx_HAL_Driver/Src/stm32f1xx_hal_uart.o
                0x00000000080030d0                HAL_UART_IRQHandler
 .text.HAL_UART_TxCpltCallback
                0x00000000080032d0       0x12 Drivers/STM32F1xx_HAL_Driver/Src/stm32f1xx_hal_uart.o
                0x00000000080032d0                HAL_UART_TxCpltCallback
 .text.HAL_UART_RxCpltCallback
                0x00000000080032e2       0x12 Drivers/STM32F1xx_HAL_Driver/Src/stm32f1xx_hal_uart.o
                0x00000000080032e2                HAL_UART_RxCpltCallback
 .text.HAL_UART_ErrorCallback
                0x00000000080032f4       0x12 Drivers/STM32F1xx_HAL_Driver/Src/stm32f1xx_hal_uart.o
                0x00000000080032f4                HAL_UART_ErrorCallback
 .text.UART_EndRxTransfer
                0x0000000008003306       0x3a Drivers/STM32F1xx_HAL_Driver/Src/stm32f1xx_hal_uart.o
 .text.UART_DMAAbortOnError
                0x0000000008003340       0x28 Drivers/STM32F1xx_HAL_Driver/Src/stm32f1xx_hal_uart.o
 .text.UART_Transmit_IT
                0x0000000008003368       0x9e Drivers/STM32F1xx_HAL_Driver/Src/stm32f1xx_hal_uart.o
 .text.UART_EndTransmit_IT
                0x0000000008003406       0x30 Drivers/STM32F1xx_HAL_Driver/Src/stm32f1xx_hal_uart.o
 .text.UART_Receive_IT
                0x0000000008003436      0x100 Drivers/STM32F1xx_HAL_Driver/Src/stm32f1xx_hal_uart.o
 *fill*         0x0000000008003536        0x2 
 .text.UART_SetConfig
                0x0000000008003538      0x11c Drivers/STM32F1xx_HAL_Driver/Src/stm32f1xx_hal_uart.o
 .text.osKernelInitialize
                0x0000000008003654       0x64 Middlewares/Third_Party/FreeRTOS/Source/CMSIS_RTOS_V2/cmsis_os2.o
                0x0000000008003654                osKernelInitialize
 .text.osKernelStart
                0x00000000080036b8       0x68 Middlewares/Third_Party/FreeRTOS/Source/CMSIS_RTOS_V2/cmsis_os2.o
                0x00000000080036b8                osKernelStart
 .text.osThreadNew
                0x0000000008003720      0x154 Middlewares/Third_Party/FreeRTOS/Source/CMSIS_RTOS_V2/cmsis_os2.o
                0x0000000008003720                osThreadNew
 .text.osDelay  0x0000000008003874       0x5c Middlewares/Third_Party/FreeRTOS/Source/CMSIS_RTOS_V2/cmsis_os2.o
                0x0000000008003874                osDelay
 .text.osMessageQueueNew
                0x00000000080038d0      0x10c Middlewares/Third_Party/FreeRTOS/Source/CMSIS_RTOS_V2/cmsis_os2.o
                0x00000000080038d0                osMessageQueueNew
 .text.osMessageQueuePut
                0x00000000080039dc       0xe8 Middlewares/Third_Party/FreeRTOS/Source/CMSIS_RTOS_V2/cmsis_os2.o
                0x00000000080039dc                osMessageQueuePut
 .text.osMessageQueueGet
                0x0000000008003ac4       0xe4 Middlewares/Third_Party/FreeRTOS/Source/CMSIS_RTOS_V2/cmsis_os2.o
                0x0000000008003ac4                osMessageQueueGet
 .text.vApplicationGetIdleTaskMemory
                0x0000000008003ba8       0x30 Middlewares/Third_Party/FreeRTOS/Source/CMSIS_RTOS_V2/cmsis_os2.o
                0x0000000008003ba8                vApplicationGetIdleTaskMemory
 .text.vApplicationGetTimerTaskMemory
                0x0000000008003bd8       0x34 Middlewares/Third_Party/FreeRTOS/Source/CMSIS_RTOS_V2/cmsis_os2.o
                0x0000000008003bd8                vApplicationGetTimerTaskMemory
 .text.vListInitialise
                0x0000000008003c0c       0x3e Middlewares/Third_Party/FreeRTOS/Source/list.o
                0x0000000008003c0c                vListInitialise
 .text.vListInitialiseItem
                0x0000000008003c4a       0x18 Middlewares/Third_Party/FreeRTOS/Source/list.o
                0x0000000008003c4a                vListInitialiseItem
 .text.vListInsertEnd
                0x0000000008003c62       0x46 Middlewares/Third_Party/FreeRTOS/Source/list.o
                0x0000000008003c62                vListInsertEnd
 .text.vListInsert
                0x0000000008003ca8       0x70 Middlewares/Third_Party/FreeRTOS/Source/list.o
                0x0000000008003ca8                vListInsert
 .text.uxListRemove
                0x0000000008003d18       0x52 Middlewares/Third_Party/FreeRTOS/Source/list.o
                0x0000000008003d18                uxListRemove
 *fill*         0x0000000008003d6a        0x2 
 .text.xQueueGenericReset
                0x0000000008003d6c       0xd0 Middlewares/Third_Party/FreeRTOS/Source/queue.o
                0x0000000008003d6c                xQueueGenericReset
 .text.xQueueGenericCreateStatic
                0x0000000008003e3c       0xe4 Middlewares/Third_Party/FreeRTOS/Source/queue.o
                0x0000000008003e3c                xQueueGenericCreateStatic
 .text.xQueueGenericCreate
                0x0000000008003f20       0x7a Middlewares/Third_Party/FreeRTOS/Source/queue.o
                0x0000000008003f20                xQueueGenericCreate
 .text.prvInitialiseNewQueue
                0x0000000008003f9a       0x46 Middlewares/Third_Party/FreeRTOS/Source/queue.o
 .text.xQueueGenericSend
                0x0000000008003fe0      0x1f4 Middlewares/Third_Party/FreeRTOS/Source/queue.o
                0x0000000008003fe0                xQueueGenericSend
 .text.xQueueGenericSendFromISR
                0x00000000080041d4      0x128 Middlewares/Third_Party/FreeRTOS/Source/queue.o
                0x00000000080041d4                xQueueGenericSendFromISR
 .text.xQueueReceive
                0x00000000080042fc      0x1b8 Middlewares/Third_Party/FreeRTOS/Source/queue.o
                0x00000000080042fc                xQueueReceive
 .text.xQueueReceiveFromISR
                0x00000000080044b4       0xfa Middlewares/Third_Party/FreeRTOS/Source/queue.o
                0x00000000080044b4                xQueueReceiveFromISR
 .text.prvCopyDataToQueue
                0x00000000080045ae       0xd4 Middlewares/Third_Party/FreeRTOS/Source/queue.o
 .text.prvCopyDataFromQueue
                0x0000000008004682       0x4c Middlewares/Third_Party/FreeRTOS/Source/queue.o
 .text.prvUnlockQueue
                0x00000000080046ce       0xa4 Middlewares/Third_Party/FreeRTOS/Source/queue.o
 .text.prvIsQueueEmpty
                0x0000000008004772       0x2c Middlewares/Third_Party/FreeRTOS/Source/queue.o
 .text.prvIsQueueFull
                0x000000000800479e       0x30 Middlewares/Third_Party/FreeRTOS/Source/queue.o
 *fill*         0x00000000080047ce        0x2 
 .text.vQueueAddToRegistry
                0x00000000080047d0       0x50 Middlewares/Third_Party/FreeRTOS/Source/queue.o
                0x00000000080047d0                vQueueAddToRegistry
 .text.vQueueWaitForMessageRestricted
                0x0000000008004820       0x68 Middlewares/Third_Party/FreeRTOS/Source/queue.o
                0x0000000008004820                vQueueWaitForMessageRestricted
 .text.xTaskCreateStatic
                0x0000000008004888       0xb2 Middlewares/Third_Party/FreeRTOS/Source/tasks.o
                0x0000000008004888                xTaskCreateStatic
 .text.xTaskCreate
                0x000000000800493a       0x8a Middlewares/Third_Party/FreeRTOS/Source/tasks.o
                0x000000000800493a                xTaskCreate
 .text.prvInitialiseNewTask
                0x00000000080049c4      0x10c Middlewares/Third_Party/FreeRTOS/Source/tasks.o
 .text.prvAddNewTaskToReadyList
                0x0000000008004ad0       0xe0 Middlewares/Third_Party/FreeRTOS/Source/tasks.o
 .text.vTaskDelay
                0x0000000008004bb0       0x68 Middlewares/Third_Party/FreeRTOS/Source/tasks.o
                0x0000000008004bb0                vTaskDelay
 .text.vTaskStartScheduler
                0x0000000008004c18       0xc8 Middlewares/Third_Party/FreeRTOS/Source/tasks.o
                0x0000000008004c18                vTaskStartScheduler
 .text.vTaskSuspendAll
                0x0000000008004ce0       0x1c Middlewares/Third_Party/FreeRTOS/Source/tasks.o
                0x0000000008004ce0                vTaskSuspendAll
 .text.xTaskResumeAll
                0x0000000008004cfc      0x138 Middlewares/Third_Party/FreeRTOS/Source/tasks.o
                0x0000000008004cfc                xTaskResumeAll
 .text.xTaskGetTickCount
                0x0000000008004e34       0x1c Middlewares/Third_Party/FreeRTOS/Source/tasks.o
                0x0000000008004e34                xTaskGetTickCount
 .text.xTaskIncrementTick
                0x0000000008004e50      0x17c Middlewares/Third_Party/FreeRTOS/Source/tasks.o
                0x0000000008004e50                xTaskIncrementTick
 .text.vTaskSwitchContext
                0x0000000008004fcc       0xb8 Middlewares/Third_Party/FreeRTOS/Source/tasks.o
                0x0000000008004fcc                vTaskSwitchContext
 .text.vTaskPlaceOnEventList
                0x0000000008005084       0x48 Middlewares/Third_Party/FreeRTOS/Source/tasks.o
                0x0000000008005084                vTaskPlaceOnEventList
 .text.vTaskPlaceOnEventListRestricted
                0x00000000080050cc       0x54 Middlewares/Third_Party/FreeRTOS/Source/tasks.o
                0x00000000080050cc                vTaskPlaceOnEventListRestricted
 .text.xTaskRemoveFromEventList
                0x0000000008005120       0xc4 Middlewares/Third_Party/FreeRTOS/Source/tasks.o
                0x0000000008005120                xTaskRemoveFromEventList
 .text.vTaskInternalSetTimeOutState
                0x00000000080051e4       0x2c Middlewares/Third_Party/FreeRTOS/Source/tasks.o
                0x00000000080051e4                vTaskInternalSetTimeOutState
 .text.xTaskCheckForTimeOut
                0x0000000008005210       0xc0 Middlewares/Third_Party/FreeRTOS/Source/tasks.o
                0x0000000008005210                xTaskCheckForTimeOut
 .text.vTaskMissedYield
                0x00000000080052d0       0x18 Middlewares/Third_Party/FreeRTOS/Source/tasks.o
                0x00000000080052d0                vTaskMissedYield
 .text.prvIdleTask
                0x00000000080052e8       0x30 Middlewares/Third_Party/FreeRTOS/Source/tasks.o
 .text.prvInitialiseTaskLists
                0x0000000008005318       0x80 Middlewares/Third_Party/FreeRTOS/Source/tasks.o
 .text.prvCheckTasksWaitingTermination
                0x0000000008005398       0x58 Middlewares/Third_Party/FreeRTOS/Source/tasks.o
 .text.prvDeleteTCB
                0x00000000080053f0       0x5c Middlewares/Third_Party/FreeRTOS/Source/tasks.o
 .text.prvResetNextTaskUnblockTime
                0x000000000800544c       0x48 Middlewares/Third_Party/FreeRTOS/Source/tasks.o
 .text.xTaskGetSchedulerState
                0x0000000008005494       0x3c Middlewares/Third_Party/FreeRTOS/Source/tasks.o
                0x0000000008005494                xTaskGetSchedulerState
 .text.xTaskPriorityDisinherit
                0x00000000080054d0       0xd8 Middlewares/Third_Party/FreeRTOS/Source/tasks.o
                0x00000000080054d0                xTaskPriorityDisinherit
 .text.prvAddCurrentTaskToDelayedList
                0x00000000080055a8       0xa8 Middlewares/Third_Party/FreeRTOS/Source/tasks.o
 .text.xTimerCreateTimerTask
                0x0000000008005650       0x90 Middlewares/Third_Party/FreeRTOS/Source/timers.o
                0x0000000008005650                xTimerCreateTimerTask
 .text.xTimerGenericCommand
                0x00000000080056e0       0x98 Middlewares/Third_Party/FreeRTOS/Source/timers.o
                0x00000000080056e0                xTimerGenericCommand
 .text.prvProcessExpiredTimer
                0x0000000008005778       0x80 Middlewares/Third_Party/FreeRTOS/Source/timers.o
 .text.prvTimerTask
                0x00000000080057f8       0x24 Middlewares/Third_Party/FreeRTOS/Source/timers.o
 .text.prvProcessTimerOrBlockTask
                0x000000000800581c       0x9c Middlewares/Third_Party/FreeRTOS/Source/timers.o
 .text.prvGetNextExpireTime
                0x00000000080058b8       0x48 Middlewares/Third_Party/FreeRTOS/Source/timers.o
 .text.prvSampleTimeNow
                0x0000000008005900       0x40 Middlewares/Third_Party/FreeRTOS/Source/timers.o
 .text.prvInsertTimerInActiveList
                0x0000000008005940       0x84 Middlewares/Third_Party/FreeRTOS/Source/timers.o
 .text.prvProcessReceivedCommands
                0x00000000080059c4      0x160 Middlewares/Third_Party/FreeRTOS/Source/timers.o
 .text.prvSwitchTimerLists
                0x0000000008005b24       0xc0 Middlewares/Third_Party/FreeRTOS/Source/timers.o
 .text.prvCheckForValidListAndQueue
                0x0000000008005be4       0x80 Middlewares/Third_Party/FreeRTOS/Source/timers.o
 .text.pxPortInitialiseStack
                0x0000000008005c64       0x58 Middlewares/Third_Party/FreeRTOS/Source/portable/GCC/ARM_CM3/port.o
                0x0000000008005c64                pxPortInitialiseStack
 .text.prvTaskExitError
                0x0000000008005cbc       0x50 Middlewares/Third_Party/FreeRTOS/Source/portable/GCC/ARM_CM3/port.o
 *fill*         0x0000000008005d0c        0x4 
 .text.SVC_Handler
                0x0000000008005d10       0x28 Middlewares/Third_Party/FreeRTOS/Source/portable/GCC/ARM_CM3/port.o
                0x0000000008005d10                SVC_Handler
 .text.prvPortStartFirstTask
                0x0000000008005d38       0x20 Middlewares/Third_Party/FreeRTOS/Source/portable/GCC/ARM_CM3/port.o
 .text.xPortStartScheduler
                0x0000000008005d58       0xe0 Middlewares/Third_Party/FreeRTOS/Source/portable/GCC/ARM_CM3/port.o
                0x0000000008005d58                xPortStartScheduler
 .text.vPortEnterCritical
                0x0000000008005e38       0x5c Middlewares/Third_Party/FreeRTOS/Source/portable/GCC/ARM_CM3/port.o
                0x0000000008005e38                vPortEnterCritical
 .text.vPortExitCritical
                0x0000000008005e94       0x4c Middlewares/Third_Party/FreeRTOS/Source/portable/GCC/ARM_CM3/port.o
                0x0000000008005e94                vPortExitCritical
 .text.PendSV_Handler
                0x0000000008005ee0       0x48 Middlewares/Third_Party/FreeRTOS/Source/portable/GCC/ARM_CM3/port.o
                0x0000000008005ee0                PendSV_Handler
 .text.SysTick_Handler
                0x0000000008005f28       0x40 Middlewares/Third_Party/FreeRTOS/Source/portable/GCC/ARM_CM3/port.o
                0x0000000008005f28                SysTick_Handler
 .text.vPortSetupTimerInterrupt
                0x0000000008005f68       0x44 Middlewares/Third_Party/FreeRTOS/Source/portable/GCC/ARM_CM3/port.o
                0x0000000008005f68                vPortSetupTimerInterrupt
 .text.vPortValidateInterruptPriority
                0x0000000008005fac       0x78 Middlewares/Third_Party/FreeRTOS/Source/portable/GCC/ARM_CM3/port.o
                0x0000000008005fac                vPortValidateInterruptPriority
 .text.pvPortMalloc
                0x0000000008006024      0x184 Middlewares/Third_Party/FreeRTOS/Source/portable/MemMang/heap_4.o
                0x0000000008006024                pvPortMalloc
 .text.vPortFree
                0x00000000080061a8       0xb0 Middlewares/Third_Party/FreeRTOS/Source/portable/MemMang/heap_4.o
                0x00000000080061a8                vPortFree
 .text.prvHeapInit
                0x0000000008006258       0xc4 Middlewares/Third_Party/FreeRTOS/Source/portable/MemMang/heap_4.o
 .text.prvInsertBlockIntoFreeList
                0x000000000800631c       0xb0 Middlewares/Third_Party/FreeRTOS/Source/portable/MemMang/heap_4.o
 .text.BMP280_init
                0x00000000080063cc       0x84 Perpherial/Src/bmp280.o
                0x00000000080063cc                BMP280_init
 .text.BMP280_temp_read
                0x0000000008006450       0x5c Perpherial/Src/bmp280.o
                0x0000000008006450                BMP280_temp_read
 .text.getDig_T
                0x00000000080064ac       0xf0 Perpherial/Src/bmp280.o
                0x00000000080064ac                getDig_T
 .text.bmp280_compensate_T_int32
                0x000000000800659c       0x80 Perpherial/Src/bmp280.o
                0x000000000800659c                bmp280_compensate_T_int32
 .text.BMP280_press_read
                0x000000000800661c       0x5c Perpherial/Src/bmp280.o
                0x000000000800661c                BMP280_press_read
 .text.getDig_P
                0x0000000008006678      0x294 Perpherial/Src/bmp280.o
                0x0000000008006678                getDig_P
 .text.bmp280_compensate_P_int32
                0x000000000800690c      0x15c Perpherial/Src/bmp280.o
                0x000000000800690c                bmp280_compensate_P_int32
 .text.delay_us
                0x0000000008006a68       0x38 Perpherial/Src/dht11.o
                0x0000000008006a68                delay_us
 .text.DHT11_readByte
                0x0000000008006aa0       0x94 Perpherial/Src/dht11.o
                0x0000000008006aa0                DHT11_readByte
 .text.DHT11_read
                0x0000000008006b34       0xc0 Perpherial/Src/dht11.o
                0x0000000008006b34                DHT11_read
 .text.lcd_write
                0x0000000008006bf4       0xc8 Perpherial/Src/lcd1602.o
                0x0000000008006bf4                lcd_write
 .text.lcd_writeCom
                0x0000000008006cbc       0x5c Perpherial/Src/lcd1602.o
                0x0000000008006cbc                lcd_writeCom
 .text.lcd_writeData
                0x0000000008006d18       0x5c Perpherial/Src/lcd1602.o
                0x0000000008006d18                lcd_writeData
 .text.lcd_init
                0x0000000008006d74       0x26 Perpherial/Src/lcd1602.o
                0x0000000008006d74                lcd_init
 *fill*         0x0000000008006d9a        0x2 
 .text.lcd_show_dht11
                0x0000000008006d9c       0x64 Perpherial/Src/lcd1602.o
                0x0000000008006d9c                lcd_show_dht11
 .text.lcd_show_bmp280_temp
                0x0000000008006e00       0xb8 Perpherial/Src/lcd1602.o
                0x0000000008006e00                lcd_show_bmp280_temp
 .text.lcd_show_bmp280_press
                0x0000000008006eb8      0x11c Perpherial/Src/lcd1602.o
                0x0000000008006eb8                lcd_show_bmp280_press
 .text.__libc_init_array
                0x0000000008006fd4       0x48 d:/stm32cubeide_1.4.0/stm32cubeide/plugins/com.st.stm32cube.ide.mcu.externaltools.gnu-tools-for-stm32.7-2018-q2-update.win32_1.4.0.202007081208/tools/bin/../lib/gcc/arm-none-eabi/7.3.1/../../../../arm-none-eabi/lib/thumb/v7-m\libc_nano.a(lib_a-init.o)
                0x0000000008006fd4                __libc_init_array
 .text.memcpy   0x000000000800701c       0x16 d:/stm32cubeide_1.4.0/stm32cubeide/plugins/com.st.stm32cube.ide.mcu.externaltools.gnu-tools-for-stm32.7-2018-q2-update.win32_1.4.0.202007081208/tools/bin/../lib/gcc/arm-none-eabi/7.3.1/../../../../arm-none-eabi/lib/thumb/v7-m\libc_nano.a(lib_a-memcpy-stub.o)
                0x000000000800701c                memcpy
 .text.memset   0x0000000008007032       0x10 d:/stm32cubeide_1.4.0/stm32cubeide/plugins/com.st.stm32cube.ide.mcu.externaltools.gnu-tools-for-stm32.7-2018-q2-update.win32_1.4.0.202007081208/tools/bin/../lib/gcc/arm-none-eabi/7.3.1/../../../../arm-none-eabi/lib/thumb/v7-m\libc_nano.a(lib_a-memset.o)
                0x0000000008007032                memset
 *(.glue_7)
 .glue_7        0x0000000008007042        0x0 linker stubs
 *(.glue_7t)
 .glue_7t       0x0000000008007042        0x0 linker stubs
 *(.eh_frame)
 *fill*         0x0000000008007042        0x2 
 .eh_frame      0x0000000008007044        0x0 d:/stm32cubeide_1.4.0/stm32cubeide/plugins/com.st.stm32cube.ide.mcu.externaltools.gnu-tools-for-stm32.7-2018-q2-update.win32_1.4.0.202007081208/tools/bin/../lib/gcc/arm-none-eabi/7.3.1/thumb/v7-m/crtbegin.o
 *(.init)
 .init          0x0000000008007044        0x4 d:/stm32cubeide_1.4.0/stm32cubeide/plugins/com.st.stm32cube.ide.mcu.externaltools.gnu-tools-for-stm32.7-2018-q2-update.win32_1.4.0.202007081208/tools/bin/../lib/gcc/arm-none-eabi/7.3.1/thumb/v7-m/crti.o
                0x0000000008007044                _init
 .init          0x0000000008007048        0x8 d:/stm32cubeide_1.4.0/stm32cubeide/plugins/com.st.stm32cube.ide.mcu.externaltools.gnu-tools-for-stm32.7-2018-q2-update.win32_1.4.0.202007081208/tools/bin/../lib/gcc/arm-none-eabi/7.3.1/thumb/v7-m/crtn.o
 *(.fini)
 .fini          0x0000000008007050        0x4 d:/stm32cubeide_1.4.0/stm32cubeide/plugins/com.st.stm32cube.ide.mcu.externaltools.gnu-tools-for-stm32.7-2018-q2-update.win32_1.4.0.202007081208/tools/bin/../lib/gcc/arm-none-eabi/7.3.1/thumb/v7-m/crti.o
                0x0000000008007050                _fini
 .fini          0x0000000008007054        0x8 d:/stm32cubeide_1.4.0/stm32cubeide/plugins/com.st.stm32cube.ide.mcu.externaltools.gnu-tools-for-stm32.7-2018-q2-update.win32_1.4.0.202007081208/tools/bin/../lib/gcc/arm-none-eabi/7.3.1/thumb/v7-m/crtn.o
                0x000000000800705c                . = ALIGN (0x4)
                0x000000000800705c                _etext = .

.vfp11_veneer   0x000000000800705c        0x0
 .vfp11_veneer  0x000000000800705c        0x0 linker stubs

.v4_bx          0x000000000800705c        0x0
 .v4_bx         0x000000000800705c        0x0 linker stubs

.iplt           0x000000000800705c        0x0
 .iplt          0x000000000800705c        0x0 d:/stm32cubeide_1.4.0/stm32cubeide/plugins/com.st.stm32cube.ide.mcu.externaltools.gnu-tools-for-stm32.7-2018-q2-update.win32_1.4.0.202007081208/tools/bin/../lib/gcc/arm-none-eabi/7.3.1/thumb/v7-m/crtbegin.o

.rodata         0x000000000800705c      0x170
                0x000000000800705c                . = ALIGN (0x4)
 *(.rodata)
 .rodata        0x000000000800705c       0x6a Core/Src/main.o
 *fill*         0x00000000080070c6        0x2 
 .rodata        0x00000000080070c8       0x12 Drivers/STM32F1xx_HAL_Driver/Src/stm32f1xx_hal_rcc.o
 *fill*         0x00000000080070da        0x2 
 .rodata        0x00000000080070dc        0x5 Middlewares/Third_Party/FreeRTOS/Source/tasks.o
 *fill*         0x00000000080070e1        0x3 
 .rodata        0x00000000080070e4        0xd Middlewares/Third_Party/FreeRTOS/Source/timers.o
 *(.rodata*)
 *fill*         0x00000000080070f1        0x3 
 .rodata.defaultTask_attributes
                0x00000000080070f4       0x24 Core/Src/main.o
                0x00000000080070f4                defaultTask_attributes
 .rodata.Task_lcdshow_attributes
                0x0000000008007118       0x24 Core/Src/main.o
                0x0000000008007118                Task_lcdshow_attributes
 .rodata.Task_getBMP280_attributes
                0x000000000800713c       0x24 Core/Src/main.o
                0x000000000800713c                Task_getBMP280_attributes
 .rodata.Task_getDHT11_attributes
                0x0000000008007160       0x24 Core/Src/main.o
                0x0000000008007160                Task_getDHT11_attributes
 .rodata.Queue_BMP280_data_attributes
                0x0000000008007184       0x18 Core/Src/main.o
                0x0000000008007184                Queue_BMP280_data_attributes
 .rodata.Queue_DHT11_data_attributes
                0x000000000800719c       0x18 Core/Src/main.o
                0x000000000800719c                Queue_DHT11_data_attributes
 .rodata.AHBPrescTable
                0x00000000080071b4       0x10 Core/Src/system_stm32f1xx.o
                0x00000000080071b4                AHBPrescTable
 .rodata.APBPrescTable
                0x00000000080071c4        0x8 Core/Src/system_stm32f1xx.o
                0x00000000080071c4                APBPrescTable
                0x00000000080071cc                . = ALIGN (0x4)

.rel.dyn        0x00000000080071cc        0x0
 .rel.iplt      0x00000000080071cc        0x0 d:/stm32cubeide_1.4.0/stm32cubeide/plugins/com.st.stm32cube.ide.mcu.externaltools.gnu-tools-for-stm32.7-2018-q2-update.win32_1.4.0.202007081208/tools/bin/../lib/gcc/arm-none-eabi/7.3.1/thumb/v7-m/crtbegin.o

.ARM.extab      0x00000000080071cc        0x0
                0x00000000080071cc                . = ALIGN (0x4)
 *(.ARM.extab* .gnu.linkonce.armextab.*)
                0x00000000080071cc                . = ALIGN (0x4)

.ARM            0x00000000080071cc        0x0
                0x00000000080071cc                . = ALIGN (0x4)
                0x00000000080071cc                __exidx_start = .
 *(.ARM.exidx*)
                0x00000000080071cc                __exidx_end = .
                0x00000000080071cc                . = ALIGN (0x4)

.preinit_array  0x00000000080071cc        0x0
                0x00000000080071cc                . = ALIGN (0x4)
                0x00000000080071cc                PROVIDE (__preinit_array_start = .)
 *(.preinit_array*)
                0x00000000080071cc                PROVIDE (__preinit_array_end = .)
                0x00000000080071cc                . = ALIGN (0x4)

.init_array     0x00000000080071cc        0x4
                0x00000000080071cc                . = ALIGN (0x4)
                0x00000000080071cc                PROVIDE (__init_array_start = .)
 *(SORT_BY_NAME(.init_array.*))
 *(.init_array*)
 .init_array    0x00000000080071cc        0x4 d:/stm32cubeide_1.4.0/stm32cubeide/plugins/com.st.stm32cube.ide.mcu.externaltools.gnu-tools-for-stm32.7-2018-q2-update.win32_1.4.0.202007081208/tools/bin/../lib/gcc/arm-none-eabi/7.3.1/thumb/v7-m/crtbegin.o
                0x00000000080071d0                PROVIDE (__init_array_end = .)
                0x00000000080071d0                . = ALIGN (0x4)

.fini_array     0x00000000080071d0        0x4
                0x00000000080071d0                . = ALIGN (0x4)
                [!provide]                        PROVIDE (__fini_array_start = .)
 *(SORT_BY_NAME(.fini_array.*))
 *(.fini_array*)
 .fini_array    0x00000000080071d0        0x4 d:/stm32cubeide_1.4.0/stm32cubeide/plugins/com.st.stm32cube.ide.mcu.externaltools.gnu-tools-for-stm32.7-2018-q2-update.win32_1.4.0.202007081208/tools/bin/../lib/gcc/arm-none-eabi/7.3.1/thumb/v7-m/crtbegin.o
                [!provide]                        PROVIDE (__fini_array_end = .)
                0x00000000080071d4                . = ALIGN (0x4)
                0x00000000080071d4                _sidata = LOADADDR (.data)

.data           0x0000000020000000       0x14 load address 0x00000000080071d4
                0x0000000020000000                . = ALIGN (0x4)
                0x0000000020000000                _sdata = .
 *(.data)
 *(.data*)
 .data.SystemCoreClock
                0x0000000020000000        0x4 Core/Src/system_stm32f1xx.o
                0x0000000020000000                SystemCoreClock
 .data.uwTickPrio
                0x0000000020000004        0x4 Drivers/STM32F1xx_HAL_Driver/Src/stm32f1xx_hal.o
                0x0000000020000004                uwTickPrio
 .data.uwTickFreq
                0x0000000020000008        0x1 Drivers/STM32F1xx_HAL_Driver/Src/stm32f1xx_hal.o
                0x0000000020000008                uwTickFreq
 *fill*         0x0000000020000009        0x3 
 .data.uxCriticalNesting
                0x000000002000000c        0x4 Middlewares/Third_Party/FreeRTOS/Source/portable/GCC/ARM_CM3/port.o
 .data.count    0x0000000020000010        0x1 Perpherial/Src/dht11.o
                0x0000000020000010                count
                0x0000000020000014                . = ALIGN (0x4)
 *fill*         0x0000000020000011        0x3 
                0x0000000020000014                _edata = .

.igot.plt       0x0000000020000014        0x0 load address 0x00000000080071e8
 .igot.plt      0x0000000020000014        0x0 d:/stm32cubeide_1.4.0/stm32cubeide/plugins/com.st.stm32cube.ide.mcu.externaltools.gnu-tools-for-stm32.7-2018-q2-update.win32_1.4.0.202007081208/tools/bin/../lib/gcc/arm-none-eabi/7.3.1/thumb/v7-m/crtbegin.o
                0x0000000020000014                . = ALIGN (0x4)

.bss            0x0000000020000014     0x1ad4 load address 0x00000000080071e8
                0x0000000020000014                _sbss = .
                0x0000000020000014                __bss_start__ = _sbss
 *(.bss)
 .bss           0x0000000020000014       0x1c d:/stm32cubeide_1.4.0/stm32cubeide/plugins/com.st.stm32cube.ide.mcu.externaltools.gnu-tools-for-stm32.7-2018-q2-update.win32_1.4.0.202007081208/tools/bin/../lib/gcc/arm-none-eabi/7.3.1/thumb/v7-m/crtbegin.o
 *(.bss*)
 .bss.KernelState
                0x0000000020000030        0x4 Middlewares/Third_Party/FreeRTOS/Source/CMSIS_RTOS_V2/cmsis_os2.o
 .bss.Idle_TCB  0x0000000020000034       0x5c Middlewares/Third_Party/FreeRTOS/Source/CMSIS_RTOS_V2/cmsis_os2.o
 .bss.Idle_Stack
                0x0000000020000090      0x200 Middlewares/Third_Party/FreeRTOS/Source/CMSIS_RTOS_V2/cmsis_os2.o
 .bss.Timer_TCB
                0x0000000020000290       0x5c Middlewares/Third_Party/FreeRTOS/Source/CMSIS_RTOS_V2/cmsis_os2.o
 .bss.Timer_Stack
                0x00000000200002ec      0x400 Middlewares/Third_Party/FreeRTOS/Source/CMSIS_RTOS_V2/cmsis_os2.o
 .bss.pxCurrentTCB
                0x00000000200006ec        0x4 Middlewares/Third_Party/FreeRTOS/Source/tasks.o
                0x00000000200006ec                pxCurrentTCB
 .bss.pxReadyTasksLists
                0x00000000200006f0      0x460 Middlewares/Third_Party/FreeRTOS/Source/tasks.o
 .bss.xDelayedTaskList1
                0x0000000020000b50       0x14 Middlewares/Third_Party/FreeRTOS/Source/tasks.o
 .bss.xDelayedTaskList2
                0x0000000020000b64       0x14 Middlewares/Third_Party/FreeRTOS/Source/tasks.o
 .bss.pxDelayedTaskList
                0x0000000020000b78        0x4 Middlewares/Third_Party/FreeRTOS/Source/tasks.o
 .bss.pxOverflowDelayedTaskList
                0x0000000020000b7c        0x4 Middlewares/Third_Party/FreeRTOS/Source/tasks.o
 .bss.xPendingReadyList
                0x0000000020000b80       0x14 Middlewares/Third_Party/FreeRTOS/Source/tasks.o
 .bss.xTasksWaitingTermination
                0x0000000020000b94       0x14 Middlewares/Third_Party/FreeRTOS/Source/tasks.o
 .bss.uxDeletedTasksWaitingCleanUp
                0x0000000020000ba8        0x4 Middlewares/Third_Party/FreeRTOS/Source/tasks.o
 .bss.xSuspendedTaskList
                0x0000000020000bac       0x14 Middlewares/Third_Party/FreeRTOS/Source/tasks.o
 .bss.uxCurrentNumberOfTasks
                0x0000000020000bc0        0x4 Middlewares/Third_Party/FreeRTOS/Source/tasks.o
 .bss.xTickCount
                0x0000000020000bc4        0x4 Middlewares/Third_Party/FreeRTOS/Source/tasks.o
 .bss.uxTopReadyPriority
                0x0000000020000bc8        0x4 Middlewares/Third_Party/FreeRTOS/Source/tasks.o
 .bss.xSchedulerRunning
                0x0000000020000bcc        0x4 Middlewares/Third_Party/FreeRTOS/Source/tasks.o
 .bss.uxPendedTicks
                0x0000000020000bd0        0x4 Middlewares/Third_Party/FreeRTOS/Source/tasks.o
 .bss.xYieldPending
                0x0000000020000bd4        0x4 Middlewares/Third_Party/FreeRTOS/Source/tasks.o
 .bss.xNumOfOverflows
                0x0000000020000bd8        0x4 Middlewares/Third_Party/FreeRTOS/Source/tasks.o
 .bss.uxTaskNumber
                0x0000000020000bdc        0x4 Middlewares/Third_Party/FreeRTOS/Source/tasks.o
 .bss.xNextTaskUnblockTime
                0x0000000020000be0        0x4 Middlewares/Third_Party/FreeRTOS/Source/tasks.o
 .bss.xIdleTaskHandle
                0x0000000020000be4        0x4 Middlewares/Third_Party/FreeRTOS/Source/tasks.o
 .bss.uxSchedulerSuspended
                0x0000000020000be8        0x4 Middlewares/Third_Party/FreeRTOS/Source/tasks.o
 .bss.xActiveTimerList1
                0x0000000020000bec       0x14 Middlewares/Third_Party/FreeRTOS/Source/timers.o
 .bss.xActiveTimerList2
                0x0000000020000c00       0x14 Middlewares/Third_Party/FreeRTOS/Source/timers.o
 .bss.pxCurrentTimerList
                0x0000000020000c14        0x4 Middlewares/Third_Party/FreeRTOS/Source/timers.o
 .bss.pxOverflowTimerList
                0x0000000020000c18        0x4 Middlewares/Third_Party/FreeRTOS/Source/timers.o
 .bss.xTimerQueue
                0x0000000020000c1c        0x4 Middlewares/Third_Party/FreeRTOS/Source/timers.o
 .bss.xTimerTaskHandle
                0x0000000020000c20        0x4 Middlewares/Third_Party/FreeRTOS/Source/timers.o
 .bss.xLastTime.5452
                0x0000000020000c24        0x4 Middlewares/Third_Party/FreeRTOS/Source/timers.o
 .bss.ucStaticTimerQueueStorage.5503
                0x0000000020000c28       0xa0 Middlewares/Third_Party/FreeRTOS/Source/timers.o
 .bss.xStaticTimerQueue.5502
                0x0000000020000cc8       0x50 Middlewares/Third_Party/FreeRTOS/Source/timers.o
 .bss.ucMaxSysCallPriority
                0x0000000020000d18        0x1 Middlewares/Third_Party/FreeRTOS/Source/portable/GCC/ARM_CM3/port.o
 *fill*         0x0000000020000d19        0x3 
 .bss.ulMaxPRIGROUPValue
                0x0000000020000d1c        0x4 Middlewares/Third_Party/FreeRTOS/Source/portable/GCC/ARM_CM3/port.o
 .bss.ucHeap    0x0000000020000d20      0xc00 Middlewares/Third_Party/FreeRTOS/Source/portable/MemMang/heap_4.o
 .bss.xStart    0x0000000020001920        0x8 Middlewares/Third_Party/FreeRTOS/Source/portable/MemMang/heap_4.o
 .bss.pxEnd     0x0000000020001928        0x4 Middlewares/Third_Party/FreeRTOS/Source/portable/MemMang/heap_4.o
 .bss.xFreeBytesRemaining
                0x000000002000192c        0x4 Middlewares/Third_Party/FreeRTOS/Source/portable/MemMang/heap_4.o
 .bss.xMinimumEverFreeBytesRemaining
                0x0000000020001930        0x4 Middlewares/Third_Party/FreeRTOS/Source/portable/MemMang/heap_4.o
 .bss.xBlockAllocatedBit
                0x0000000020001934        0x4 Middlewares/Third_Party/FreeRTOS/Source/portable/MemMang/heap_4.o
 .bss.dht11_data
                0x0000000020001938        0x5 Perpherial/Src/dht11.o
                0x0000000020001938                dht11_data
 *(COMMON)
 *fill*         0x000000002000193d        0x3 
 COMMON         0x0000000020001940       0x22 Core/Src/freertos.o
                0x0000000020001940                dig_P7
                0x0000000020001942                dig_T1
                0x0000000020001944                dig_T2
                0x0000000020001948                temperature
                0x000000002000194c                dig_P2
                0x000000002000194e                dig_P4
                0x0000000020001950                pressure
                0x0000000020001954                dig_P5
                0x0000000020001956                dig_P1
                0x0000000020001958                dig_P3
                0x000000002000195a                dig_P8
                0x000000002000195c                dig_P9
                0x000000002000195e                dig_T3
                0x0000000020001960                dig_P6
 *fill*         0x0000000020001962        0x2 
 COMMON         0x0000000020001964       0xf4 Core/Src/main.o
                0x0000000020001964                defaultTaskHandle
                0x0000000020001968                Queue_BMP280_dataHandle
                0x000000002000196c                hi2c2
                0x00000000200019c0                Task_getDHT11Handle
                0x00000000200019c4                huart1
                0x0000000020001a04                htim2
                0x0000000020001a4c                Task_lcdshowHandle
                0x0000000020001a50                Task_getBMP280Handle
                0x0000000020001a54                Queue_DHT11_dataHandle
 COMMON         0x0000000020001a58       0x48 Core/Src/stm32f1xx_hal_timebase_tim.o
                0x0000000020001a58                htim1
 COMMON         0x0000000020001aa0        0x4 Drivers/STM32F1xx_HAL_Driver/Src/stm32f1xx_hal.o
                0x0000000020001aa0                uwTick
 COMMON         0x0000000020001aa4       0x40 Middlewares/Third_Party/FreeRTOS/Source/queue.o
                0x0000000020001aa4                xQueueRegistry
 COMMON         0x0000000020001ae4        0x4 Perpherial/Src/bmp280.o
                0x0000000020001ae4                t_fine
                0x0000000020001ae8                . = ALIGN (0x4)
                0x0000000020001ae8                _ebss = .
                0x0000000020001ae8                __bss_end__ = _ebss

._user_heap_stack
                0x0000000020001ae8      0x600 load address 0x00000000080071e8
                0x0000000020001ae8                . = ALIGN (0x8)
                [!provide]                        PROVIDE (end = .)
                0x0000000020001ae8                PROVIDE (_end = .)
                0x0000000020001ce8                . = (. + _Min_Heap_Size)
 *fill*         0x0000000020001ae8      0x200 
                0x00000000200020e8                . = (. + _Min_Stack_Size)
 *fill*         0x0000000020001ce8      0x400 
                0x00000000200020e8                . = ALIGN (0x8)

/DISCARD/
 libc.a(*)
 libm.a(*)
 libgcc.a(*)

.ARM.attributes
                0x0000000000000000       0x29
 *(.ARM.attributes)
 .ARM.attributes
                0x0000000000000000       0x1d d:/stm32cubeide_1.4.0/stm32cubeide/plugins/com.st.stm32cube.ide.mcu.externaltools.gnu-tools-for-stm32.7-2018-q2-update.win32_1.4.0.202007081208/tools/bin/../lib/gcc/arm-none-eabi/7.3.1/thumb/v7-m/crti.o
 .ARM.attributes
                0x000000000000001d       0x2d d:/stm32cubeide_1.4.0/stm32cubeide/plugins/com.st.stm32cube.ide.mcu.externaltools.gnu-tools-for-stm32.7-2018-q2-update.win32_1.4.0.202007081208/tools/bin/../lib/gcc/arm-none-eabi/7.3.1/thumb/v7-m/crtbegin.o
 .ARM.attributes
                0x000000000000004a       0x33 Core/Src/freertos.o
 .ARM.attributes
                0x000000000000007d       0x33 Core/Src/main.o
 .ARM.attributes
                0x00000000000000b0       0x33 Core/Src/stm32f1xx_hal_msp.o
 .ARM.attributes
                0x00000000000000e3       0x33 Core/Src/stm32f1xx_hal_timebase_tim.o
 .ARM.attributes
                0x0000000000000116       0x33 Core/Src/stm32f1xx_it.o
 .ARM.attributes
                0x0000000000000149       0x33 Core/Src/system_stm32f1xx.o
 .ARM.attributes
                0x000000000000017c       0x21 Core/Startup/startup_stm32f103c8tx.o
 .ARM.attributes
                0x000000000000019d       0x33 Drivers/STM32F1xx_HAL_Driver/Src/stm32f1xx_hal.o
 .ARM.attributes
                0x00000000000001d0       0x33 Drivers/STM32F1xx_HAL_Driver/Src/stm32f1xx_hal_cortex.o
 .ARM.attributes
                0x0000000000000203       0x33 Drivers/STM32F1xx_HAL_Driver/Src/stm32f1xx_hal_dma.o
 .ARM.attributes
                0x0000000000000236       0x33 Drivers/STM32F1xx_HAL_Driver/Src/stm32f1xx_hal_gpio.o
 .ARM.attributes
                0x0000000000000269       0x33 Drivers/STM32F1xx_HAL_Driver/Src/stm32f1xx_hal_i2c.o
 .ARM.attributes
                0x000000000000029c       0x33 Drivers/STM32F1xx_HAL_Driver/Src/stm32f1xx_hal_rcc.o
 .ARM.attributes
                0x00000000000002cf       0x33 Drivers/STM32F1xx_HAL_Driver/Src/stm32f1xx_hal_tim.o
 .ARM.attributes
                0x0000000000000302       0x33 Drivers/STM32F1xx_HAL_Driver/Src/stm32f1xx_hal_tim_ex.o
 .ARM.attributes
                0x0000000000000335       0x33 Drivers/STM32F1xx_HAL_Driver/Src/stm32f1xx_hal_uart.o
 .ARM.attributes
                0x0000000000000368       0x33 Middlewares/Third_Party/FreeRTOS/Source/CMSIS_RTOS_V2/cmsis_os2.o
 .ARM.attributes
                0x000000000000039b       0x33 Middlewares/Third_Party/FreeRTOS/Source/list.o
 .ARM.attributes
                0x00000000000003ce       0x33 Middlewares/Third_Party/FreeRTOS/Source/queue.o
 .ARM.attributes
                0x0000000000000401       0x33 Middlewares/Third_Party/FreeRTOS/Source/tasks.o
 .ARM.attributes
                0x0000000000000434       0x33 Middlewares/Third_Party/FreeRTOS/Source/timers.o
 .ARM.attributes
                0x0000000000000467       0x33 Middlewares/Third_Party/FreeRTOS/Source/portable/GCC/ARM_CM3/port.o
 .ARM.attributes
                0x000000000000049a       0x33 Middlewares/Third_Party/FreeRTOS/Source/portable/MemMang/heap_4.o
 .ARM.attributes
                0x00000000000004cd       0x33 Perpherial/Src/bmp280.o
 .ARM.attributes
                0x0000000000000500       0x33 Perpherial/Src/dht11.o
 .ARM.attributes
                0x0000000000000533       0x33 Perpherial/Src/lcd1602.o
 .ARM.attributes
                0x0000000000000566       0x2d d:/stm32cubeide_1.4.0/stm32cubeide/plugins/com.st.stm32cube.ide.mcu.externaltools.gnu-tools-for-stm32.7-2018-q2-update.win32_1.4.0.202007081208/tools/bin/../lib/gcc/arm-none-eabi/7.3.1/../../../../arm-none-eabi/lib/thumb/v7-m\libc_nano.a(lib_a-init.o)
 .ARM.attributes
                0x0000000000000593       0x2d d:/stm32cubeide_1.4.0/stm32cubeide/plugins/com.st.stm32cube.ide.mcu.externaltools.gnu-tools-for-stm32.7-2018-q2-update.win32_1.4.0.202007081208/tools/bin/../lib/gcc/arm-none-eabi/7.3.1/../../../../arm-none-eabi/lib/thumb/v7-m\libc_nano.a(lib_a-memcpy-stub.o)
 .ARM.attributes
                0x00000000000005c0       0x2d d:/stm32cubeide_1.4.0/stm32cubeide/plugins/com.st.stm32cube.ide.mcu.externaltools.gnu-tools-for-stm32.7-2018-q2-update.win32_1.4.0.202007081208/tools/bin/../lib/gcc/arm-none-eabi/7.3.1/../../../../arm-none-eabi/lib/thumb/v7-m\libc_nano.a(lib_a-memset.o)
 .ARM.attributes
                0x00000000000005ed       0x1d d:/stm32cubeide_1.4.0/stm32cubeide/plugins/com.st.stm32cube.ide.mcu.externaltools.gnu-tools-for-stm32.7-2018-q2-update.win32_1.4.0.202007081208/tools/bin/../lib/gcc/arm-none-eabi/7.3.1/thumb/v7-m/crtn.o
OUTPUT(AirDetect_FreeRTOS.elf elf32-littlearm)

.debug_info     0x0000000000000000    0x1fb8f
 .debug_info    0x0000000000000000      0xf18 Core/Src/freertos.o
 .debug_info    0x0000000000000f18     0x1e65 Core/Src/main.o
 .debug_info    0x0000000000002d7d     0x1903 Core/Src/stm32f1xx_hal_msp.o
 .debug_info    0x0000000000004680      0x993 Core/Src/stm32f1xx_hal_timebase_tim.o
 .debug_info    0x0000000000005013     0x14d7 Core/Src/stm32f1xx_it.o
 .debug_info    0x00000000000064ea      0x29a Core/Src/system_stm32f1xx.o
 .debug_info    0x0000000000006784       0x22 Core/Startup/startup_stm32f103c8tx.o
 .debug_info    0x00000000000067a6      0x714 Drivers/STM32F1xx_HAL_Driver/Src/stm32f1xx_hal.o
 .debug_info    0x0000000000006eba      0xb51 Drivers/STM32F1xx_HAL_Driver/Src/stm32f1xx_hal_cortex.o
 .debug_info    0x0000000000007a0b      0x7b1 Drivers/STM32F1xx_HAL_Driver/Src/stm32f1xx_hal_dma.o
 .debug_info    0x00000000000081bc      0x69b Drivers/STM32F1xx_HAL_Driver/Src/stm32f1xx_hal_gpio.o
 .debug_info    0x0000000000008857     0x2555 Drivers/STM32F1xx_HAL_Driver/Src/stm32f1xx_hal_i2c.o
 .debug_info    0x000000000000adac      0x80f Drivers/STM32F1xx_HAL_Driver/Src/stm32f1xx_hal_rcc.o
 .debug_info    0x000000000000b5bb     0x27ef Drivers/STM32F1xx_HAL_Driver/Src/stm32f1xx_hal_tim.o
 .debug_info    0x000000000000ddaa     0x136f Drivers/STM32F1xx_HAL_Driver/Src/stm32f1xx_hal_tim_ex.o
 .debug_info    0x000000000000f119     0x121b Drivers/STM32F1xx_HAL_Driver/Src/stm32f1xx_hal_uart.o
 .debug_info    0x0000000000010334     0x403a Middlewares/Third_Party/FreeRTOS/Source/CMSIS_RTOS_V2/cmsis_os2.o
 .debug_info    0x000000000001436e      0xac5 Middlewares/Third_Party/FreeRTOS/Source/list.o
 .debug_info    0x0000000000014e33     0x22e8 Middlewares/Third_Party/FreeRTOS/Source/queue.o
 .debug_info    0x000000000001711b     0x294f Middlewares/Third_Party/FreeRTOS/Source/tasks.o
 .debug_info    0x0000000000019a6a     0x1a21 Middlewares/Third_Party/FreeRTOS/Source/timers.o
 .debug_info    0x000000000001b48b      0x4d2 Middlewares/Third_Party/FreeRTOS/Source/portable/GCC/ARM_CM3/port.o
 .debug_info    0x000000000001b95d      0xbea Middlewares/Third_Party/FreeRTOS/Source/portable/MemMang/heap_4.o
 .debug_info    0x000000000001c547     0x1310 Perpherial/Src/bmp280.o
 .debug_info    0x000000000001d857     0x1083 Perpherial/Src/dht11.o
 .debug_info    0x000000000001e8da     0x12b5 Perpherial/Src/lcd1602.o

.debug_abbrev   0x0000000000000000     0x388d
 .debug_abbrev  0x0000000000000000      0x197 Core/Src/freertos.o
 .debug_abbrev  0x0000000000000197      0x2a0 Core/Src/main.o
 .debug_abbrev  0x0000000000000437      0x219 Core/Src/stm32f1xx_hal_msp.o
 .debug_abbrev  0x0000000000000650      0x19d Core/Src/stm32f1xx_hal_timebase_tim.o
 .debug_abbrev  0x00000000000007ed      0x1dc Core/Src/stm32f1xx_it.o
 .debug_abbrev  0x00000000000009c9      0x134 Core/Src/system_stm32f1xx.o
 .debug_abbrev  0x0000000000000afd       0x12 Core/Startup/startup_stm32f103c8tx.o
 .debug_abbrev  0x0000000000000b0f      0x1c7 Drivers/STM32F1xx_HAL_Driver/Src/stm32f1xx_hal.o
 .debug_abbrev  0x0000000000000cd6      0x2d5 Drivers/STM32F1xx_HAL_Driver/Src/stm32f1xx_hal_cortex.o
 .debug_abbrev  0x0000000000000fab      0x1fe Drivers/STM32F1xx_HAL_Driver/Src/stm32f1xx_hal_dma.o
 .debug_abbrev  0x00000000000011a9      0x1c0 Drivers/STM32F1xx_HAL_Driver/Src/stm32f1xx_hal_gpio.o
 .debug_abbrev  0x0000000000001369      0x258 Drivers/STM32F1xx_HAL_Driver/Src/stm32f1xx_hal_i2c.o
 .debug_abbrev  0x00000000000015c1      0x243 Drivers/STM32F1xx_HAL_Driver/Src/stm32f1xx_hal_rcc.o
 .debug_abbrev  0x0000000000001804      0x230 Drivers/STM32F1xx_HAL_Driver/Src/stm32f1xx_hal_tim.o
 .debug_abbrev  0x0000000000001a34      0x236 Drivers/STM32F1xx_HAL_Driver/Src/stm32f1xx_hal_tim_ex.o
 .debug_abbrev  0x0000000000001c6a      0x242 Drivers/STM32F1xx_HAL_Driver/Src/stm32f1xx_hal_uart.o
 .debug_abbrev  0x0000000000001eac      0x3a0 Middlewares/Third_Party/FreeRTOS/Source/CMSIS_RTOS_V2/cmsis_os2.o
 .debug_abbrev  0x000000000000224c      0x1cf Middlewares/Third_Party/FreeRTOS/Source/list.o
 .debug_abbrev  0x000000000000241b      0x354 Middlewares/Third_Party/FreeRTOS/Source/queue.o
 .debug_abbrev  0x000000000000276f      0x350 Middlewares/Third_Party/FreeRTOS/Source/tasks.o
 .debug_abbrev  0x0000000000002abf      0x2d7 Middlewares/Third_Party/FreeRTOS/Source/timers.o
 .debug_abbrev  0x0000000000002d96      0x205 Middlewares/Third_Party/FreeRTOS/Source/portable/GCC/ARM_CM3/port.o
 .debug_abbrev  0x0000000000002f9b      0x29e Middlewares/Third_Party/FreeRTOS/Source/portable/MemMang/heap_4.o
 .debug_abbrev  0x0000000000003239      0x232 Perpherial/Src/bmp280.o
 .debug_abbrev  0x000000000000346b      0x21f Perpherial/Src/dht11.o
 .debug_abbrev  0x000000000000368a      0x203 Perpherial/Src/lcd1602.o

.debug_aranges  0x0000000000000000     0x16f0
 .debug_aranges
                0x0000000000000000       0x18 Core/Src/freertos.o
 .debug_aranges
                0x0000000000000018       0x78 Core/Src/main.o
 .debug_aranges
                0x0000000000000090       0x50 Core/Src/stm32f1xx_hal_msp.o
 .debug_aranges
                0x00000000000000e0       0x30 Core/Src/stm32f1xx_hal_timebase_tim.o
 .debug_aranges
                0x0000000000000110       0x60 Core/Src/stm32f1xx_it.o
 .debug_aranges
                0x0000000000000170       0x28 Core/Src/system_stm32f1xx.o
 .debug_aranges
                0x0000000000000198       0x28 Core/Startup/startup_stm32f103c8tx.o
 .debug_aranges
                0x00000000000001c0       0xe0 Drivers/STM32F1xx_HAL_Driver/Src/stm32f1xx_hal.o
 .debug_aranges
                0x00000000000002a0      0x100 Drivers/STM32F1xx_HAL_Driver/Src/stm32f1xx_hal_cortex.o
 .debug_aranges
                0x00000000000003a0       0x80 Drivers/STM32F1xx_HAL_Driver/Src/stm32f1xx_hal_dma.o
 .debug_aranges
                0x0000000000000420       0x58 Drivers/STM32F1xx_HAL_Driver/Src/stm32f1xx_hal_gpio.o
 .debug_aranges
                0x0000000000000478      0x2a0 Drivers/STM32F1xx_HAL_Driver/Src/stm32f1xx_hal_i2c.o
 .debug_aranges
                0x0000000000000718       0x90 Drivers/STM32F1xx_HAL_Driver/Src/stm32f1xx_hal_rcc.o
 .debug_aranges
                0x00000000000007a8      0x3d0 Drivers/STM32F1xx_HAL_Driver/Src/stm32f1xx_hal_tim.o
 .debug_aranges
                0x0000000000000b78      0x168 Drivers/STM32F1xx_HAL_Driver/Src/stm32f1xx_hal_tim_ex.o
 .debug_aranges
                0x0000000000000ce0      0x1d0 Drivers/STM32F1xx_HAL_Driver/Src/stm32f1xx_hal_uart.o
 .debug_aranges
                0x0000000000000eb0      0x228 Middlewares/Third_Party/FreeRTOS/Source/CMSIS_RTOS_V2/cmsis_os2.o
 .debug_aranges
                0x00000000000010d8       0x40 Middlewares/Third_Party/FreeRTOS/Source/list.o
 .debug_aranges
                0x0000000000001118      0x158 Middlewares/Third_Party/FreeRTOS/Source/queue.o
 .debug_aranges
                0x0000000000001270      0x1f8 Middlewares/Third_Party/FreeRTOS/Source/tasks.o
 .debug_aranges
                0x0000000000001468       0xe0 Middlewares/Third_Party/FreeRTOS/Source/timers.o
 .debug_aranges
                0x0000000000001548       0x78 Middlewares/Third_Party/FreeRTOS/Source/portable/GCC/ARM_CM3/port.o
 .debug_aranges
                0x00000000000015c0       0x50 Middlewares/Third_Party/FreeRTOS/Source/portable/MemMang/heap_4.o
 .debug_aranges
                0x0000000000001610       0x58 Perpherial/Src/bmp280.o
 .debug_aranges
                0x0000000000001668       0x30 Perpherial/Src/dht11.o
 .debug_aranges
                0x0000000000001698       0x58 Perpherial/Src/lcd1602.o

.debug_macro    0x0000000000000000    0x1a4a5
 .debug_macro   0x0000000000000000      0x319 Core/Src/freertos.o
 .debug_macro   0x0000000000000319      0xa5a Core/Src/freertos.o
 .debug_macro   0x0000000000000d73      0x174 Core/Src/freertos.o
 .debug_macro   0x0000000000000ee7       0x22 Core/Src/freertos.o
 .debug_macro   0x0000000000000f09       0x8e Core/Src/freertos.o
 .debug_macro   0x0000000000000f97       0x51 Core/Src/freertos.o
 .debug_macro   0x0000000000000fe8       0xef Core/Src/freertos.o
 .debug_macro   0x00000000000010d7       0x6a Core/Src/freertos.o
 .debug_macro   0x0000000000001141      0x1df Core/Src/freertos.o
 .debug_macro   0x0000000000001320      0x122 Core/Src/freertos.o
 .debug_macro   0x0000000000001442      0x15a Core/Src/freertos.o
 .debug_macro   0x000000000000159c       0xc2 Core/Src/freertos.o
 .debug_macro   0x000000000000165e       0x10 Core/Src/freertos.o
 .debug_macro   0x000000000000166e       0x1f Core/Src/freertos.o
 .debug_macro   0x000000000000168d      0x47f Core/Src/freertos.o
 .debug_macro   0x0000000000001b0c       0xb5 Core/Src/freertos.o
 .debug_macro   0x0000000000001bc1       0x8c Core/Src/freertos.o
 .debug_macro   0x0000000000001c4d      0x221 Core/Src/freertos.o
 .debug_macro   0x0000000000001e6e       0x2e Core/Src/freertos.o
 .debug_macro   0x0000000000001e9c       0x22 Core/Src/freertos.o
 .debug_macro   0x0000000000001ebe       0x1c Core/Src/freertos.o
 .debug_macro   0x0000000000001eda       0x22 Core/Src/freertos.o
 .debug_macro   0x0000000000001efc       0xc3 Core/Src/freertos.o
 .debug_macro   0x0000000000001fbf      0xd23 Core/Src/freertos.o
 .debug_macro   0x0000000000002ce2     0xe097 Core/Src/freertos.o
 .debug_macro   0x0000000000010d79       0x43 Core/Src/freertos.o
 .debug_macro   0x0000000000010dbc     0x3468 Core/Src/freertos.o
 .debug_macro   0x0000000000014224       0x5c Core/Src/freertos.o
 .debug_macro   0x0000000000014280      0x5be Core/Src/freertos.o
 .debug_macro   0x000000000001483e      0x289 Core/Src/freertos.o
 .debug_macro   0x0000000000014ac7      0x1cb Core/Src/freertos.o
 .debug_macro   0x0000000000014c92      0x114 Core/Src/freertos.o
 .debug_macro   0x0000000000014da6      0x1b2 Core/Src/freertos.o
 .debug_macro   0x0000000000014f58       0x27 Core/Src/freertos.o
 .debug_macro   0x0000000000014f7f      0x136 Core/Src/freertos.o
 .debug_macro   0x00000000000150b5      0x1bc Core/Src/freertos.o
 .debug_macro   0x0000000000015271       0x34 Core/Src/freertos.o
 .debug_macro   0x00000000000152a5       0x3c Core/Src/freertos.o
 .debug_macro   0x00000000000152e1       0x57 Core/Src/freertos.o
 .debug_macro   0x0000000000015338       0x88 Core/Src/freertos.o
 .debug_macro   0x00000000000153c0      0x241 Core/Src/freertos.o
 .debug_macro   0x0000000000015601      0x287 Core/Src/freertos.o
 .debug_macro   0x0000000000015888      0x141 Core/Src/freertos.o
 .debug_macro   0x00000000000159c9      0x8d1 Core/Src/freertos.o
 .debug_macro   0x000000000001629a      0x26b Core/Src/freertos.o
 .debug_macro   0x0000000000016505       0x83 Core/Src/freertos.o
 .debug_macro   0x0000000000016588       0x16 Core/Src/freertos.o
 .debug_macro   0x000000000001659e       0xe8 Core/Src/freertos.o
 .debug_macro   0x0000000000016686       0x46 Core/Src/freertos.o
 .debug_macro   0x00000000000166cc       0x18 Core/Src/freertos.o
 .debug_macro   0x00000000000166e4       0x3c Core/Src/freertos.o
 .debug_macro   0x0000000000016720       0x34 Core/Src/freertos.o
 .debug_macro   0x0000000000016754       0x52 Core/Src/freertos.o
 .debug_macro   0x00000000000167a6       0x1f Core/Src/freertos.o
 .debug_macro   0x00000000000167c5       0x43 Core/Src/freertos.o
 .debug_macro   0x0000000000016808       0x20 Core/Src/freertos.o
 .debug_macro   0x0000000000016828      0x1a3 Core/Src/freertos.o
 .debug_macro   0x00000000000169cb      0x32a Core/Src/freertos.o
 .debug_macro   0x0000000000016cf5       0x10 Core/Src/freertos.o
 .debug_macro   0x0000000000016d05       0x35 Core/Src/freertos.o
 .debug_macro   0x0000000000016d3a       0x20 Core/Src/freertos.o
 .debug_macro   0x0000000000016d5a       0x94 Core/Src/freertos.o
 .debug_macro   0x0000000000016dee      0x324 Core/Src/main.o
 .debug_macro   0x0000000000017112       0x5b Core/Src/main.o
 .debug_macro   0x000000000001716d       0x74 Core/Src/main.o
 .debug_macro   0x00000000000171e1      0x122 Core/Src/main.o
 .debug_macro   0x0000000000017303       0xdd Core/Src/main.o
 .debug_macro   0x00000000000173e0      0x2b1 Core/Src/stm32f1xx_hal_msp.o
 .debug_macro   0x0000000000017691      0x1ad Core/Src/stm32f1xx_hal_timebase_tim.o
 .debug_macro   0x000000000001783e      0x2bb Core/Src/stm32f1xx_it.o
 .debug_macro   0x0000000000017af9      0x1ad Core/Src/system_stm32f1xx.o
 .debug_macro   0x0000000000017ca6      0x1d1 Drivers/STM32F1xx_HAL_Driver/Src/stm32f1xx_hal.o
 .debug_macro   0x0000000000017e77      0x1ad Drivers/STM32F1xx_HAL_Driver/Src/stm32f1xx_hal_cortex.o
 .debug_macro   0x0000000000018024      0x1ad Drivers/STM32F1xx_HAL_Driver/Src/stm32f1xx_hal_dma.o
 .debug_macro   0x00000000000181d1      0x218 Drivers/STM32F1xx_HAL_Driver/Src/stm32f1xx_hal_gpio.o
 .debug_macro   0x00000000000183e9      0x1f4 Drivers/STM32F1xx_HAL_Driver/Src/stm32f1xx_hal_i2c.o
 .debug_macro   0x00000000000185dd      0x1bf Drivers/STM32F1xx_HAL_Driver/Src/stm32f1xx_hal_rcc.o
 .debug_macro   0x000000000001879c      0x1ae Drivers/STM32F1xx_HAL_Driver/Src/stm32f1xx_hal_tim.o
 .debug_macro   0x000000000001894a      0x1ad Drivers/STM32F1xx_HAL_Driver/Src/stm32f1xx_hal_tim_ex.o
 .debug_macro   0x0000000000018af7      0x1ae Drivers/STM32F1xx_HAL_Driver/Src/stm32f1xx_hal_uart.o
 .debug_macro   0x0000000000018ca5      0x23a Middlewares/Third_Party/FreeRTOS/Source/CMSIS_RTOS_V2/cmsis_os2.o
 .debug_macro   0x0000000000018edf       0x10 Middlewares/Third_Party/FreeRTOS/Source/CMSIS_RTOS_V2/cmsis_os2.o
 .debug_macro   0x0000000000018eef       0xb7 Middlewares/Third_Party/FreeRTOS/Source/CMSIS_RTOS_V2/cmsis_os2.o
 .debug_macro   0x0000000000018fa6       0x91 Middlewares/Third_Party/FreeRTOS/Source/CMSIS_RTOS_V2/cmsis_os2.o
 .debug_macro   0x0000000000019037       0x8d Middlewares/Third_Party/FreeRTOS/Source/CMSIS_RTOS_V2/cmsis_os2.o
 .debug_macro   0x00000000000190c4       0x9a Middlewares/Third_Party/FreeRTOS/Source/CMSIS_RTOS_V2/cmsis_os2.o
 .debug_macro   0x000000000001915e      0x17a Middlewares/Third_Party/FreeRTOS/Source/list.o
 .debug_macro   0x00000000000192d8      0x205 Middlewares/Third_Party/FreeRTOS/Source/queue.o
 .debug_macro   0x00000000000194dd       0x16 Middlewares/Third_Party/FreeRTOS/Source/queue.o
 .debug_macro   0x00000000000194f3      0x27a Middlewares/Third_Party/FreeRTOS/Source/tasks.o
 .debug_macro   0x000000000001976d       0x10 Middlewares/Third_Party/FreeRTOS/Source/tasks.o
 .debug_macro   0x000000000001977d      0x1bd Middlewares/Third_Party/FreeRTOS/Source/timers.o
 .debug_macro   0x000000000001993a      0x172 Middlewares/Third_Party/FreeRTOS/Source/portable/GCC/ARM_CM3/port.o
 .debug_macro   0x0000000000019aac      0x1a1 Middlewares/Third_Party/FreeRTOS/Source/portable/MemMang/heap_4.o
 .debug_macro   0x0000000000019c4d      0x2bb Perpherial/Src/bmp280.o
 .debug_macro   0x0000000000019f08      0x2b7 Perpherial/Src/dht11.o
 .debug_macro   0x000000000001a1bf      0x2c4 Perpherial/Src/lcd1602.o
 .debug_macro   0x000000000001a483       0x22 Perpherial/Src/lcd1602.o

.debug_line     0x0000000000000000    0x13bb2
 .debug_line    0x0000000000000000      0x922 Core/Src/freertos.o
 .debug_line    0x0000000000000922      0xb16 Core/Src/main.o
 .debug_line    0x0000000000001438      0x8c8 Core/Src/stm32f1xx_hal_msp.o
 .debug_line    0x0000000000001d00      0x6b6 Core/Src/stm32f1xx_hal_timebase_tim.o
 .debug_line    0x00000000000023b6      0x8e2 Core/Src/stm32f1xx_it.o
 .debug_line    0x0000000000002c98      0x6aa Core/Src/system_stm32f1xx.o
 .debug_line    0x0000000000003342       0x84 Core/Startup/startup_stm32f103c8tx.o
 .debug_line    0x00000000000033c6      0x85d Drivers/STM32F1xx_HAL_Driver/Src/stm32f1xx_hal.o
 .debug_line    0x0000000000003c23      0x934 Drivers/STM32F1xx_HAL_Driver/Src/stm32f1xx_hal_cortex.o
 .debug_line    0x0000000000004557      0xac2 Drivers/STM32F1xx_HAL_Driver/Src/stm32f1xx_hal_dma.o
 .debug_line    0x0000000000005019      0x859 Drivers/STM32F1xx_HAL_Driver/Src/stm32f1xx_hal_gpio.o
 .debug_line    0x0000000000005872     0x1c03 Drivers/STM32F1xx_HAL_Driver/Src/stm32f1xx_hal_i2c.o
 .debug_line    0x0000000000007475      0x91d Drivers/STM32F1xx_HAL_Driver/Src/stm32f1xx_hal_rcc.o
 .debug_line    0x0000000000007d92     0x1fb6 Drivers/STM32F1xx_HAL_Driver/Src/stm32f1xx_hal_tim.o
 .debug_line    0x0000000000009d48     0x12c4 Drivers/STM32F1xx_HAL_Driver/Src/stm32f1xx_hal_tim_ex.o
 .debug_line    0x000000000000b00c      0xf9b Drivers/STM32F1xx_HAL_Driver/Src/stm32f1xx_hal_uart.o
 .debug_line    0x000000000000bfa7     0x1e17 Middlewares/Third_Party/FreeRTOS/Source/CMSIS_RTOS_V2/cmsis_os2.o
 .debug_line    0x000000000000ddbe      0x65c Middlewares/Third_Party/FreeRTOS/Source/list.o
 .debug_line    0x000000000000e41a     0x10e7 Middlewares/Third_Party/FreeRTOS/Source/queue.o
 .debug_line    0x000000000000f501     0x1433 Middlewares/Third_Party/FreeRTOS/Source/tasks.o
 .debug_line    0x0000000000010934      0xa13 Middlewares/Third_Party/FreeRTOS/Source/timers.o
 .debug_line    0x0000000000011347      0x651 Middlewares/Third_Party/FreeRTOS/Source/portable/GCC/ARM_CM3/port.o
 .debug_line    0x0000000000011998      0x742 Middlewares/Third_Party/FreeRTOS/Source/portable/MemMang/heap_4.o
 .debug_line    0x00000000000120da      0x918 Perpherial/Src/bmp280.o
 .debug_line    0x00000000000129f2      0x8c0 Perpherial/Src/dht11.o
 .debug_line    0x00000000000132b2      0x900 Perpherial/Src/lcd1602.o

.debug_str      0x0000000000000000    0x95de6
 .debug_str     0x0000000000000000    0x8b648 Core/Src/freertos.o
                                      0x8baa6 (size before relaxing)
 .debug_str     0x000000000008b648     0x1ac9 Core/Src/main.o
                                      0x8c8c7 (size before relaxing)
 .debug_str     0x000000000008d111      0x345 Core/Src/stm32f1xx_hal_msp.o
                                      0x88a63 (size before relaxing)
 .debug_str     0x000000000008d456       0xaa Core/Src/stm32f1xx_hal_timebase_tim.o
                                      0x84fee (size before relaxing)
 .debug_str     0x000000000008d500       0xb4 Core/Src/stm32f1xx_it.o
                                      0x886fe (size before relaxing)
 .debug_str     0x000000000008d5b4       0x52 Core/Src/system_stm32f1xx.o
                                      0x84790 (size before relaxing)
 .debug_str     0x000000000008d606       0x36 Core/Startup/startup_stm32f103c8tx.o
                                         0x59 (size before relaxing)
 .debug_str     0x000000000008d63c      0x2b9 Drivers/STM32F1xx_HAL_Driver/Src/stm32f1xx_hal.o
                                      0x84e21 (size before relaxing)
 .debug_str     0x000000000008d8f5      0x2f7 Drivers/STM32F1xx_HAL_Driver/Src/stm32f1xx_hal_cortex.o
                                      0x84e29 (size before relaxing)
 .debug_str     0x000000000008dbec      0x230 Drivers/STM32F1xx_HAL_Driver/Src/stm32f1xx_hal_dma.o
                                      0x84b6b (size before relaxing)
 .debug_str     0x000000000008de1c      0x31f Drivers/STM32F1xx_HAL_Driver/Src/stm32f1xx_hal_gpio.o
                                      0x84b54 (size before relaxing)
 .debug_str     0x000000000008e13b      0xb48 Drivers/STM32F1xx_HAL_Driver/Src/stm32f1xx_hal_i2c.o
                                      0x857cc (size before relaxing)
 .debug_str     0x000000000008ec83      0x23a Drivers/STM32F1xx_HAL_Driver/Src/stm32f1xx_hal_rcc.o
                                      0x84b8d (size before relaxing)
 .debug_str     0x000000000008eebd      0xdbd Drivers/STM32F1xx_HAL_Driver/Src/stm32f1xx_hal_tim.o
                                      0x85b5f (size before relaxing)
 .debug_str     0x000000000008fc7a      0x517 Drivers/STM32F1xx_HAL_Driver/Src/stm32f1xx_hal_tim_ex.o
                                      0x85339 (size before relaxing)
 .debug_str     0x0000000000090191      0x51e Drivers/STM32F1xx_HAL_Driver/Src/stm32f1xx_hal_uart.o
                                      0x85093 (size before relaxing)
 .debug_str     0x00000000000906af     0x27f2 Middlewares/Third_Party/FreeRTOS/Source/CMSIS_RTOS_V2/cmsis_os2.o
                                       0xdd58 (size before relaxing)
 .debug_str     0x0000000000092ea1      0x225 Middlewares/Third_Party/FreeRTOS/Source/list.o
                                       0xa3b5 (size before relaxing)
 .debug_str     0x00000000000930c6      0x8fd Middlewares/Third_Party/FreeRTOS/Source/queue.o
                                       0xbbdb (size before relaxing)
 .debug_str     0x00000000000939c3     0x12f3 Middlewares/Third_Party/FreeRTOS/Source/tasks.o
                                       0xc7f1 (size before relaxing)
 .debug_str     0x0000000000094cb6      0x586 Middlewares/Third_Party/FreeRTOS/Source/timers.o
                                       0xc0fd (size before relaxing)
 .debug_str     0x000000000009523c      0x6ee Middlewares/Third_Party/FreeRTOS/Source/portable/GCC/ARM_CM3/port.o
                                       0x7f99 (size before relaxing)
 .debug_str     0x000000000009592a      0x251 Middlewares/Third_Party/FreeRTOS/Source/portable/MemMang/heap_4.o
                                       0xaad8 (size before relaxing)
 .debug_str     0x0000000000095b7b      0x129 Perpherial/Src/bmp280.o
                                      0x88534 (size before relaxing)
 .debug_str     0x0000000000095ca4       0x5c Perpherial/Src/dht11.o
                                      0x88250 (size before relaxing)
 .debug_str     0x0000000000095d00       0xe6 Perpherial/Src/lcd1602.o
                                      0x88473 (size before relaxing)

.comment        0x0000000000000000       0x7b
 .comment       0x0000000000000000       0x7b Core/Src/freertos.o
                                         0x7c (size before relaxing)
 .comment       0x000000000000007b       0x7c Core/Src/main.o
 .comment       0x000000000000007b       0x7c Core/Src/stm32f1xx_hal_msp.o
 .comment       0x000000000000007b       0x7c Core/Src/stm32f1xx_hal_timebase_tim.o
 .comment       0x000000000000007b       0x7c Core/Src/stm32f1xx_it.o
 .comment       0x000000000000007b       0x7c Core/Src/system_stm32f1xx.o
 .comment       0x000000000000007b       0x7c Drivers/STM32F1xx_HAL_Driver/Src/stm32f1xx_hal.o
 .comment       0x000000000000007b       0x7c Drivers/STM32F1xx_HAL_Driver/Src/stm32f1xx_hal_cortex.o
 .comment       0x000000000000007b       0x7c Drivers/STM32F1xx_HAL_Driver/Src/stm32f1xx_hal_dma.o
 .comment       0x000000000000007b       0x7c Drivers/STM32F1xx_HAL_Driver/Src/stm32f1xx_hal_gpio.o
 .comment       0x000000000000007b       0x7c Drivers/STM32F1xx_HAL_Driver/Src/stm32f1xx_hal_i2c.o
 .comment       0x000000000000007b       0x7c Drivers/STM32F1xx_HAL_Driver/Src/stm32f1xx_hal_rcc.o
 .comment       0x000000000000007b       0x7c Drivers/STM32F1xx_HAL_Driver/Src/stm32f1xx_hal_tim.o
 .comment       0x000000000000007b       0x7c Drivers/STM32F1xx_HAL_Driver/Src/stm32f1xx_hal_tim_ex.o
 .comment       0x000000000000007b       0x7c Drivers/STM32F1xx_HAL_Driver/Src/stm32f1xx_hal_uart.o
 .comment       0x000000000000007b       0x7c Middlewares/Third_Party/FreeRTOS/Source/CMSIS_RTOS_V2/cmsis_os2.o
 .comment       0x000000000000007b       0x7c Middlewares/Third_Party/FreeRTOS/Source/list.o
 .comment       0x000000000000007b       0x7c Middlewares/Third_Party/FreeRTOS/Source/queue.o
 .comment       0x000000000000007b       0x7c Middlewares/Third_Party/FreeRTOS/Source/tasks.o
 .comment       0x000000000000007b       0x7c Middlewares/Third_Party/FreeRTOS/Source/timers.o
 .comment       0x000000000000007b       0x7c Middlewares/Third_Party/FreeRTOS/Source/portable/GCC/ARM_CM3/port.o
 .comment       0x000000000000007b       0x7c Middlewares/Third_Party/FreeRTOS/Source/portable/MemMang/heap_4.o
 .comment       0x000000000000007b       0x7c Perpherial/Src/bmp280.o
 .comment       0x000000000000007b       0x7c Perpherial/Src/dht11.o
 .comment       0x000000000000007b       0x7c Perpherial/Src/lcd1602.o

.debug_ranges   0x0000000000000000     0x1578
 .debug_ranges  0x0000000000000000       0x68 Core/Src/main.o
 .debug_ranges  0x0000000000000068       0x40 Core/Src/stm32f1xx_hal_msp.o
 .debug_ranges  0x00000000000000a8       0x20 Core/Src/stm32f1xx_hal_timebase_tim.o
 .debug_ranges  0x00000000000000c8       0x50 Core/Src/stm32f1xx_it.o
 .debug_ranges  0x0000000000000118       0x18 Core/Src/system_stm32f1xx.o
 .debug_ranges  0x0000000000000130       0x20 Core/Startup/startup_stm32f103c8tx.o
 .debug_ranges  0x0000000000000150       0xd0 Drivers/STM32F1xx_HAL_Driver/Src/stm32f1xx_hal.o
 .debug_ranges  0x0000000000000220       0xf0 Drivers/STM32F1xx_HAL_Driver/Src/stm32f1xx_hal_cortex.o
 .debug_ranges  0x0000000000000310       0x70 Drivers/STM32F1xx_HAL_Driver/Src/stm32f1xx_hal_dma.o
 .debug_ranges  0x0000000000000380       0x48 Drivers/STM32F1xx_HAL_Driver/Src/stm32f1xx_hal_gpio.o
 .debug_ranges  0x00000000000003c8      0x2b8 Drivers/STM32F1xx_HAL_Driver/Src/stm32f1xx_hal_i2c.o
 .debug_ranges  0x0000000000000680       0x80 Drivers/STM32F1xx_HAL_Driver/Src/stm32f1xx_hal_rcc.o
 .debug_ranges  0x0000000000000700      0x3c0 Drivers/STM32F1xx_HAL_Driver/Src/stm32f1xx_hal_tim.o
 .debug_ranges  0x0000000000000ac0      0x158 Drivers/STM32F1xx_HAL_Driver/Src/stm32f1xx_hal_tim_ex.o
 .debug_ranges  0x0000000000000c18      0x1c0 Drivers/STM32F1xx_HAL_Driver/Src/stm32f1xx_hal_uart.o
 .debug_ranges  0x0000000000000dd8      0x218 Middlewares/Third_Party/FreeRTOS/Source/CMSIS_RTOS_V2/cmsis_os2.o
 .debug_ranges  0x0000000000000ff0       0x30 Middlewares/Third_Party/FreeRTOS/Source/list.o
 .debug_ranges  0x0000000000001020      0x148 Middlewares/Third_Party/FreeRTOS/Source/queue.o
 .debug_ranges  0x0000000000001168      0x1e8 Middlewares/Third_Party/FreeRTOS/Source/tasks.o
 .debug_ranges  0x0000000000001350       0xd0 Middlewares/Third_Party/FreeRTOS/Source/timers.o
 .debug_ranges  0x0000000000001420       0x68 Middlewares/Third_Party/FreeRTOS/Source/portable/GCC/ARM_CM3/port.o
 .debug_ranges  0x0000000000001488       0x40 Middlewares/Third_Party/FreeRTOS/Source/portable/MemMang/heap_4.o
 .debug_ranges  0x00000000000014c8       0x48 Perpherial/Src/bmp280.o
 .debug_ranges  0x0000000000001510       0x20 Perpherial/Src/dht11.o
 .debug_ranges  0x0000000000001530       0x48 Perpherial/Src/lcd1602.o

.debug_frame    0x0000000000000000     0x6068
 .debug_frame   0x0000000000000000      0x198 Core/Src/main.o
 .debug_frame   0x0000000000000198      0x110 Core/Src/stm32f1xx_hal_msp.o
 .debug_frame   0x00000000000002a8       0x74 Core/Src/stm32f1xx_hal_timebase_tim.o
 .debug_frame   0x000000000000031c      0x104 Core/Src/stm32f1xx_it.o
 .debug_frame   0x0000000000000420       0x58 Core/Src/system_stm32f1xx.o
 .debug_frame   0x0000000000000478      0x334 Drivers/STM32F1xx_HAL_Driver/Src/stm32f1xx_hal.o
 .debug_frame   0x00000000000007ac      0x428 Drivers/STM32F1xx_HAL_Driver/Src/stm32f1xx_hal_cortex.o
 .debug_frame   0x0000000000000bd4      0x208 Drivers/STM32F1xx_HAL_Driver/Src/stm32f1xx_hal_dma.o
 .debug_frame   0x0000000000000ddc      0x14c Drivers/STM32F1xx_HAL_Driver/Src/stm32f1xx_hal_gpio.o
 .debug_frame   0x0000000000000f28      0xc54 Drivers/STM32F1xx_HAL_Driver/Src/stm32f1xx_hal_i2c.o
 .debug_frame   0x0000000000001b7c      0x21c Drivers/STM32F1xx_HAL_Driver/Src/stm32f1xx_hal_rcc.o
 .debug_frame   0x0000000000001d98     0x11b8 Drivers/STM32F1xx_HAL_Driver/Src/stm32f1xx_hal_tim.o
 .debug_frame   0x0000000000002f50      0x638 Drivers/STM32F1xx_HAL_Driver/Src/stm32f1xx_hal_tim_ex.o
 .debug_frame   0x0000000000003588      0x834 Drivers/STM32F1xx_HAL_Driver/Src/stm32f1xx_hal_uart.o
 .debug_frame   0x0000000000003dbc      0x980 Middlewares/Third_Party/FreeRTOS/Source/CMSIS_RTOS_V2/cmsis_os2.o
 .debug_frame   0x000000000000473c       0xd8 Middlewares/Third_Party/FreeRTOS/Source/list.o
 .debug_frame   0x0000000000004814      0x5ec Middlewares/Third_Party/FreeRTOS/Source/queue.o
 .debug_frame   0x0000000000004e00      0x8a8 Middlewares/Third_Party/FreeRTOS/Source/tasks.o
 .debug_frame   0x00000000000056a8      0x3b4 Middlewares/Third_Party/FreeRTOS/Source/timers.o
 .debug_frame   0x0000000000005a5c      0x198 Middlewares/Third_Party/FreeRTOS/Source/portable/GCC/ARM_CM3/port.o
 .debug_frame   0x0000000000005bf4      0x108 Middlewares/Third_Party/FreeRTOS/Source/portable/MemMang/heap_4.o
 .debug_frame   0x0000000000005cfc      0x150 Perpherial/Src/bmp280.o
 .debug_frame   0x0000000000005e4c       0x80 Perpherial/Src/dht11.o
 .debug_frame   0x0000000000005ecc      0x128 Perpherial/Src/lcd1602.o
 .debug_frame   0x0000000000005ff4       0x2c d:/stm32cubeide_1.4.0/stm32cubeide/plugins/com.st.stm32cube.ide.mcu.externaltools.gnu-tools-for-stm32.7-2018-q2-update.win32_1.4.0.202007081208/tools/bin/../lib/gcc/arm-none-eabi/7.3.1/../../../../arm-none-eabi/lib/thumb/v7-m\libc_nano.a(lib_a-init.o)
 .debug_frame   0x0000000000006020       0x28 d:/stm32cubeide_1.4.0/stm32cubeide/plugins/com.st.stm32cube.ide.mcu.externaltools.gnu-tools-for-stm32.7-2018-q2-update.win32_1.4.0.202007081208/tools/bin/../lib/gcc/arm-none-eabi/7.3.1/../../../../arm-none-eabi/lib/thumb/v7-m\libc_nano.a(lib_a-memcpy-stub.o)
 .debug_frame   0x0000000000006048       0x20 d:/stm32cubeide_1.4.0/stm32cubeide/plugins/com.st.stm32cube.ide.mcu.externaltools.gnu-tools-for-stm32.7-2018-q2-update.win32_1.4.0.202007081208/tools/bin/../lib/gcc/arm-none-eabi/7.3.1/../../../../arm-none-eabi/lib/thumb/v7-m\libc_nano.a(lib_a-memset.o)